-----------------------------------------------------------------------------
--                             This is ASPECT                              --
-- The Advanced Solver for Planetary Evolution, Convection, and Tectonics. --
-----------------------------------------------------------------------------
--     . version 3.1.0-pre (pf-rsf-refactor, 1a3b57eda)
--     . using deal.II 9.6.2 (dealii-9.6, 6890ca740b)
--     .       with 32 bit indices
--     .       with vectorization level 2 (AVX, 4 doubles, 256 bits)
--     . using Trilinos 14.2.0
--     . using p4est 2.8.7
--     . using Geodynamic World Builder 1.0.0
--     . running in OPTIMIZED mode
--     . running with 2 MPI processes
-----------------------------------------------------------------------------

Loading shared library </home/ein/repository/aspect-pf-rsf-refactor/benchmarks/reconstructed_fault/bp3_birth_completion/build/transport/libbp3_birth_transport.release.so>

BP3 straight geometry v1 box -1000 0 2000 1000 anchors -288.67513459481296 1000 0.59999999999999998 288.67513459481296 0 0.59999999999999998 thrust -1 weakening 15000 width 3000 local 1
BP3 dip=60, length=1154.7, tangent=0.5 -0.866025, normal=0.866025 0.5
-----------------------------------------------------------------------------
-- For information on how to cite ASPECT, see:
--   https://aspect.geodynamics.org/citing.html?ver=3.1.0-pre&particles=1&sha=1a3b57eda&src=code
-----------------------------------------------------------------------------
Number of active cells: 12,656 (on 8 levels)
Number of degrees of freedom: 613,291 (106,614+13,457+53,307+53,307+53,307+53,307+53,307+53,307+53,307+53,307+53,307+13,457)

*** Timestep 0:  t=0 seconds, dt=0 seconds
   Reconstruction initial faults... done.

   Advecting particles...  done.

   Postprocessing:
BP3 mesh geometry: cells=12656, support cells=6386, h range=3.90625:125, area=2e+06
     Curved transport:             native stored/shadow Q2 sampled
     Number of advected particles: 202496
     Birth identity audit          passed

*** Timestep 1:  t=0.4 seconds, dt=0.4 seconds
   Advecting particles...  done.

   Postprocessing:
     Curved transport:             native stored/shadow Q2 sampled
     Number of advected particles: 202496
     Birth identity audit          passed

*** Timestep 2:  t=0.8 seconds, dt=0.4 seconds
   Advecting particles...  done.

   Postprocessing:
     Curved transport:             native stored/shadow Q2 sampled
     Number of advected particles: 202496
     Birth identity audit          passed

*** Snapshot /home/ein/repository/aspect-pf-rsf-refactor/benchmarks/reconstructed_fault/bp3_birth_completion/output-transport-A/restart/01/ created!

*** Timestep 3:  t=1.2 seconds, dt=0.4 seconds
   Advecting particles...  done.

   Postprocessing:
     Curved transport:             native stored/shadow Q2 sampled
     Number of advected particles: 201443
     Birth identity audit          passed

*** Timestep 4:  t=1.6 seconds, dt=0.4 seconds
   Advecting particles...  done.

   Postprocessing:
     Curved transport:             native stored/shadow Q2 sampled
     Number of advected particles: 201304
     Birth identity audit          passed

Termination requested by criterion: end time


+----------------------------------------------+------------+------------+
| Total wallclock time elapsed since start     |      18.9s |            |
|                                              |            |            |
| Section                          | no. calls |  wall time | % of total |
+----------------------------------+-----------+------------+------------+
| Create snapshot                  |         1 |     0.787s |       4.2% |
| Initialization                   |         1 |     0.226s |       1.2% |
| Interpolate Stokes solution      |         5 |     0.434s |       2.3% |
| Particles: Advect                |        10 |     0.195s |         1% |
| Particles: Copy                  |         5 |    0.0264s |      0.14% |
| Particles: Exchange ghosts       |         6 |    0.0123s |         0% |
| Particles: Generate              |         1 |    0.0141s |         0% |
| Particles: Initialization        |         1 |  0.000987s |         0% |
| Particles: Initialize properties |         1 |    0.0606s |      0.32% |
| Particles: Interpolate           |         5 |     0.431s |       2.3% |
| Particles: Sort                  |        10 |    0.0666s |      0.35% |
| Particles: Update properties     |         5 |     0.102s |      0.54% |
| Postprocessing                   |         5 |      3.52s |        19% |
| Setup dof systems                |         1 |      0.43s |       2.3% |
| Setup initial conditions         |         1 |      4.45s |        23% |
| Setup matrices                   |         1 |     0.366s |       1.9% |
+----------------------------------+-----------+------------+------------+

-- Total wallclock time elapsed including restarts: 19s
-----------------------------------------------------------------------------
-- For information on how to cite ASPECT, see:
--   https://aspect.geodynamics.org/citing.html?ver=3.1.0-pre&particles=1&sha=1a3b57eda&src=code
-----------------------------------------------------------------------------
