-----------------------------------------------------------------------------
--                             This is ASPECT                              --
-- The Advanced Solver for Planetary Evolution, Convection, and Tectonics. --
-----------------------------------------------------------------------------
--     . version 3.1.0-pre (pf-rsf-refactor, 1a3b57eda)
--     . using deal.II 9.6.2 (dealii-9.6, 6890ca740b)
--     .       with 32 bit indices
--     .       with vectorization level 2 (AVX, 4 doubles, 256 bits)
--     . using Trilinos 14.2.0
--     . using p4est 2.8.7
--     . using Geodynamic World Builder 1.0.0
--     . running in OPTIMIZED mode
--     . running with 1 MPI process
-----------------------------------------------------------------------------

Loading shared library </home/ein/repository/aspect-pf-rsf-refactor/benchmarks/reconstructed_fault/bp3_birth_completion/build/transport/libbp3_birth_transport.release.so>


-----------------------------------------------------------------------------
The output directory </home/ein/repository/aspect-pf-rsf-refactor/benchmarks/reconstructed_fault/bp3_birth_completion/output-transport-control-1/> provided in the input file appears not to exist.
ASPECT will create it for you.
-----------------------------------------------------------------------------


BP3 straight geometry v1 box -1000 0 2000 1000 anchors -288.67513459481296 1000 0.59999999999999998 288.67513459481296 0 0.59999999999999998 thrust -1 weakening 15000 width 3000 local 1
BP3 dip=60, length=1154.7, tangent=0.5 -0.866025, normal=0.866025 0.5
-----------------------------------------------------------------------------
-- For information on how to cite ASPECT, see:
--   https://aspect.geodynamics.org/citing.html?ver=3.1.0-pre&particles=1&sha=1a3b57eda&src=code
-----------------------------------------------------------------------------
Number of active cells: 12,656 (on 8 levels)
Number of degrees of freedom: 613,291 (106,614+13,457+53,307+53,307+53,307+53,307+53,307+53,307+53,307+53,307+53,307+13,457)

*** Timestep 0:  t=0 seconds, dt=0 seconds
   Reconstruction initial faults... done.

   Advecting particles...  done.

   Postprocessing:
BP3 mesh geometry: cells=12656, support cells=6386, h range=3.90625:125, area=2e+06
     Curved transport:             native stored/shadow Q2 sampled
     Number of advected particles: 202496
     Birth identity audit          disabled control

*** Timestep 1:  t=0.4 seconds, dt=0.4 seconds
   Advecting particles...  done.

   Postprocessing:
     Curved transport:             native stored/shadow Q2 sampled
     Number of advected particles: 202496
     Birth identity audit          disabled control

*** Timestep 2:  t=0.8 seconds, dt=0.4 seconds
   Advecting particles...  done.

   Postprocessing:
     Curved transport:             native stored/shadow Q2 sampled
     Number of advected particles: 202496
     Birth identity audit          disabled control

*** Snapshot /home/ein/repository/aspect-pf-rsf-refactor/benchmarks/reconstructed_fault/bp3_birth_completion/output-transport-control-1/restart/01/ created!

*** Timestep 3:  t=1.2 seconds, dt=0.4 seconds
   Advecting particles...  done.

   Postprocessing:
     Curved transport:             native stored/shadow Q2 sampled
     Number of advected particles: 201443
     Birth identity audit          disabled control

*** Timestep 4:  t=1.6 seconds, dt=0.4 seconds
   Advecting particles...  done.

   Postprocessing:
     Curved transport:             native stored/shadow Q2 sampled
     Number of advected particles: 201304
     Birth identity audit          disabled control

Termination requested by criterion: end time


+----------------------------------------------+------------+------------+
| Total wallclock time elapsed since start     |      22.5s |            |
|                                              |            |            |
| Section                          | no. calls |  wall time | % of total |
+----------------------------------+-----------+------------+------------+
| Create snapshot                  |         1 |     0.113s |       0.5% |
| Initialization                   |         1 |    0.0967s |      0.43% |
| Interpolate Stokes solution      |         5 |     0.503s |       2.2% |
| Particles: Advect                |        10 |     0.258s |       1.1% |
| Particles: Copy                  |         5 |    0.0317s |      0.14% |
| Particles: Generate              |         1 |   0.00932s |         0% |
| Particles: Initialization        |         1 |  0.000106s |         0% |
| Particles: Initialize properties |         1 |    0.0575s |      0.26% |
| Particles: Interpolate           |         5 |     0.696s |       3.1% |
| Particles: Sort                  |        10 |    0.0803s |      0.36% |
| Particles: Update properties     |         5 |     0.148s |      0.66% |
| Postprocessing                   |         5 |      2.73s |        12% |
| Setup dof systems                |         1 |     0.151s |      0.67% |
| Setup initial conditions         |         1 |      3.98s |        18% |
| Setup matrices                   |         1 |     0.375s |       1.7% |
+----------------------------------+-----------+------------+------------+

-- Total wallclock time elapsed including restarts: 23s
-----------------------------------------------------------------------------
-- For information on how to cite ASPECT, see:
--   https://aspect.geodynamics.org/citing.html?ver=3.1.0-pre&particles=1&sha=1a3b57eda&src=code
-----------------------------------------------------------------------------
