[  8%] Building CXX object CMakeFiles/bp3_restore_150x50.dir/profile.cc.o
[ 16%] Building CXX object CMakeFiles/bp3_restore_150x50.dir/configuration.cc.o
[ 33%] Building CXX object CMakeFiles/bp3_restore_150x50.dir/bp3.cc.o
[ 33%] Building CXX object CMakeFiles/bp3_restore_150x50.dir/geometry.cc.o
In file included from /opt/dealii/9.6-local/include/deal.II/base/array_view.h:20,
                 from /opt/dealii/9.6-local/include/deal.II/base/mpi.h:20,
                 from /home/ein/repository/aspect-pf-rsf-refactor/include/aspect/global.h:28,
                 from /home/ein/repository/aspect-pf-rsf-refactor/include/aspect/simulator_access.h:25,
                 from /home/ein/repository/aspect-pf-rsf-refactor/benchmarks/reconstructed_fault/bp3/plugin/runtime.h:4,
                 from /home/ein/repository/aspect-pf-rsf-refactor/benchmarks/reconstructed_fault/bp3/plugin/bp3.cc:1:
/home/ein/repository/aspect-pf-rsf-refactor/benchmarks/reconstructed_fault/bp3/plugin/bp3.cc: In function ‘void aspect::BP3Benchmark::initialize_mature_prestress(const aspect::SimulatorAccess<dim>&, aspect::MaterialModel::PhaseFieldFault<dim>&)’:
/home/ein/repository/aspect-pf-rsf-refactor/benchmarks/reconstructed_fault/bp3/plugin/bp3.cc:40:19: error: ‘mature_prestress_file’ was not declared in this scope
   40 |       AssertThrow(mature_prestress_file.empty(),
      |                   ^~~~~~~~~~~~~~~~~~~~~
[ 41%] Building CXX object CMakeFiles/bp3_restore_150x50.dir/mesh.cc.o
[ 50%] Building CXX object CMakeFiles/bp3_restore_150x50.dir/monitor.cc.o
[ 58%] Building CXX object CMakeFiles/bp3_restore_150x50.dir/output.cc.o
make[2]: *** [CMakeFiles/bp3_restore_150x50.dir/build.make:79: CMakeFiles/bp3_restore_150x50.dir/bp3.cc.o] Error 1
make[2]: *** Waiting for unfinished jobs....
make[1]: *** [CMakeFiles/Makefile2:87: CMakeFiles/bp3_restore_150x50.dir/all] Error 2
make: *** [Makefile:136: all] Error 2
