-----------------------------------------------------------------------------
--                             This is ASPECT                              --
-- The Advanced Solver for Planetary Evolution, Convection, and Tectonics. --
-----------------------------------------------------------------------------
--     . version 3.1.0-pre (pf-rsf-refactor, 1a3b57eda)
--     . using deal.II 9.6.2 (dealii-9.6, 6890ca740b)
--     .       with 32 bit indices
--     .       with vectorization level 2 (AVX, 4 doubles, 256 bits)
--     . using Trilinos 14.2.0
--     . using p4est 2.8.7
--     . using Geodynamic World Builder 1.0.0
--     . running in OPTIMIZED mode
--     . running with 2 MPI processes
-----------------------------------------------------------------------------

Loading shared library </home/ein/repository/aspect-pf-rsf-refactor/benchmarks/reconstructed_fault/bp3/build-maintained/libbp3_restore_150x50.release.so>
Loading shared library </home/ein/repository/aspect-pf-rsf-refactor/benchmarks/reconstructed_fault/bp3_packaging/build/observer/libfrozen_birth_observer.release.so>

BP3 straight geometry v1 box -60000 0 150000 50000 anchors 28867.513459481292 0 0.59999999999999998 20000 15358.983848622454 0.59999999999999998 9000 34411.542731880108 0.59999999999999998 7500 37009.618943233421 0.59999999999999998 0 50000 0.59999999999999998 thrust -1 weakening 15000 width 3000 local 0
BP3 dip=60, length=57735, tangent=0.5 -0.866025, normal=0.866025 0.5
BP3 resolved model and runtime settings (not server qualification):
{
    "Material model": {
        "Phase field fault": {
            "Characteristic slip distance": "0.008",
            "Characteristic weakening slip rates": "1.e-6",
            "Cohesions": "1e6",
            "Critical energy release rates": "2e7",
            "Densities": "3300.",
            "Direct effect parameters": "0.025, 0.025",
            "Dynamic friction coefficients": "0.4",
            "Elastic shear moduli": "32038120320",
            "Evolution effect parameters": "0.015",
            "Evolve phase field": "false",
            "Fault constitutive mode": "mature frictional",
            "Friction law": "rate state",
            "Heat capacities": "1250.",
            "I h integration backend": "cell intervals",
            "I h quadrature tolerance": "1e-10",
            "I h surface quadrature subdivisions": "8",
            "I h tail tolerance": "1e-10",
            "Initial friction coefficients": "0.6",
            "Initial time step": "4e6",
            "Maximum viscosity": "1e30",
            "Minimum slip rate": "1e-20",
            "Minimum viscosity": "1e6",
            "Phase field activation threshold": "0.1",
            "Phase field normal lock threshold": "0.5",
            "Radiation damping coefficients": "4624440",
            "Reference friction coefficients": "0.6",
            "Reference slip rate": "1e-6",
            "Reference temperature": "293",
            "Reference viscosities": "1e26",
            "Specific heats": {
                "alias": "Heat capacities",
                "deprecation_status": "false"
            },
            "Thermal conductivities": "3.0",
            "Thermal expansivities": "0.000035",
            "Thermal viscosity exponents": "0.0",
            "Use adiabatic pressure in fault friction": "false",
            "Use regularized formulation": "true",
            "Viscosity averaging scheme": "harmonic"
        },
        "Model name": "phase field fault"
    },
    "Phase field model": {
        "Degradation curvature parameter": "1",
        "Geometric function type": "AT1",
        "Length scale": "4000"
    },
    "Compositional fields": {
        "Compositional field methods": "particles, particles, particles, particles, particles",
        "List of normalized fields": "",
        "Mapped particle properties": "tau_xx:maxwell stress[0], tau_yy:maxwell stress[1], tau_xy:maxwell stress[2], theta_initial:phase field fault state[0], strengthening:initial strengthening[0]",
        "Names of fields": "tau_xx, tau_yy, tau_xy, theta_initial, strengthening",
        "Number of fields": "5",
        "Types of fields": "stress, stress, stress, generic, chemical composition"
    },
    "Discretization": {
        "Composition polynomial degree": "2",
        "Stokes velocity polynomial degree": "2",
        "Temperature polynomial degree": "2",
        "Use discontinuous composition discretization": "false",
        "Use discontinuous temperature discretization": "false",
        "Use equal order interpolation for Stokes": "false",
        "Use locally conservative discretization": "false",
        "Stabilization parameters": {
            "Discontinuous penalty": "10.",
            "Global composition maximum": "1.7976931348623157e+308",
            "Global composition minimum": "-1.7976931348623157e+308",
            "Global temperature maximum": "1.7976931348623157e+308",
            "Global temperature minimum": "-1.7976931348623157e+308",
            "List of compositional fields with disabled boundary entropy viscosity": "",
            "Stabilization method": "entropy viscosity",
            "Use artificial viscosity smoothing": "false",
            "Use limiter for discontinuous composition solution": "false",
            "Use limiter for discontinuous temperature solution": "false",
            "alpha": "2",
            "beta": "0.052",
            "cR": "0.11",
            "gamma": "0.0"
        }
    },
    "Geometry model": {
        "Box": {
            "Box origin X coordinate": "-60000",
            "Box origin Y coordinate": "0.",
            "Box origin Z coordinate": "0.",
            "X extent": "150000",
            "X periodic": "false",
            "X repetitions": "75",
            "Y extent": "50000",
            "Y periodic": "false",
            "Y repetitions": "25",
            "Z extent": "1.",
            "Z periodic": "false",
            "Z repetitions": "1"
        },
        "Model name": "box"
    },
    "Particles": {
        "Initial composition": {
            "List of field names": "theta_initial, strengthening",
            "Spatially refreshed field names": "strengthening"
        },
        "Generator": {
            "Reference cell": {
                "Number of particles per cell per direction": "4"
            },
            "Random uniform": {
                "Number of particles": "1000",
                "Random cell selection": "true",
                "Random number seed": "5432"
            }
        },
        "Interpolator": {
            "Linear least squares": {
                "Use boundary extrapolation": "false",
                "Use linear least squares limiter": "false"
            }
        },
        "Particle generator name": "crossing reference cell",
        "Interpolation scheme": "linear least squares",
        "Integration scheme": "rk2",
        "List of particle properties": "BP3 frozen crack driving force, initial composition, maxwell stress",
        "Minimum particles per cell": "12",
        "Maximum particles per cell": "24",
        "Load balancing strategy": "remove and add particles",
        "Particle addition algorithm": "point density function",
        "Particle removal algorithm": "point density function",
        "Generate particle domains": "true",
        "Generate CPDI data for particle domains": "true",
        "Addition histogram granularity": "3",
        "Addition point density function granularity": "6",
        "Allow cells without particles": "false",
        "Bandwidth": "0.3",
        "Generate face data for particle domains": "false",
        "Number of particle systems": "1",
        "Particle weight": "10",
        "Point density kernel function": "cutoff c1 dealii",
        "Update ghost particles": "true"
    },
    "Formulation": {
        "Enable phase field": "true",
        "Reconstruct faults from phase field": "true"
    },
    "Mesh refinement": {
        "Strategy": "BP3 fault support",
        "Initial global refinement": "0",
        "Minimum refinement level": "0",
        "Initial adaptive refinement": "0",
        "Time steps between mesh refinement": "0",
        "Additional refinement times": ""
    },
    "Fault reconstruction": {
        "Structural point spacing": "2000",
        "Fit prescribed geometry to phase field": "false",
        "Boundary completion": "automatic prescribed"
    },
    "BP3": {
        "loading": "stationary symmetric primitive; physical top-to-bottom thrust; full Q1 completion remains core-owned",
        "loading_rate_m_per_s": "1.0000000000000001e-09",
        "initial_slip_rate_m_per_s": "1.0000000000000001e-09",
        "background_normal_stress_Pa": "50000000",
        "refinement_policy": "support band max(2 ell,R+2 h_fine); exterior min(h_coarse,2 h_fine+(d-band)\/4); native startup tagging v1"
    },
    "Time stepping": {
        "List of model names": "convection time step, reconstructed fault time step",
        "Minimum time step size": "0.",
        "Function": {
            "Function constants": "",
            "Function expression": "1.0",
            "Variable names": "time"
        },
        "Reconstructed fault time step": {
            "Maximum logarithmic state change": "1.7976931348623157e+308"
        },
        "Repeat on cutback": {
            "Cut back amount": "0.5",
            "Relative repeat threshold": "0.2"
        },
        "Repeat on nonlinear solver failure": {
            "Cut back factor": "0.5"
        }
    },
    "Solver parameters": {
        "Composition solver tolerance": "1e-12",
        "Temperature solver tolerance": "1e-12",
        "AMG parameters": {
            "AMG aggregation threshold": "0.001",
            "AMG output details": "false",
            "AMG smoother sweeps": "2",
            "AMG smoother type": "Chebyshev"
        },
        "Advection solver parameters": {
            "GMRES solver restart length": "50"
        },
        "Diffusion solver parameters": {
            "Diffusion length scale": "1.e4"
        },
        "Matrix Free": {
            "Execute solver timings": "false",
            "Output details": "false"
        },
        "Newton solver parameters": {
            "Max Newton line search iterations": "5",
            "Max pre-Newton nonlinear iterations": "10",
            "Maximum linear Stokes solver tolerance": "1e-2",
            "Nonlinear Newton solver switch tolerance": "1e-5",
            "SPD safety factor": "0.9",
            "Stabilization preconditioner": "SPD",
            "Stabilization velocity block": "SPD",
            "Use Eisenstat Walker method for Picard iterations": "false",
            "Use Newton failsafe": "false",
            "Use Newton residual scaling method": "false"
        },
        "Operator splitting parameters": {
            "Reaction solver relative tolerance": "1e-6",
            "Reaction solver type": "ARKode",
            "Reaction time step": "1000.0",
            "Reaction time steps per advection step": "0"
        },
        "Phase field solver parameters": {
            "Linear solver tolerance": "2e-7",
            "Max Newton line search iterations": "3",
            "Max linear solver iterations": "1000",
            "Max nonlinear iterations": "50",
            "Nonlinear solver tolerance": "1e-8"
        },
        "Stokes solver parameters": {
            "Force nonsymmetric A block solver": "false",
            "GMRES solver restart length": "100",
            "IDR(s) parameter": "2",
            "Krylov method for cheap solver steps": "GMRES",
            "Linear solver A block tolerance": "1e-2",
            "Linear solver S block tolerance": "1e-6",
            "Linear solver tolerance": "1e-9",
            "Maximum number of expensive Stokes solver steps": "1000",
            "Number of cheap Stokes solver steps": "1000",
            "Stokes GMG type": "local smoothing",
            "Stokes solver type": "block AMG",
            "Use direct solver for Stokes system": "false",
            "Use full A block as preconditioner": "false",
            "Use weighted BFBT for Schur complement": "false"
        }
    },
    "Postprocess": {
        "BP3": {
            "Allow truncated transition": "false",
            "Audit full state every step": "true",
            "Graceful wall seconds": "3600",
            "Heavy output slip interval": "0.1",
            "Heavy output time interval": "31557600",
            "Last accepted step": "2",
            "Profile slip interval": "0.1",
            "Profile time interval": "1",
            "Stop after first event": "true",
            "Weakening region length": "15000",
            "Write bulk and particle visualization": "true"
        },
        "BP3 restored monitor": {
            "Bottom velocity constraint": "full",
            "Friction normal input": "helmholtz",
            "Normal filter length": "20",
            "Write detailed diagnostics": "false"
        }
    },
    "Maximum time step": "100",
    "Maximum first time step": "100",
    "Maximum relative increase in time step": "91.0",
    "Nonlinear solver tolerance": "1e-8",
    "Max nonlinear iterations": "30",
    "Nonlinear solver failure strategy": "abort program"
}
-----------------------------------------------------------------------------
-- For information on how to cite ASPECT, see:
--   https://aspect.geodynamics.org/citing.html?ver=3.1.0-pre&NewtonSolver=1&particles=1&sha=1a3b57eda&src=code
-----------------------------------------------------------------------------
*** Resuming from snapshot /home/ein/repository/aspect-pf-rsf-refactor/benchmarks/reconstructed_fault/bp3_packaging/output-reject-interpolator/restart/02/



----------------------------------------------------
Exception 'ExcMessage (std::string("Cannot seem to deserialize the data previously stored!\n") + "Some part of the machinery generated an exception that says:\n" + e.what())' on rank 1 on processing: 


----------------------------------------------------
Exception 'ExcMessage (std::string("Cannot seem to deserialize the data previously stored!\n") + "Some part of the machinery generated an exception that says:\n" + e.what())' on rank 0 on processing: 

--------------------------------------------------------
An error occurred in line <521> of file </home/ein/repository/aspect-pf-rsf-refactor/source/simulator/checkpoint_restart.cc> in function
    void aspect::Simulator<dim>::resume_from_snapshot() [with int dim = 2]
Additional information: 
    Cannot seem to deserialize the data previously stored!
    Some part of the machinery generated an exception that says:
    
    --------------------------------------------------------
    An error occurred in line <126> of file
    </home/ein/repository/aspect-pf-rsf-refactor/benchmarks/reconstructed_fault/bp3/plugin/monitor.cc>
    in function
    void aspect::Postprocess::BP3RestoredMonitor<dim>::load(const
    std::map<std::__cxx11::basic_string<char>,
    std::__cxx11::basic_string<char> >&) [with int dim = 2]
    The violated condition was:
    entry!=status.end() && entry->second==identity()
    Additional information:
    BP3 restart requires the same geometry, material/profile, loading,
    refinement, particle policy and normal filter identity. Older
    checkpoints require their original plugin.
    
    Stacktrace:
    -----------
    #0
    /home/ein/repository/aspect-pf-rsf-refactor/benchmarks/reconstructed_fault/bp3/build-maintained/libbp3_restore_150x50.release.so:
    aspect::Postprocess::BP3RestoredMonitor<2>::load(std::map<std::__cxx11::basic_string<char,
    std::char_traits<char>, std::allocator<char> >,
    std::__cxx11::basic_string<char, std::char_traits<char>,
    std::allocator<char> >, std::less<std::__cxx11::basic_string<char,
    std::char_traits<char>, std::allocator<char> > >,
    std::allocator<std::pair<std::__cxx11::basic_string<char,
    std::char_traits<char>, std::allocator<char> > const,
    std::__cxx11::basic_string<char, std::char_traits<char>,
    std::allocator<char> > > > > const&)
    #1
    /home/ein/repository/aspect-pf-rsf-refactor/build-refactor-r6b/aspect-filter-derivative-qualified:
    boost::archive::detail::iserializer<boost::archive::binary_iarchive,
    aspect::Postprocess::Manager<2>
    >::load_object_data(boost::archive::detail::basic_iarchive&, void*,
    unsigned int) const
    #2  /opt/dealii/9.6-local/lib/libdeal_II.so.9.6.2:
    boost::archive::detail::basic_iarchive::load_object(void*,
    boost::archive::detail::basic_iserializer const&)
    #3
    /home/ein/repository/aspect-pf-rsf-refactor/build-refactor-r6b/aspect-filter-derivative-qualified:
    boost::archive::detail::iserializer<boost::archive::binary_iarchive,
    aspect::Simulator<2>
    >::load_object_data(boost::archive::detail::basic_iarchive&, void*,
    unsigned int) const
    #4  /opt/dealii/9.6-local/lib/libdeal_II.so.9.6.2:
    boost::archive::detail::basic_iarchive::load_object(void*,
    boost::archive::detail::basic_iserializer const&)
    #5
    /home/ein/repository/aspect-pf-rsf-refactor/build-refactor-r6b/aspect-filter-derivative-qualified:
    aspect::Simulator<2>::resume_from_snapshot()
    #6
    /home/ein/repository/aspect-pf-rsf-refactor/build-refactor-r6b/aspect-filter-derivative-qualified:
    aspect::Simulator<2>::run()
    #7
    /home/ein/repository/aspect-pf-rsf-refactor/build-refactor-r6b/aspect-filter-derivative-qualified:
    ) [0x1e4fa4c]
    #8
    /home/ein/repository/aspect-pf-rsf-refactor/build-refactor-r6b/aspect-filter-derivative-qualified:
    main
    --------------------------------------------------------
    

Stacktrace:
-----------
#0  /home/ein/repository/aspect-pf-rsf-refactor/build-refactor-r6b/aspect-filter-derivative-qualified: aspect::Simulator<2>::resume_from_snapshot()
#1  /home/ein/repository/aspect-pf-rsf-refactor/build-refactor-r6b/aspect-filter-derivative-qualified: aspect::Simulator<2>::run()
#2  /home/ein/repository/aspect-pf-rsf-refactor/build-refactor-r6b/aspect-filter-derivative-qualified: ) [0x1e4fa4c]
#3  /home/ein/repository/aspect-pf-rsf-refactor/build-refactor-r6b/aspect-filter-derivative-qualified: main
--------------------------------------------------------

Aborting!
----------------------------------------------------

--------------------------------------------------------
An error occurred in line <521> of file </home/ein/repository/aspect-pf-rsf-refactor/source/simulator/checkpoint_restart.cc> in function
    void aspect::Simulator<dim>::resume_from_snapshot() [with int dim = 2]
Additional information: 
    Cannot seem to deserialize the data previously stored!
    Some part of the machinery generated an exception that says:
    
    --------------------------------------------------------
    An error occurred in line <126> of file
    </home/ein/repository/aspect-pf-rsf-refactor/benchmarks/reconstructed_fault/bp3/plugin/monitor.cc>
    in function
    void aspect::Postprocess::BP3RestoredMonitor<dim>::load(const
    std::map<std::__cxx11::basic_string<char>,
    std::__cxx11::basic_string<char> >&) [with int dim = 2]
    The violated condition was:
    entry!=status.end() && entry->second==identity()
    Additional information:
    BP3 restart requires the same geometry, material/profile, loading,
    refinement, particle policy and normal filter identity. Older
    checkpoints require their original plugin.
    
    Stacktrace:
    -----------
    #0
    /home/ein/repository/aspect-pf-rsf-refactor/benchmarks/reconstructed_fault/bp3/build-maintained/libbp3_restore_150x50.release.so:
    aspect::Postprocess::BP3RestoredMonitor<2>::load(std::map<std::__cxx11::basic_string<char,
    std::char_traits<char>, std::allocator<char> >,
    std::__cxx11::basic_string<char, std::char_traits<char>,
    std::allocator<char> >, std::less<std::__cxx11::basic_string<char,
    std::char_traits<char>, std::allocator<char> > >,
    std::allocator<std::pair<std::__cxx11::basic_string<char,
    std::char_traits<char>, std::allocator<char> > const,
    std::__cxx11::basic_string<char, std::char_traits<char>,
    std::allocator<char> > > > > const&)
    #1
    /home/ein/repository/aspect-pf-rsf-refactor/build-refactor-r6b/aspect-filter-derivative-qualified:
    boost::archive::detail::iserializer<boost::archive::binary_iarchive,
    aspect::Postprocess::Manager<2>
    >::load_object_data(boost::archive::detail::basic_iarchive&, void*,
    unsigned int) const
    #2  /opt/dealii/9.6-local/lib/libdeal_II.so.9.6.2:
    boost::archive::detail::basic_iarchive::load_object(void*,
    boost::archive::detail::basic_iserializer const&)
    #3
    /home/ein/repository/aspect-pf-rsf-refactor/build-refactor-r6b/aspect-filter-derivative-qualified:
    boost::archive::detail::iserializer<boost::archive::binary_iarchive,
    aspect::Simulator<2>
    >::load_object_data(boost::archive::detail::basic_iarchive&, void*,
    unsigned int) const
    #4  /opt/dealii/9.6-local/lib/libdeal_II.so.9.6.2:
    boost::archive::detail::basic_iarchive::load_object(void*,
    boost::archive::detail::basic_iserializer const&)
    #5
    /home/ein/repository/aspect-pf-rsf-refactor/build-refactor-r6b/aspect-filter-derivative-qualified:
    aspect::Simulator<2>::resume_from_snapshot()
    #6
    /home/ein/repository/aspect-pf-rsf-refactor/build-refactor-r6b/aspect-filter-derivative-qualified:
    aspect::Simulator<2>::run()
    #7
    /home/ein/repository/aspect-pf-rsf-refactor/build-refactor-r6b/aspect-filter-derivative-qualified:
    ) [0x1e4fa4c]
    #8
    /home/ein/repository/aspect-pf-rsf-refactor/build-refactor-r6b/aspect-filter-derivative-qualified:
    main
    --------------------------------------------------------
    

Stacktrace:
-----------
#0  /home/ein/repository/aspect-pf-rsf-refactor/build-refactor-r6b/aspect-filter-derivative-qualified: aspect::Simulator<2>::resume_from_snapshot()
#1  /home/ein/repository/aspect-pf-rsf-refactor/build-refactor-r6b/aspect-filter-derivative-qualified: aspect::Simulator<2>::run()
#2  /home/ein/repository/aspect-pf-rsf-refactor/build-refactor-r6b/aspect-filter-derivative-qualified: ) [0x1e4fa4c]
#3  /home/ein/repository/aspect-pf-rsf-refactor/build-refactor-r6b/aspect-filter-derivative-qualified: main
--------------------------------------------------------

Aborting!
----------------------------------------------------
--------------------------------------------------------------------------
MPI_ABORT was invoked on rank 0 in communicator MPI_COMM_WORLD
  Proc: [[26107,1],0]
  Errorcode: 1

NOTE: invoking MPI_ABORT causes Open MPI to kill all MPI processes.
You may or may not see output from other processes, depending on
exactly when Open MPI kills them.
--------------------------------------------------------------------------
--------------------------------------------------------------------------
prterun has exited due to process rank 1 with PID 0 on node BEBOP calling
"abort". This may have caused other processes in the application to be
terminated by signals sent by prterun (as reported here).
--------------------------------------------------------------------------
 