[  0%] Building Fortran object world_builder_release/CMakeFiles/WorldBuilderRelease.dir/source/world_builder/wrapper_fortran.f90.o
[  0%] Building CXX object world_builder_release/CMakeFiles/WorldBuilderRelease.dir/Unity/unity_0_cxx.cxx.o
[  0%] Building CXX object world_builder_release/CMakeFiles/WorldBuilderRelease.dir/source/world_builder/parameters.cc.o
[  0%] Building CXX object world_builder_release/CMakeFiles/WorldBuilderRelease.dir/source/world_builder/point.cc.o
[  1%] Linking CXX static library lib/libWorldBuilderRelease.a
[  1%] Built target WorldBuilderRelease
[  1%] Building CXX object world_builder_release/tests/CMakeFiles/unit_tests.dir/unit_tests/bounding_box.cc.o
[  1%] Building CXX object world_builder_release/tests/CMakeFiles/unit_tests.dir/unit_tests/gwb_gravity.cc.o
[  2%] Building CXX object world_builder_release/CMakeFiles/gwb-grid.dir/source/gwb-grid/main.cc.o
[  2%] Building CXX object world_builder_release/CMakeFiles/gwb-dat.dir/source/gwb-dat/main.cc.o
[  2%] Building CXX object CMakeFiles/aspect.exe.release.dir/source/main.cc.o
[  3%] Building CXX object world_builder_release/tests/CMakeFiles/unit_tests.dir/unit_tests/kd_tree.cc.o
[  3%] Building CXX object world_builder_release/tests/CMakeFiles/unit_tests.dir/unit_tests/main.cc.o
[  3%] Linking CXX executable bin/gwb-dat
[  3%] Built target gwb-dat
[  3%] Building CXX object CMakeFiles/aspect.exe.release.dir/unit_tests/additional_outputs.cc.o
[  3%] Building CXX object world_builder_release/tests/CMakeFiles/unit_tests.dir/unit_tests/unit_test_wb_glm.cc.o
[  3%] Building CXX object world_builder_release/tests/CMakeFiles/unit_tests.dir/unit_tests/unit_test_world_builder.cc.o
[  3%] Linking CXX executable bin/gwb-grid
[  3%] Built target gwb-grid
[  3%] Building CXX object CMakeFiles/aspect.exe.release.dir/unit_tests/crystal_preferred_orientation.cc.o
[  3%] Building CXX object world_builder_release/tests/CMakeFiles/unit_tests.dir/unit_tests/utilities.cc.o
[  4%] Building CXX object CMakeFiles/aspect.exe.release.dir/unit_tests/first.cc.o
[  4%] Building CXX object CMakeFiles/aspect.exe.release.dir/unit_tests/introspection.cc.o
[  5%] Linking CXX executable ../../bin/unit_tests
[  5%] Built target unit_tests
[  5%] Building CXX object CMakeFiles/aspect.exe.release.dir/unit_tests/mesh_refinement.cc.o
[  5%] Building CXX object CMakeFiles/aspect.exe.release.dir/unit_tests/netcdf.cc.o
[  5%] Building CXX object CMakeFiles/aspect.exe.release.dir/unit_tests/parse_map_to_double_array.cc.o
[  6%] Building CXX object CMakeFiles/aspect.exe.release.dir/unit_tests/particles.cc.o
[  6%] Building CXX object CMakeFiles/aspect.exe.release.dir/unit_tests/phase_field_fault_cohesive.cc.o
[  6%] Building CXX object CMakeFiles/aspect.exe.release.dir/unit_tests/phase_field_fault_ih.cc.o
[  6%] Building CXX object CMakeFiles/aspect.exe.release.dir/unit_tests/phase_field_fault_maxwell.cc.o
[  7%] Building CXX object CMakeFiles/aspect.exe.release.dir/unit_tests/phase_field_sampling.cc.o
[  7%] Building CXX object CMakeFiles/aspect.exe.release.dir/unit_tests/prescribed_initial_fault.cc.o
In file included from [01m[K/opt/gcc/12.4.0/include/c++/12.4.0/string:50[m[K,
                 from [01m[K/home/ein/repository/aspect-pf-rsf-refactor/contrib/catch/catch.hpp:475[m[K,
                 from [01m[K/home/ein/repository/aspect-pf-rsf-refactor/unit_tests/common.h:25[m[K,
                 from [01m[K/home/ein/repository/aspect-pf-rsf-refactor/unit_tests/particles.cc:21[m[K:
In static member function ‘[01m[Kstatic _Up* std::__copy_move<_IsMove, true, std::random_access_iterator_tag>::__copy_m(_Tp*, _Tp*, _Up*) [with _Tp = const aspect::ReconstructedFaultUtilities::DomainQuadraturePoint; _Up = aspect::ReconstructedFaultUtilities::DomainQuadraturePoint; bool _IsMove = false][m[K’,
    inlined from ‘[01m[K_OI std::__copy_move_a2(_II, _II, _OI) [with bool _IsMove = false; _II = const aspect::ReconstructedFaultUtilities::DomainQuadraturePoint*; _OI = aspect::ReconstructedFaultUtilities::DomainQuadraturePoint*][m[K’ at [01m[K/opt/gcc/12.4.0/include/c++/12.4.0/bits/stl_algobase.h:501:30[m[K,
    inlined from ‘[01m[K_OI std::__copy_move_a1(_II, _II, _OI) [with bool _IsMove = false; _II = const aspect::ReconstructedFaultUtilities::DomainQuadraturePoint*; _OI = aspect::ReconstructedFaultUtilities::DomainQuadraturePoint*][m[K’ at [01m[K/opt/gcc/12.4.0/include/c++/12.4.0/bits/stl_algobase.h:528:42[m[K,
    inlined from ‘[01m[K_OI std::__copy_move_a(_II, _II, _OI) [with bool _IsMove = false; _II = const aspect::ReconstructedFaultUtilities::DomainQuadraturePoint*; _OI = aspect::ReconstructedFaultUtilities::DomainQuadraturePoint*][m[K’ at [01m[K/opt/gcc/12.4.0/include/c++/12.4.0/bits/stl_algobase.h:535:31[m[K,
    inlined from ‘[01m[K_OI std::copy(_II, _II, _OI) [with _II = const aspect::ReconstructedFaultUtilities::DomainQuadraturePoint*; _OI = aspect::ReconstructedFaultUtilities::DomainQuadraturePoint*][m[K’ at [01m[K/opt/gcc/12.4.0/include/c++/12.4.0/bits/stl_algobase.h:626:7[m[K,
    inlined from ‘[01m[Kstatic _ForwardIterator std::__uninitialized_copy<true>::__uninit_copy(_InputIterator, _InputIterator, _ForwardIterator) [with _InputIterator = const aspect::ReconstructedFaultUtilities::DomainQuadraturePoint*; _ForwardIterator = aspect::ReconstructedFaultUtilities::DomainQuadraturePoint*][m[K’ at [01m[K/opt/gcc/12.4.0/include/c++/12.4.0/bits/stl_uninitialized.h:147:27[m[K,
    inlined from ‘[01m[K_ForwardIterator std::uninitialized_copy(_InputIterator, _InputIterator, _ForwardIterator) [with _InputIterator = const aspect::ReconstructedFaultUtilities::DomainQuadraturePoint*; _ForwardIterator = aspect::ReconstructedFaultUtilities::DomainQuadraturePoint*][m[K’ at [01m[K/opt/gcc/12.4.0/include/c++/12.4.0/bits/stl_uninitialized.h:185:15[m[K,
    inlined from ‘[01m[K_ForwardIterator std::__uninitialized_copy_a(_InputIterator, _InputIterator, _ForwardIterator, allocator<_Tp>&) [with _InputIterator = const aspect::ReconstructedFaultUtilities::DomainQuadraturePoint*; _ForwardIterator = aspect::ReconstructedFaultUtilities::DomainQuadraturePoint*; _Tp = aspect::ReconstructedFaultUtilities::DomainQuadraturePoint][m[K’ at [01m[K/opt/gcc/12.4.0/include/c++/12.4.0/bits/stl_uninitialized.h:372:37[m[K,
    inlined from ‘[01m[Kvoid std::vector<_Tp, _Alloc>::_M_assign_aux(_ForwardIterator, _ForwardIterator, std::forward_iterator_tag) [with _ForwardIterator = const aspect::ReconstructedFaultUtilities::DomainQuadraturePoint*; _Tp = aspect::ReconstructedFaultUtilities::DomainQuadraturePoint; _Alloc = std::allocator<aspect::ReconstructedFaultUtilities::DomainQuadraturePoint>][m[K’ at [01m[K/opt/gcc/12.4.0/include/c++/12.4.0/bits/vector.tcc:339:35[m[K,
    inlined from ‘[01m[Kstd::vector<_Tp, _Alloc>& std::vector<_Tp, _Alloc>::operator=(std::initializer_list<_Tp>) [with _Tp = aspect::ReconstructedFaultUtilities::DomainQuadraturePoint; _Alloc = std::allocator<aspect::ReconstructedFaultUtilities::DomainQuadraturePoint>][m[K’ at [01m[K/opt/gcc/12.4.0/include/c++/12.4.0/bits/stl_vector.h:787:21[m[K,
    inlined from ‘[01m[Kvoid ____C_A_T_C_H____T_E_S_T____10()[m[K’ at [01m[K/home/ein/repository/aspect-pf-rsf-refactor/unit_tests/particles.cc:204:63[m[K:
[01m[K/opt/gcc/12.4.0/include/c++/12.4.0/bits/stl_algobase.h:434:30:[m[K [01;35m[Kwarning: [m[K‘[01m[Kvoid* __builtin_memcpy(void*, const void*, long unsigned int)[m[K’ forming offset 24 is out of the bounds [0, 24] of object ‘[01m[K<anonymous>[m[K’ with type ‘[01m[Kconst aspect::ReconstructedFaultUtilities::DomainQuadraturePoint [1][m[K’ [[01;35m[K-Warray-bounds[m[K]
  434 |             [01;35m[K__builtin_memmove(__result, __first, sizeof(_Tp) * _Num)[m[K;
      |             [01;35m[K~~~~~~~~~~~~~~~~~^~~~~~~~~~~~~~~~~~~~~~~~~~~~~~~~~~~~~~~[m[K
[01m[K/home/ein/repository/aspect-pf-rsf-refactor/unit_tests/particles.cc:[m[K In function ‘[01m[Kvoid ____C_A_T_C_H____T_E_S_T____10()[m[K’:
[01m[K/home/ein/repository/aspect-pf-rsf-refactor/unit_tests/particles.cc:204:63:[m[K [01;36m[Knote: [m[K‘[01m[K<anonymous>[m[K’ declared here
  204 |                   quadrature={{s,coordinate-s,domain.volume()}[01;36m[K}[m[K;
      |                                                               [01;36m[K^[m[K
[  7%] Building CXX object CMakeFiles/aspect.exe.release.dir/unit_tests/python.cc.o
[  7%] Building CXX object CMakeFiles/aspect.exe.release.dir/unit_tests/reconstructed_fault.cc.o
[  7%] Building CXX object CMakeFiles/aspect.exe.release.dir/unit_tests/reconstructed_fault_boundary_contact.cc.o
[  8%] Building CXX object CMakeFiles/aspect.exe.release.dir/unit_tests/reconstructed_fault_condensation.cc.o
[  8%] Building CXX object CMakeFiles/aspect.exe.release.dir/unit_tests/reconstructed_fault_output.cc.o
[01m[K/home/ein/repository/aspect-pf-rsf-refactor/unit_tests/reconstructed_fault.cc:[m[K In function ‘[01m[Kvoid ____C_A_T_C_H____T_E_S_T____48()[m[K’:
[01m[K/home/ein/repository/aspect-pf-rsf-refactor/unit_tests/reconstructed_fault.cc:868:19:[m[K [01;35m[Kwarning: [m[Kloop variable ‘[01m[Kendpoints[m[K’ creates a copy from type ‘[01m[Kconst std::pair<double, double>[m[K’ [[01;35m[K-Wrange-loop-construct[m[K]
  868 |   for (const auto [01;35m[Kendpoints[m[K:std::vector<std::pair<double,double>>{
      |                   [01;35m[K^~~~~~~~~[m[K
[01m[K/home/ein/repository/aspect-pf-rsf-refactor/unit_tests/reconstructed_fault.cc:868:19:[m[K [01;36m[Knote: [m[Kuse reference type to prevent copying
  868 |   for (const auto [01;36m[Kendpoints[m[K:std::vector<std::pair<double,double>>{
      |                   [01;36m[K^~~~~~~~~[m[K
      |                   [32m[K&[m[K
[01m[K/home/ein/repository/aspect-pf-rsf-refactor/unit_tests/reconstructed_fault.cc:[m[K In function ‘[01m[Kvoid ____C_A_T_C_H____T_E_S_T____92()[m[K’:
[01m[K/home/ein/repository/aspect-pf-rsf-refactor/unit_tests/reconstructed_fault.cc:1524:19:[m[K [01;35m[Kwarning: [m[Kloop variable ‘[01m[Kactive[m[K’ creates a copy from type ‘[01m[Kconst std::vector<bool>[m[K’ [[01;35m[K-Wrange-loop-construct[m[K]
 1524 |   for (const auto [01;35m[Kactive[m[K:{std::vector<bool>{false,false,false,false,false},
      |                   [01;35m[K^~~~~~[m[K
[01m[K/home/ein/repository/aspect-pf-rsf-refactor/unit_tests/reconstructed_fault.cc:1524:19:[m[K [01;36m[Knote: [m[Kuse reference type to prevent copying
 1524 |   for (const auto [01;36m[Kactive[m[K:{std::vector<bool>{false,false,false,false,false},
      |                   [01;36m[K^~~~~~[m[K
      |                   [32m[K&[m[K
[  8%] Building CXX object CMakeFiles/aspect.exe.release.dir/unit_tests/termination_criteria.cc.o
[  8%] Building CXX object CMakeFiles/aspect.exe.release.dir/unit_tests/utilities.cc.o
[  8%] Building CXX object CMakeFiles/aspect.exe.release.dir/source/adiabatic_conditions/ascii_data.cc.o
[  9%] Building CXX object CMakeFiles/aspect.exe.release.dir/source/adiabatic_conditions/compute_entropy_profile.cc.o
[  9%] Building CXX object CMakeFiles/aspect.exe.release.dir/source/adiabatic_conditions/compute_profile.cc.o
[  9%] Building CXX object CMakeFiles/aspect.exe.release.dir/source/adiabatic_conditions/function.cc.o
[  9%] Building CXX object CMakeFiles/aspect.exe.release.dir/source/adiabatic_conditions/interface.cc.o
[  9%] Building CXX object CMakeFiles/aspect.exe.release.dir/source/boundary_composition/ascii_data.cc.o
[ 10%] Building CXX object CMakeFiles/aspect.exe.release.dir/source/boundary_composition/box.cc.o
[ 10%] Building CXX object CMakeFiles/aspect.exe.release.dir/source/boundary_composition/function.cc.o
[ 10%] Building CXX object CMakeFiles/aspect.exe.release.dir/source/boundary_composition/initial_composition.cc.o
[ 10%] Building CXX object CMakeFiles/aspect.exe.release.dir/source/boundary_composition/interface.cc.o
[ 11%] Building CXX object CMakeFiles/aspect.exe.release.dir/source/boundary_composition/spherical_constant.cc.o
[ 11%] Building CXX object CMakeFiles/aspect.exe.release.dir/source/boundary_composition/two_merged_boxes.cc.o
[ 11%] Building CXX object CMakeFiles/aspect.exe.release.dir/source/boundary_convective_heating/function.cc.o
[ 11%] Building CXX object CMakeFiles/aspect.exe.release.dir/source/boundary_convective_heating/interface.cc.o
[ 11%] Building CXX object CMakeFiles/aspect.exe.release.dir/source/boundary_fluid_pressure/density.cc.o
[ 12%] Building CXX object CMakeFiles/aspect.exe.release.dir/source/boundary_fluid_pressure/interface.cc.o
[ 12%] Building CXX object CMakeFiles/aspect.exe.release.dir/source/boundary_heat_flux/function.cc.o
[ 12%] Building CXX object CMakeFiles/aspect.exe.release.dir/source/boundary_heat_flux/interface.cc.o
[ 12%] Building CXX object CMakeFiles/aspect.exe.release.dir/source/boundary_temperature/ascii_data.cc.o
[ 12%] Building CXX object CMakeFiles/aspect.exe.release.dir/source/boundary_temperature/box.cc.o
[ 13%] Building CXX object CMakeFiles/aspect.exe.release.dir/source/boundary_temperature/constant.cc.o
[ 13%] Building CXX object CMakeFiles/aspect.exe.release.dir/source/boundary_temperature/dynamic_core.cc.o
[ 13%] Building CXX object CMakeFiles/aspect.exe.release.dir/source/boundary_temperature/function.cc.o
[ 13%] Building CXX object CMakeFiles/aspect.exe.release.dir/source/boundary_temperature/initial_temperature.cc.o
[ 13%] Building CXX object CMakeFiles/aspect.exe.release.dir/source/boundary_temperature/interface.cc.o
[ 14%] Building CXX object CMakeFiles/aspect.exe.release.dir/source/boundary_temperature/spherical_constant.cc.o
[ 14%] Building CXX object CMakeFiles/aspect.exe.release.dir/source/boundary_temperature/two_merged_boxes.cc.o
[ 14%] Building CXX object CMakeFiles/aspect.exe.release.dir/source/boundary_traction/ascii_data.cc.o
[ 14%] Building CXX object CMakeFiles/aspect.exe.release.dir/source/boundary_traction/function.cc.o
[ 15%] Building CXX object CMakeFiles/aspect.exe.release.dir/source/boundary_traction/initial_lithostatic_pressure.cc.o
[ 15%] Building CXX object CMakeFiles/aspect.exe.release.dir/source/boundary_traction/interface.cc.o
[ 15%] Building CXX object CMakeFiles/aspect.exe.release.dir/source/boundary_traction/zero_traction.cc.o
[ 15%] Building CXX object CMakeFiles/aspect.exe.release.dir/source/boundary_velocity/ascii_data.cc.o
[ 15%] Building CXX object CMakeFiles/aspect.exe.release.dir/source/boundary_velocity/function.cc.o
[ 16%] Building CXX object CMakeFiles/aspect.exe.release.dir/source/boundary_velocity/gplates.cc.o
[ 16%] Building CXX object CMakeFiles/aspect.exe.release.dir/source/boundary_velocity/interface.cc.o
[ 16%] Building CXX object CMakeFiles/aspect.exe.release.dir/source/boundary_velocity/zero_velocity.cc.o
[ 16%] Building CXX object CMakeFiles/aspect.exe.release.dir/source/citation_info.cc.o
[ 16%] Building CXX object CMakeFiles/aspect.exe.release.dir/source/compat.cc.o
[ 17%] Building CXX object CMakeFiles/aspect.exe.release.dir/source/fe_variable_collection.cc.o
[ 17%] Building CXX object CMakeFiles/aspect.exe.release.dir/source/geometry_model/box.cc.o
[ 17%] Building CXX object CMakeFiles/aspect.exe.release.dir/source/geometry_model/chunk.cc.o
[ 17%] Building CXX object CMakeFiles/aspect.exe.release.dir/source/geometry_model/ellipsoidal_chunk.cc.o
[ 17%] Building CXX object CMakeFiles/aspect.exe.release.dir/source/geometry_model/initial_topography_model/ascii_data.cc.o
[ 18%] Building CXX object CMakeFiles/aspect.exe.release.dir/source/geometry_model/initial_topography_model/function.cc.o
[ 18%] Building CXX object CMakeFiles/aspect.exe.release.dir/source/geometry_model/initial_topography_model/interface.cc.o
[ 18%] Building CXX object CMakeFiles/aspect.exe.release.dir/source/geometry_model/initial_topography_model/prm_polygon.cc.o
[ 18%] Building CXX object CMakeFiles/aspect.exe.release.dir/source/geometry_model/initial_topography_model/zero_topography.cc.o
[ 19%] Building CXX object CMakeFiles/aspect.exe.release.dir/source/geometry_model/interface.cc.o
[ 19%] Building CXX object CMakeFiles/aspect.exe.release.dir/source/geometry_model/sphere.cc.o
[ 19%] Building CXX object CMakeFiles/aspect.exe.release.dir/source/geometry_model/spherical_shell.cc.o
[ 19%] Building CXX object CMakeFiles/aspect.exe.release.dir/source/geometry_model/two_merged_boxes.cc.o
[ 19%] Building CXX object CMakeFiles/aspect.exe.release.dir/source/geometry_model/two_merged_chunks.cc.o
[ 20%] Building CXX object CMakeFiles/aspect.exe.release.dir/source/global.cc.o
[ 20%] Building CXX object CMakeFiles/aspect.exe.release.dir/source/gravity_model/ascii_data.cc.o
[ 20%] Building CXX object CMakeFiles/aspect.exe.release.dir/source/gravity_model/function.cc.o
[ 20%] Building CXX object CMakeFiles/aspect.exe.release.dir/source/gravity_model/interface.cc.o
[ 20%] Building CXX object CMakeFiles/aspect.exe.release.dir/source/gravity_model/radial_constant.cc.o
[ 21%] Building CXX object CMakeFiles/aspect.exe.release.dir/source/gravity_model/radial_linear.cc.o
[ 21%] Building CXX object CMakeFiles/aspect.exe.release.dir/source/gravity_model/vertical.cc.o
[ 21%] Building CXX object CMakeFiles/aspect.exe.release.dir/source/heating_model/adiabatic_heating.cc.o
[ 21%] Building CXX object CMakeFiles/aspect.exe.release.dir/source/heating_model/adiabatic_heating_of_melt.cc.o
[ 21%] Building CXX object CMakeFiles/aspect.exe.release.dir/source/heating_model/compositional_heating.cc.o
[ 22%] Building CXX object CMakeFiles/aspect.exe.release.dir/source/heating_model/constant_heating.cc.o
[ 22%] Building CXX object CMakeFiles/aspect.exe.release.dir/source/heating_model/function.cc.o
[ 22%] Building CXX object CMakeFiles/aspect.exe.release.dir/source/heating_model/interface.cc.o
[ 22%] Building CXX object CMakeFiles/aspect.exe.release.dir/source/heating_model/latent_heat.cc.o
[ 23%] Building CXX object CMakeFiles/aspect.exe.release.dir/source/heating_model/latent_heat_melt.cc.o
[ 23%] Building CXX object CMakeFiles/aspect.exe.release.dir/source/heating_model/radioactive_decay.cc.o
[ 23%] Building CXX object CMakeFiles/aspect.exe.release.dir/source/heating_model/shear_heating.cc.o
[ 23%] Building CXX object CMakeFiles/aspect.exe.release.dir/source/heating_model/shear_heating_anisotropic_viscosity.cc.o
[ 23%] Building CXX object CMakeFiles/aspect.exe.release.dir/source/heating_model/shear_heating_with_melt.cc.o
[ 24%] Building CXX object CMakeFiles/aspect.exe.release.dir/source/heating_model/tidal_heating.cc.o
[ 24%] Building CXX object CMakeFiles/aspect.exe.release.dir/source/initial_composition/adiabatic_density.cc.o
[ 24%] Building CXX object CMakeFiles/aspect.exe.release.dir/source/initial_composition/ascii_data.cc.o
[ 24%] Building CXX object CMakeFiles/aspect.exe.release.dir/source/initial_composition/ascii_data_layered.cc.o
[ 24%] Building CXX object CMakeFiles/aspect.exe.release.dir/source/initial_composition/entropy_table_lookup.cc.o
[ 25%] Building CXX object CMakeFiles/aspect.exe.release.dir/source/initial_composition/function.cc.o
[ 25%] Building CXX object CMakeFiles/aspect.exe.release.dir/source/initial_composition/interface.cc.o
[ 25%] Building CXX object CMakeFiles/aspect.exe.release.dir/source/initial_composition/porosity.cc.o
[ 25%] Building CXX object CMakeFiles/aspect.exe.release.dir/source/initial_composition/slab_model.cc.o
[ 25%] Building CXX object CMakeFiles/aspect.exe.release.dir/source/initial_composition/world_builder.cc.o
[ 26%] Building CXX object CMakeFiles/aspect.exe.release.dir/source/initial_temperature/S40RTS_perturbation.cc.o
[ 26%] Building CXX object CMakeFiles/aspect.exe.release.dir/source/initial_temperature/SAVANI_perturbation.cc.o
[ 26%] Building CXX object CMakeFiles/aspect.exe.release.dir/source/initial_temperature/adiabatic.cc.o
[ 26%] Building CXX object CMakeFiles/aspect.exe.release.dir/source/initial_temperature/adiabatic_boundary.cc.o
[ 27%] Building CXX object CMakeFiles/aspect.exe.release.dir/source/initial_temperature/ascii_data.cc.o
[ 27%] Building CXX object CMakeFiles/aspect.exe.release.dir/source/initial_temperature/ascii_data_layered.cc.o
[ 27%] Building CXX object CMakeFiles/aspect.exe.release.dir/source/initial_temperature/ascii_profile.cc.o
[ 27%] Building CXX object CMakeFiles/aspect.exe.release.dir/source/initial_temperature/box.cc.o
[ 27%] Building CXX object CMakeFiles/aspect.exe.release.dir/source/initial_temperature/continental_geotherm.cc.o
[ 28%] Building CXX object CMakeFiles/aspect.exe.release.dir/source/initial_temperature/function.cc.o
[ 28%] Building CXX object CMakeFiles/aspect.exe.release.dir/source/initial_temperature/harmonic_perturbation.cc.o
[ 28%] Building CXX object CMakeFiles/aspect.exe.release.dir/source/initial_temperature/interface.cc.o
[ 28%] Building CXX object CMakeFiles/aspect.exe.release.dir/source/initial_temperature/lithosphere_mask.cc.o
[ 28%] Building CXX object CMakeFiles/aspect.exe.release.dir/source/initial_temperature/patch_on_S40RTS.cc.o
[ 29%] Building CXX object CMakeFiles/aspect.exe.release.dir/source/initial_temperature/prescribed_temperature.cc.o
[ 29%] Building CXX object CMakeFiles/aspect.exe.release.dir/source/initial_temperature/random_gaussian_perturbation.cc.o
[ 29%] Building CXX object CMakeFiles/aspect.exe.release.dir/source/initial_temperature/spherical_shell.cc.o
[ 29%] Building CXX object CMakeFiles/aspect.exe.release.dir/source/initial_temperature/world_builder.cc.o
[ 30%] Building CXX object CMakeFiles/aspect.exe.release.dir/source/material_model/additional_outputs/anisotropic_viscosity.cc.o
[ 30%] Building CXX object CMakeFiles/aspect.exe.release.dir/source/material_model/ascii_reference_profile.cc.o
[ 30%] Building CXX object CMakeFiles/aspect.exe.release.dir/source/material_model/averaging.cc.o
[ 30%] Building CXX object CMakeFiles/aspect.exe.release.dir/source/material_model/compositing.cc.o
[ 30%] Building CXX object CMakeFiles/aspect.exe.release.dir/source/material_model/composition_reaction.cc.o
[ 31%] Building CXX object CMakeFiles/aspect.exe.release.dir/source/material_model/depth_dependent.cc.o
[ 31%] Building CXX object CMakeFiles/aspect.exe.release.dir/source/material_model/diffusion_dislocation.cc.o
[ 31%] Building CXX object CMakeFiles/aspect.exe.release.dir/source/material_model/drucker_prager.cc.o
[ 31%] Building CXX object CMakeFiles/aspect.exe.release.dir/source/material_model/entropy_model.cc.o
[ 31%] Building CXX object CMakeFiles/aspect.exe.release.dir/source/material_model/equation_of_state/interface.cc.o
[ 32%] Building CXX object CMakeFiles/aspect.exe.release.dir/source/material_model/equation_of_state/linearized_incompressible.cc.o
[ 32%] Building CXX object CMakeFiles/aspect.exe.release.dir/source/material_model/equation_of_state/multicomponent_compressible.cc.o
[ 32%] Building CXX object CMakeFiles/aspect.exe.release.dir/source/material_model/equation_of_state/multicomponent_incompressible.cc.o
[ 32%] Building CXX object CMakeFiles/aspect.exe.release.dir/source/material_model/equation_of_state/thermodynamic_table_lookup.cc.o
[ 32%] Building CXX object CMakeFiles/aspect.exe.release.dir/source/material_model/grain_size.cc.o
[ 34%] Building CXX object CMakeFiles/aspect.exe.release.dir/source/material_model/interface.cc.o
[ 34%] Building CXX object CMakeFiles/aspect.exe.release.dir/source/material_model/latent_heat.cc.o
[ 34%] Building CXX object CMakeFiles/aspect.exe.release.dir/source/material_model/latent_heat_melt.cc.o
[ 34%] Building CXX object CMakeFiles/aspect.exe.release.dir/source/material_model/melt_boukare.cc.o
[ 35%] Building CXX object CMakeFiles/aspect.exe.release.dir/source/material_model/melt_global.cc.o
[ 35%] Building CXX object CMakeFiles/aspect.exe.release.dir/source/material_model/melt_simple.cc.o
[ 35%] Building CXX object CMakeFiles/aspect.exe.release.dir/source/material_model/modified_tait.cc.o
[ 35%] Building CXX object CMakeFiles/aspect.exe.release.dir/source/material_model/multicomponent.cc.o
[ 35%] Building CXX object CMakeFiles/aspect.exe.release.dir/source/material_model/multicomponent_compressible.cc.o
[ 36%] Building CXX object CMakeFiles/aspect.exe.release.dir/source/material_model/nondimensional.cc.o
[ 36%] Building CXX object CMakeFiles/aspect.exe.release.dir/source/material_model/perplex_lookup.cc.o
[ 36%] Building CXX object CMakeFiles/aspect.exe.release.dir/source/material_model/phase_field_fault.cc.o
[ 36%] Building CXX object CMakeFiles/aspect.exe.release.dir/source/material_model/phase_field_fault/boundary_completion.cc.o
[ 36%] Building CXX object CMakeFiles/aspect.exe.release.dir/source/material_model/phase_field_fault/constitutive.cc.o
[ 37%] Building CXX object CMakeFiles/aspect.exe.release.dir/source/material_model/phase_field_fault/history.cc.o
[ 37%] Building CXX object CMakeFiles/aspect.exe.release.dir/source/material_model/phase_field_fault/history_diagnostics.cc.o
[ 37%] Building CXX object CMakeFiles/aspect.exe.release.dir/source/material_model/phase_field_fault/normalization.cc.o
[ 37%] Building CXX object CMakeFiles/aspect.exe.release.dir/source/material_model/prescribed_viscosity.cc.o
[ 37%] Building CXX object CMakeFiles/aspect.exe.release.dir/source/material_model/reaction_model/crust_and_lithosphere_formation.cc.o
[ 38%] Building CXX object CMakeFiles/aspect.exe.release.dir/source/material_model/reaction_model/grain_size_evolution.cc.o
[ 38%] Building CXX object CMakeFiles/aspect.exe.release.dir/source/material_model/reaction_model/katz2003_mantle_melting.cc.o
[ 38%] Building CXX object CMakeFiles/aspect.exe.release.dir/source/material_model/reaction_model/tian2019_solubility.cc.o
[ 38%] Building CXX object CMakeFiles/aspect.exe.release.dir/source/material_model/reactive_fluid_transport.cc.o
[ 39%] Building CXX object CMakeFiles/aspect.exe.release.dir/source/material_model/replace_lithosphere_viscosity.cc.o
[ 39%] Building CXX object CMakeFiles/aspect.exe.release.dir/source/material_model/rheology/ascii_depth_profile.cc.o
[ 39%] Building CXX object CMakeFiles/aspect.exe.release.dir/source/material_model/rheology/composite_visco_plastic.cc.o
[ 39%] Building CXX object CMakeFiles/aspect.exe.release.dir/source/material_model/rheology/compositional_viscosity_prefactors.cc.o
[ 39%] Building CXX object CMakeFiles/aspect.exe.release.dir/source/material_model/rheology/constant_viscosity.cc.o
[ 40%] Building CXX object CMakeFiles/aspect.exe.release.dir/source/material_model/rheology/constant_viscosity_prefactors.cc.o
[ 40%] Building CXX object CMakeFiles/aspect.exe.release.dir/source/material_model/rheology/diffusion_creep.cc.o
[ 40%] Building CXX object CMakeFiles/aspect.exe.release.dir/source/material_model/rheology/diffusion_dislocation.cc.o
[ 40%] Building CXX object CMakeFiles/aspect.exe.release.dir/source/material_model/rheology/dislocation_creep.cc.o
[ 40%] Building CXX object CMakeFiles/aspect.exe.release.dir/source/material_model/rheology/drucker_prager.cc.o
[ 41%] Building CXX object CMakeFiles/aspect.exe.release.dir/source/material_model/rheology/drucker_prager_power.cc.o
[ 41%] Building CXX object CMakeFiles/aspect.exe.release.dir/source/material_model/rheology/elasticity.cc.o
[ 41%] Building CXX object CMakeFiles/aspect.exe.release.dir/source/material_model/rheology/fault_friction.cc.o
[ 41%] Building CXX object CMakeFiles/aspect.exe.release.dir/source/material_model/rheology/frank_kamenetskii.cc.o
[ 41%] Building CXX object CMakeFiles/aspect.exe.release.dir/source/material_model/rheology/friction_models.cc.o
[ 42%] Building CXX object CMakeFiles/aspect.exe.release.dir/source/material_model/rheology/grain_boundary_sliding.cc.o
/home/ein/repository/aspect-pf-rsf-refactor/source/material_model/rheology/fault_friction.cc: In instantiation of ‘[01m[Kdouble aspect::MaterialModel::Rheology::FaultFriction<dim>::update_state(const std::vector<double>&, double, double, double) const [with int dim = 2][m[K’:
[01m[K/home/ein/repository/aspect-pf-rsf-refactor/source/material_model/rheology/fault_friction.cc:454:7:[m[K   required from here
[01m[K/home/ein/repository/aspect-pf-rsf-refactor/source/material_model/rheology/fault_friction.cc:54:47:[m[K [01;35m[Kwarning: [m[Kunused parameter ‘[01m[Kvolume_fractions[m[K’ [[01;35m[K-Wunused-parameter[m[K]
   54 |       update_state([01;35m[Kconst std::vector<double> &volume_fractions[m[K,
      |                    [01;35m[K~~~~~~~~~~~~~~~~~~~~~~~~~~~^~~~~~~~~~~~~~~~[m[K
/home/ein/repository/aspect-pf-rsf-refactor/source/material_model/rheology/fault_friction.cc: In instantiation of ‘[01m[Kdouble aspect::MaterialModel::Rheology::FaultFriction<dim>::update_state(const std::vector<double>&, double, double, double) const [with int dim = 3][m[K’:
[01m[K/home/ein/repository/aspect-pf-rsf-refactor/source/material_model/rheology/fault_friction.cc:454:7:[m[K   required from here
[01m[K/home/ein/repository/aspect-pf-rsf-refactor/source/material_model/rheology/fault_friction.cc:54:47:[m[K [01;35m[Kwarning: [m[Kunused parameter ‘[01m[Kvolume_fractions[m[K’ [[01;35m[K-Wunused-parameter[m[K]
[ 42%] Building CXX object CMakeFiles/aspect.exe.release.dir/source/material_model/rheology/peierls_creep.cc.o
[ 42%] Building CXX object CMakeFiles/aspect.exe.release.dir/source/material_model/rheology/strain_dependent.cc.o
[ 42%] Building CXX object CMakeFiles/aspect.exe.release.dir/source/material_model/rheology/visco_plastic.cc.o
[ 43%] Building CXX object CMakeFiles/aspect.exe.release.dir/source/material_model/simple.cc.o
[ 43%] Building CXX object CMakeFiles/aspect.exe.release.dir/source/material_model/simple_compressible.cc.o
[ 43%] Building CXX object CMakeFiles/aspect.exe.release.dir/source/material_model/simpler.cc.o
[ 43%] Building CXX object CMakeFiles/aspect.exe.release.dir/source/material_model/steinberger.cc.o
[ 43%] Building CXX object CMakeFiles/aspect.exe.release.dir/source/material_model/thermal_conductivity/constant.cc.o
[ 44%] Building CXX object CMakeFiles/aspect.exe.release.dir/source/material_model/thermal_conductivity/tosi_stackhouse.cc.o
[ 44%] Building CXX object CMakeFiles/aspect.exe.release.dir/source/material_model/utilities.cc.o
[ 44%] Building CXX object CMakeFiles/aspect.exe.release.dir/source/material_model/visco_plastic.cc.o
[ 44%] Building CXX object CMakeFiles/aspect.exe.release.dir/source/material_model/viscoelastic.cc.o
[ 44%] Building CXX object CMakeFiles/aspect.exe.release.dir/source/mesh_deformation/ascii_data.cc.o
[ 45%] Building CXX object CMakeFiles/aspect.exe.release.dir/source/mesh_deformation/diffusion.cc.o
[ 45%] Building CXX object CMakeFiles/aspect.exe.release.dir/source/mesh_deformation/fastscape.cc.o
[ 45%] Building CXX object CMakeFiles/aspect.exe.release.dir/source/mesh_deformation/free_surface.cc.o
[ 45%] Building CXX object CMakeFiles/aspect.exe.release.dir/source/mesh_deformation/function.cc.o
[ 45%] Building CXX object CMakeFiles/aspect.exe.release.dir/source/mesh_deformation/interface.cc.o
[ 46%] Building CXX object CMakeFiles/aspect.exe.release.dir/source/mesh_refinement/artificial_viscosity.cc.o
[ 46%] Building CXX object CMakeFiles/aspect.exe.release.dir/source/mesh_refinement/boundary.cc.o
[ 46%] Building CXX object CMakeFiles/aspect.exe.release.dir/source/mesh_refinement/compaction_length.cc.o
[ 46%] Building CXX object CMakeFiles/aspect.exe.release.dir/source/mesh_refinement/composition.cc.o
[ 47%] Building CXX object CMakeFiles/aspect.exe.release.dir/source/mesh_refinement/composition_approximate_gradient.cc.o
[ 47%] Building CXX object CMakeFiles/aspect.exe.release.dir/source/mesh_refinement/composition_gradient.cc.o
[ 47%] Building CXX object CMakeFiles/aspect.exe.release.dir/source/mesh_refinement/composition_threshold.cc.o
[ 47%] Building CXX object CMakeFiles/aspect.exe.release.dir/source/mesh_refinement/density.cc.o
[ 47%] Building CXX object CMakeFiles/aspect.exe.release.dir/source/mesh_refinement/interface.cc.o
[ 48%] Building CXX object CMakeFiles/aspect.exe.release.dir/source/mesh_refinement/isosurfaces.cc.o
[ 48%] Building CXX object CMakeFiles/aspect.exe.release.dir/source/mesh_refinement/maximum_refinement_function.cc.o
[ 48%] Building CXX object CMakeFiles/aspect.exe.release.dir/source/mesh_refinement/minimum_refinement_function.cc.o
[ 48%] Building CXX object CMakeFiles/aspect.exe.release.dir/source/mesh_refinement/nonadiabatic_temperature.cc.o
[ 48%] Building CXX object CMakeFiles/aspect.exe.release.dir/source/mesh_refinement/nonadiabatic_temperature_threshold.cc.o
[ 49%] Building CXX object CMakeFiles/aspect.exe.release.dir/source/mesh_refinement/particle_density.cc.o
[ 49%] Building CXX object CMakeFiles/aspect.exe.release.dir/source/mesh_refinement/phase_field.cc.o
[ 49%] Building CXX object CMakeFiles/aspect.exe.release.dir/source/mesh_refinement/slope.cc.o
[ 49%] Building CXX object CMakeFiles/aspect.exe.release.dir/source/mesh_refinement/strain_rate.cc.o
[ 49%] Building CXX object CMakeFiles/aspect.exe.release.dir/source/mesh_refinement/temperature.cc.o
[ 50%] Building CXX object CMakeFiles/aspect.exe.release.dir/source/mesh_refinement/thermal_energy_density.cc.o
[ 50%] Building CXX object CMakeFiles/aspect.exe.release.dir/source/mesh_refinement/topography.cc.o
[ 50%] Building CXX object CMakeFiles/aspect.exe.release.dir/source/mesh_refinement/velocity.cc.o
[ 50%] Building CXX object CMakeFiles/aspect.exe.release.dir/source/mesh_refinement/viscosity.cc.o
[ 51%] Building CXX object CMakeFiles/aspect.exe.release.dir/source/mesh_refinement/volume_of_fluid_interface.cc.o
[ 51%] Building CXX object CMakeFiles/aspect.exe.release.dir/source/particle/distribution.cc.o
[ 51%] Building CXX object CMakeFiles/aspect.exe.release.dir/source/particle/generator/ascii_file.cc.o
[ 51%] Building CXX object CMakeFiles/aspect.exe.release.dir/source/particle/generator/interface.cc.o
[ 51%] Building CXX object CMakeFiles/aspect.exe.release.dir/source/particle/generator/probability_density_function.cc.o
[ 52%] Building CXX object CMakeFiles/aspect.exe.release.dir/source/particle/generator/quadrature_points.cc.o
[ 52%] Building CXX object CMakeFiles/aspect.exe.release.dir/source/particle/generator/random_uniform.cc.o
[ 52%] Building CXX object CMakeFiles/aspect.exe.release.dir/source/particle/generator/reference_cell.cc.o
[ 52%] Building CXX object CMakeFiles/aspect.exe.release.dir/source/particle/generator/uniform_box.cc.o
[ 52%] Building CXX object CMakeFiles/aspect.exe.release.dir/source/particle/generator/uniform_radial.cc.o
[ 53%] Building CXX object CMakeFiles/aspect.exe.release.dir/source/particle/integrator/euler.cc.o
[ 53%] Building CXX object CMakeFiles/aspect.exe.release.dir/source/particle/integrator/interface.cc.o
[ 53%] Building CXX object CMakeFiles/aspect.exe.release.dir/source/particle/integrator/rk_2.cc.o
[ 53%] Building CXX object CMakeFiles/aspect.exe.release.dir/source/particle/integrator/rk_4.cc.o
[ 54%] Building CXX object CMakeFiles/aspect.exe.release.dir/source/particle/interface.cc.o
[ 54%] Building CXX object CMakeFiles/aspect.exe.release.dir/source/particle/interpolator/cell_average.cc.o
[ 54%] Building CXX object CMakeFiles/aspect.exe.release.dir/source/particle/interpolator/distance_weighted_average.cc.o
[ 54%] Building CXX object CMakeFiles/aspect.exe.release.dir/source/particle/interpolator/harmonic_average.cc.o
[ 54%] Building CXX object CMakeFiles/aspect.exe.release.dir/source/particle/interpolator/interface.cc.o
[ 55%] Building CXX object CMakeFiles/aspect.exe.release.dir/source/particle/interpolator/linear_least_squares.cc.o
[ 55%] Building CXX object CMakeFiles/aspect.exe.release.dir/source/particle/interpolator/nearest_neighbor.cc.o
[ 55%] Building CXX object CMakeFiles/aspect.exe.release.dir/source/particle/interpolator/quadratic_least_squares.cc.o
[ 55%] Building CXX object CMakeFiles/aspect.exe.release.dir/source/particle/interpolator/voronoi_linear_reconstruction.cc.o
[ 55%] Building CXX object CMakeFiles/aspect.exe.release.dir/source/particle/manager.cc.o
[ 56%] Building CXX object CMakeFiles/aspect.exe.release.dir/source/particle/particle_domain.cc.o
[ 56%] Building CXX object CMakeFiles/aspect.exe.release.dir/source/particle/property/composition.cc.o
[01m[K/home/ein/repository/aspect-pf-rsf-refactor/source/particle/particle_domain.cc:[m[K In member function ‘[01m[Kvoid aspect::Particle::internal::VoronoiCell<dim>::reinit(dealii::types::particle_index, const std::vector<double>&, const std::vector<int>&, const std::vector<int>&, const dealii::BoundingBox<spacedim>&) [with int dim = 3; dealii::types::particle_index = unsigned int][m[K’:
[01m[K/home/ein/repository/aspect-pf-rsf-refactor/source/particle/particle_domain.cc:703:59:[m[K [01;35m[Kwarning: [m[Kunused parameter ‘[01m[Kparticle_index_[m[K’ [[01;35m[K-Wunused-parameter[m[K]
  703 |       VoronoiCell<3>::reinit([01;35m[Kconst types::particle_index  particle_index_[m[K,
      |                              [01;35m[K~~~~~~~~~~~~~~~~~~~~~~~~~~~~~^~~~~~~~~~~~~~~[m[K
[01m[K/home/ein/repository/aspect-pf-rsf-refactor/source/particle/particle_domain.cc:704:59:[m[K [01;35m[Kwarning: [m[Kunused parameter ‘[01m[Kvoro_vertices[m[K’ [[01;35m[K-Wunused-parameter[m[K]
  704 |                              [01;35m[Kconst std::vector<double>   &voro_vertices[m[K,
      |                              [01;35m[K~~~~~~~~~~~~~~~~~~~~~~~~~~~~~^~~~~~~~~~~~~[m[K
[01m[K/home/ein/repository/aspect-pf-rsf-refactor/source/particle/particle_domain.cc:705:59:[m[K [01;35m[Kwarning: [m[Kunused parameter ‘[01m[Kvoro_faces[m[K’ [[01;35m[K-Wunused-parameter[m[K]
  705 |                              [01;35m[Kconst std::vector<int>      &voro_faces[m[K,
      |                              [01;35m[K~~~~~~~~~~~~~~~~~~~~~~~~~~~~~^~~~~~~~~~[m[K
[01m[K/home/ein/repository/aspect-pf-rsf-refactor/source/particle/particle_domain.cc:706:59:[m[K [01;35m[Kwarning: [m[Kunused parameter ‘[01m[Kvoro_neighbors[m[K’ [[01;35m[K-Wunused-parameter[m[K]
  706 |                              [01;35m[Kconst std::vector<int>      &voro_neighbors[m[K,
      |                              [01;35m[K~~~~~~~~~~~~~~~~~~~~~~~~~~~~~^~~~~~~~~~~~~~[m[K
[01m[K/home/ein/repository/aspect-pf-rsf-refactor/source/particle/particle_domain.cc:707:59:[m[K [01;35m[Kwarning: [m[Kunused parameter ‘[01m[Kbounding_box[m[K’ [[01;35m[K-Wunused-parameter[m[K]
  707 |                              [01;35m[Kconst BoundingBox<3>        &bounding_box[m[K)
      |                              [01;35m[K~~~~~~~~~~~~~~~~~~~~~~~~~~~~~^~~~~~~~~~~~[m[K
[ 56%] Building CXX object CMakeFiles/aspect.exe.release.dir/source/particle/property/composition_reaction.cc.o
[ 56%] Building CXX object CMakeFiles/aspect.exe.release.dir/source/particle/property/cpo_bingham_average.cc.o
[ 56%] Building CXX object CMakeFiles/aspect.exe.release.dir/source/particle/property/cpo_elastic_tensor.cc.o
[ 57%] Building CXX object CMakeFiles/aspect.exe.release.dir/source/particle/property/crack_driving_force.cc.o
[ 57%] Building CXX object CMakeFiles/aspect.exe.release.dir/source/particle/property/crust_and_lithosphere_formation.cc.o
[ 57%] Building CXX object CMakeFiles/aspect.exe.release.dir/source/particle/property/crystal_preferred_orientation.cc.o
[ 57%] Building CXX object CMakeFiles/aspect.exe.release.dir/source/particle/property/elastic_stress.cc.o
/home/ein/repository/aspect-pf-rsf-refactor/source/particle/property/crack_driving_force.cc: In instantiation of ‘[01m[Kvoid aspect::Particle::Property::CrackDrivingForce<dim>::initialize_one_particle_property(const dealii::Point<dim>&, std::vector<double>&) const [with int dim = 2][m[K’:
[01m[K/home/ein/repository/aspect-pf-rsf-refactor/source/particle/property/crack_driving_force.cc:82:7:[m[K   required from here
[01m[K/home/ein/repository/aspect-pf-rsf-refactor/source/particle/property/crack_driving_force.cc:52:76:[m[K [01;31m[Kerror: [m[Kinvalid use of incomplete type ‘[01m[Kconst class aspect::InitialComposition::Manager<2>[m[K’
   52 |           initial_composition[j] = [01;31m[Kthis->get_initial_composition_manager().initial_composition[m[K(position, j);
      |                                    [01;31m[K~~~~~~~~~~~~~~~~~~~~~~~~~~~~~~~~~~~~~~~~^~~~~~~~~~~~~~~~~~~[m[K
In file included from [01m[K/home/ein/repository/aspect-pf-rsf-refactor/include/aspect/particle/property/interface.h:28[m[K,
                 from [01m[K/home/ein/repository/aspect-pf-rsf-refactor/include/aspect/particle/property/crack_driving_force.h:24[m[K,
                 from [01m[K/home/ein/repository/aspect-pf-rsf-refactor/source/particle/property/crack_driving_force.cc:21[m[K:
[01m[K/home/ein/repository/aspect-pf-rsf-refactor/include/aspect/simulator_access.h:109:30:[m[K [01;36m[Knote: [m[Kdeclaration of ‘[01m[Kclass aspect::InitialComposition::Manager<2>[m[K’
  109 |     template <int dim> class [01;36m[KManager[m[K;
      |                              [01;36m[K^~~~~~~[m[K
/home/ein/repository/aspect-pf-rsf-refactor/source/particle/property/crack_driving_force.cc: In instantiation of ‘[01m[Kvoid aspect::Particle::Property::CrackDrivingForce<dim>::initialize_one_particle_property(const dealii::Point<dim>&, std::vector<double>&) const [with int dim = 3][m[K’:
[01m[K/home/ein/repository/aspect-pf-rsf-refactor/source/particle/property/crack_driving_force.cc:82:7:[m[K   required from here
[01m[K/home/ein/repository/aspect-pf-rsf-refactor/source/particle/property/crack_driving_force.cc:52:76:[m[K [01;31m[Kerror: [m[Kinvalid use of incomplete type ‘[01m[Kconst class aspect::InitialComposition::Manager<3>[m[K’
   52 |           initial_composition[j] = [01;31m[Kthis->get_initial_composition_manager().initial_composition[m[K(position, j);
      |                                    [01;31m[K~~~~~~~~~~~~~~~~~~~~~~~~~~~~~~~~~~~~~~~~^~~~~~~~~~~~~~~~~~~[m[K
[01m[K/home/ein/repository/aspect-pf-rsf-refactor/include/aspect/simulator_access.h:109:30:[m[K [01;36m[Knote: [m[Kdeclaration of ‘[01m[Kclass aspect::InitialComposition::Manager<3>[m[K’
  109 |     template <int dim> class [01;36m[KManager[m[K;
      |                              [01;36m[K^~~~~~~[m[K
make[2]: *** [CMakeFiles/aspect.exe.release.dir/build.make:3509: CMakeFiles/aspect.exe.release.dir/source/particle/property/crack_driving_force.cc.o] Error 1
make[2]: *** Waiting for unfinished jobs....
make[1]: *** [CMakeFiles/Makefile2:202: CMakeFiles/aspect.exe.release.dir/all] Error 2
make: *** [Makefile:136: all] Error 2
