[  1%] Built target WorldBuilderRelease
[  1%] Built target gwb-dat
[  2%] Built target gwb-grid
[  4%] Built target unit_tests
[  4%] Building CXX object CMakeFiles/aspect.exe.release.dir/source/simulator/phase_field.cc.o
[  5%] Building CXX object CMakeFiles/aspect.exe.release.dir/source/simulator/solver/reconstructed_fault_bound_diagnostics.cc.o
[  5%] Building CXX object CMakeFiles/aspect.exe.release.dir/source/simulator/solver/reconstructed_fault_condensed_system.cc.o
[  5%] Building CXX object CMakeFiles/aspect.exe.release.dir/source/simulator/solver/reconstructed_fault_stokes.cc.o
[  5%] Building CXX object CMakeFiles/aspect.exe.release.dir/source/simulator/solver/stokes_direct.cc.o
[  5%] Building CXX object CMakeFiles/aspect.exe.release.dir/source/simulator/solver/reconstructed_fault_nonlinear.cc.o
[  6%] Building CXX object CMakeFiles/aspect.exe.release.dir/source/simulator/solver/stokes_matrix_free.cc.o
[  6%] Building CXX object CMakeFiles/aspect.exe.release.dir/source/simulator/solver/stokes_matrix_free_global_coarsening.cc.o
[  6%] Building CXX object CMakeFiles/aspect.exe.release.dir/source/simulator/solver/stokes_matrix_free_local_smoothing.cc.o
[  6%] Building CXX object CMakeFiles/aspect.exe.release.dir/source/simulator/solver_schemes.cc.o
[  6%] Building CXX object CMakeFiles/aspect.exe.release.dir/source/solution_evaluator.cc.o
[  7%] Building CXX object CMakeFiles/aspect.exe.release.dir/source/structured_data.cc.o
[  7%] Building CXX object CMakeFiles/aspect.exe.release.dir/source/termination_criteria/end_step.cc.o
[  7%] Building CXX object CMakeFiles/aspect.exe.release.dir/source/termination_criteria/end_time.cc.o
[  7%] Building CXX object CMakeFiles/aspect.exe.release.dir/source/termination_criteria/end_walltime.cc.o
[  7%] Building CXX object CMakeFiles/aspect.exe.release.dir/source/termination_criteria/interface.cc.o
[  8%] Building CXX object CMakeFiles/aspect.exe.release.dir/source/termination_criteria/steady_heat_flux.cc.o
[  8%] Building CXX object CMakeFiles/aspect.exe.release.dir/source/termination_criteria/steady_rms_velocity.cc.o
[  8%] Building CXX object CMakeFiles/aspect.exe.release.dir/source/termination_criteria/steady_temperature.cc.o
[  8%] Building CXX object CMakeFiles/aspect.exe.release.dir/source/termination_criteria/user_request.cc.o
[  8%] Building CXX object CMakeFiles/aspect.exe.release.dir/source/time_stepping/conduction_time_step.cc.o
[  9%] Building CXX object CMakeFiles/aspect.exe.release.dir/source/time_stepping/convection_time_step.cc.o
[  9%] Building CXX object CMakeFiles/aspect.exe.release.dir/source/time_stepping/function.cc.o
[  9%] Building CXX object CMakeFiles/aspect.exe.release.dir/source/time_stepping/interface.cc.o
[  9%] Building CXX object CMakeFiles/aspect.exe.release.dir/source/time_stepping/reconstructed_fault.cc.o
[ 10%] Building CXX object CMakeFiles/aspect.exe.release.dir/source/time_stepping/repeat_on_cutback.cc.o
[ 10%] Building CXX object CMakeFiles/aspect.exe.release.dir/source/time_stepping/repeat_on_nonlinear_fail.cc.o
[ 10%] Building CXX object CMakeFiles/aspect.exe.release.dir/source/utilities.cc.o
[ 10%] Building CXX object CMakeFiles/aspect.exe.release.dir/source/volume_of_fluid/assembler.cc.o
[ 10%] Building CXX object CMakeFiles/aspect.exe.release.dir/source/volume_of_fluid/handler.cc.o
[ 11%] Building CXX object CMakeFiles/aspect.exe.release.dir/source/volume_of_fluid/reconstruct.cc.o
[ 11%] Building CXX object CMakeFiles/aspect.exe.release.dir/source/volume_of_fluid/setup_initial_conditions.cc.o
[ 11%] Building CXX object CMakeFiles/aspect.exe.release.dir/source/volume_of_fluid/solver.cc.o
[ 11%] Building CXX object CMakeFiles/aspect.exe.release.dir/source/volume_of_fluid/utilities.cc.o
[ 11%] Linking CXX executable aspect-release
[100%] Built target aspect.exe.release
[100%] Creating symlink from aspect.exe.release to './aspect'
[100%] Built target aspect
