[  1%] Building Fortran object world_builder_release/CMakeFiles/WorldBuilderRelease.dir/source/world_builder/wrapper_fortran.f90.o
[  2%] Building CXX object world_builder_release/CMakeFiles/WorldBuilderRelease.dir/Unity/unity_0_cxx.cxx.o
[  3%] Building CXX object world_builder_release/CMakeFiles/WorldBuilderRelease.dir/source/world_builder/parameters.cc.o
[  5%] Building CXX object world_builder_release/CMakeFiles/WorldBuilderRelease.dir/source/world_builder/point.cc.o
[  6%] Linking CXX static library lib/libWorldBuilderRelease.a
[  6%] Built target WorldBuilderRelease
[  9%] Building CXX object world_builder_release/CMakeFiles/gwb-dat.dir/source/gwb-dat/main.cc.o
[  9%] Building CXX object world_builder_release/CMakeFiles/gwb-grid.dir/source/gwb-grid/main.cc.o
[ 10%] Building CXX object CMakeFiles/aspect.exe.release.dir/cmake_pch.hxx.gch
[ 11%] Linking CXX executable bin/gwb-dat
[ 11%] Built target gwb-dat
[ 13%] Building CXX object world_builder_release/tests/CMakeFiles/unit_tests.dir/unit_tests/bounding_box.cc.o
[ 14%] Building CXX object world_builder_release/tests/CMakeFiles/unit_tests.dir/unit_tests/gwb_gravity.cc.o
[ 15%] Building CXX object world_builder_release/tests/CMakeFiles/unit_tests.dir/unit_tests/kd_tree.cc.o
[ 17%] Building CXX object world_builder_release/tests/CMakeFiles/unit_tests.dir/unit_tests/main.cc.o
[ 18%] Linking CXX executable bin/gwb-grid
[ 18%] Built target gwb-grid
[ 19%] Building CXX object world_builder_release/tests/CMakeFiles/unit_tests.dir/unit_tests/unit_test_wb_glm.cc.o
[ 21%] Building CXX object world_builder_release/tests/CMakeFiles/unit_tests.dir/unit_tests/unit_test_world_builder.cc.o
[ 22%] Building CXX object world_builder_release/tests/CMakeFiles/unit_tests.dir/unit_tests/utilities.cc.o
[ 23%] Linking CXX executable ../../bin/unit_tests
[ 23%] Built target unit_tests
[ 25%] Building CXX object CMakeFiles/aspect.exe.release.dir/Unity/unity_55_cxx.cxx.o
[ 26%] Building CXX object CMakeFiles/aspect.exe.release.dir/Unity/unity_54_cxx.cxx.o
[ 27%] Building CXX object CMakeFiles/aspect.exe.release.dir/Unity/unity_53_cxx.cxx.o
[ 28%] Building CXX object CMakeFiles/aspect.exe.release.dir/Unity/unity_52_cxx.cxx.o
[ 30%] Building CXX object CMakeFiles/aspect.exe.release.dir/Unity/unity_51_cxx.cxx.o
[ 31%] Building CXX object CMakeFiles/aspect.exe.release.dir/Unity/unity_50_cxx.cxx.o
[ 32%] Building CXX object CMakeFiles/aspect.exe.release.dir/Unity/unity_49_cxx.cxx.o
[ 34%] Building CXX object CMakeFiles/aspect.exe.release.dir/Unity/unity_48_cxx.cxx.o
In file included from [01m[K/opt/trilinos/14.2.0-local/include/desul/atomics/Fetch_Op.hpp:30[m[K,
                 from [01m[K/opt/trilinos/14.2.0-local/include/desul/atomics/Generic.hpp:13[m[K,
                 from [01m[K/opt/trilinos/14.2.0-local/include/desul/atomics/Atomic_Ref.hpp:14[m[K,
                 from [01m[K/opt/trilinos/14.2.0-local/include/desul/atomics.hpp:12[m[K,
                 from [01m[K/opt/trilinos/14.2.0-local/include/Kokkos_Atomics_Desul_Wrapper.hpp:28[m[K,
                 from [01m[K/opt/trilinos/14.2.0-local/include/Kokkos_Atomic.hpp:50[m[K,
                 from [01m[K/opt/trilinos/14.2.0-local/include/impl/Kokkos_Atomic_View.hpp:20[m[K,
                 from [01m[K/opt/trilinos/14.2.0-local/include/impl/Kokkos_ViewMapping.hpp:32[m[K,
                 from [01m[K/opt/trilinos/14.2.0-local/include/Kokkos_View.hpp:489[m[K,
                 from [01m[K/opt/trilinos/14.2.0-local/include/Kokkos_Parallel.hpp:31[m[K,
                 from [01m[K/opt/trilinos/14.2.0-local/include/Kokkos_MemoryPool.hpp:26[m[K,
                 from [01m[K/opt/trilinos/14.2.0-local/include/Kokkos_TaskScheduler.hpp:34[m[K,
                 from [01m[K/opt/trilinos/14.2.0-local/include/Kokkos_Serial.hpp:36[m[K,
                 from [01m[K/opt/trilinos/14.2.0-local/include/decl/Kokkos_Declare_SERIAL.hpp:21[m[K,
                 from [01m[K/opt/trilinos/14.2.0-local/include/KokkosCore_Config_DeclareBackend.hpp:22[m[K,
                 from [01m[K/opt/trilinos/14.2.0-local/include/Kokkos_Core.hpp:45[m[K,
                 from [01m[K/opt/dealii/9.6-local/include/deal.II/base/exceptions.h:25[m[K,
                 from [01m[K/opt/dealii/9.6-local/include/deal.II/base/array_view.h:20[m[K,
                 from [01m[K/opt/dealii/9.6-local/include/deal.II/base/mpi.h:20[m[K,
                 from [01m[K/home/ein/repository/aspect-pf-rsf-refactor/include/aspect/global.h:28[m[K,
                 from [01m[K/home/ein/repository/aspect-pf-rsf-refactor/build-refactor-post-r6-gcc12-unity/CMakeFiles/aspect.exe.release.dir/cmake_pch.hxx:5[m[K,
                 from [01m[K<command-line>[m[K:
In function ‘[01m[KT desul::Impl::host_atomic_fetch_oper(const Oper&, T*, dont_deduce_this_parameter_t<const T>, MemoryOrder, desul::MemoryScopeCaller) [with Oper = sub_operator<int, const int>; T = int; MemoryOrder = desul::MemoryOrderRelaxed][m[K’,
    inlined from ‘[01m[KT desul::Impl::host_atomic_fetch_sub(T*, T, MemoryOrder, MemoryScope) [with T = int; MemoryOrder = desul::MemoryOrderRelaxed; MemoryScope = desul::MemoryScopeCaller][m[K’ at [01m[K/opt/trilinos/14.2.0-local/include/desul/atomics/Fetch_Op_Generic.hpp:40:1[m[K,
    inlined from ‘[01m[KT desul::atomic_fetch_sub(T*, T, MemoryOrder, MemoryScope) [with T = int; MemoryOrder = MemoryOrderRelaxed; MemoryScope = MemoryScopeCaller][m[K’ at [01m[K/opt/trilinos/14.2.0-local/include/desul/atomics/Generic.hpp:54:3[m[K,
    inlined from ‘[01m[KT Kokkos::atomic_fetch_sub(T*, desul::Impl::dont_deduce_this_parameter_t<const T>) [with T = int][m[K’ at [01m[K/opt/trilinos/14.2.0-local/include/Kokkos_Atomics_Desul_Wrapper.hpp:85:125[m[K,
    inlined from ‘[01m[Kvoid Kokkos::Impl::HostSharedPtr<T>::cleanup() [with T = Kokkos::Impl::SerialInternal][m[K’ at [01m[K/opt/trilinos/14.2.0-local/include/impl/Kokkos_HostSharedPtr.hpp:120:5[m[K,
    inlined from ‘[01m[KKokkos::Impl::HostSharedPtr<T>::~HostSharedPtr() [with T = Kokkos::Impl::SerialInternal][m[K’ at [01m[K/opt/trilinos/14.2.0-local/include/impl/Kokkos_HostSharedPtr.hpp:92:45[m[K,
    inlined from ‘[01m[KKokkos::Serial::~Serial()[m[K’ at [01m[K/opt/trilinos/14.2.0-local/include/Kokkos_Serial.hpp:87:7[m[K,
    inlined from ‘[01m[KKokkos::RangePolicy<Kokkos::Serial, Kokkos::IndexType<unsigned int> >::~RangePolicy()[m[K’ at [01m[K/opt/trilinos/14.2.0-local/include/Kokkos_ExecPolicy.hpp:67:7[m[K,
    inlined from ‘[01m[Kvoid Kokkos::parallel_for(const std::string&, const ExecPolicy&, const FunctorType&) [with ExecPolicy = RangePolicy<Serial, IndexType<unsigned int> >; FunctorType = dealii::internal::set_initial_guess<double, dealii::MemorySpace::Host>(dealii::LinearAlgebra::distributed::Vector<double>&)::<lambda(dealii::types::global_dof_index)>; Enable = void][m[K’ at [01m[K/opt/trilinos/14.2.0-local/include/Kokkos_Parallel.hpp:147:1[m[K:
[01m[K/opt/trilinos/14.2.0-local/include/desul/atomics/Fetch_Op_ScopeCaller.hpp:44:1:[m[K [01;35m[Kwarning: [m[Kpointer used after ‘[01m[Kvoid operator delete(void*, std::size_t)[m[K’ [[01;35m[K-Wuse-after-free[m[K]
   44 | [01;35m[KDESUL_IMPL_ATOMIC_FETCH_OPER[m[K(DESUL_IMPL_HOST_FUNCTION, host)
      | [01;35m[K^~~~~~~~~~~~~~~~~~~~~~~~~~~~[m[K
In file included from [01m[K/opt/dealii/9.6-local/include/deal.II/base/numbers.h:27[m[K,
                 from [01m[K/opt/dealii/9.6-local/include/deal.II/base/config.h:608[m[K,
                 from [01m[K/opt/dealii/9.6-local/include/deal.II/base/mpi.h:18[m[K:
In member function ‘[01m[Kvoid Kokkos::Impl::HostSharedPtr<T>::cleanup() [with T = Kokkos::Impl::SerialInternal][m[K’,
    inlined from ‘[01m[KKokkos::Impl::HostSharedPtr<T>::~HostSharedPtr() [with T = Kokkos::Impl::SerialInternal][m[K’ at [01m[K/opt/trilinos/14.2.0-local/include/impl/Kokkos_HostSharedPtr.hpp:92:45[m[K,
    inlined from ‘[01m[KKokkos::Serial::~Serial()[m[K’ at [01m[K/opt/trilinos/14.2.0-local/include/Kokkos_Serial.hpp:87:7[m[K,
    inlined from ‘[01m[KKokkos::RangePolicy<Kokkos::Serial, Kokkos::IndexType<unsigned int> >::~RangePolicy()[m[K’ at [01m[K/opt/trilinos/14.2.0-local/include/Kokkos_ExecPolicy.hpp:67:7[m[K,
    inlined from ‘[01m[KKokkos::Impl::ParallelFor<dealii::internal::set_initial_guess<double, dealii::MemorySpace::Host>(dealii::LinearAlgebra::distributed::Vector<double>&)::<lambda(dealii::types::global_dof_index)>, Kokkos::RangePolicy<Kokkos::Serial, Kokkos::IndexType<unsigned int> >, Kokkos::Serial>::~ParallelFor()[m[K’ at [01m[K/opt/trilinos/14.2.0-local/include/Serial/Kokkos_Serial_Parallel_Range.hpp:26:7[m[K,
    inlined from ‘[01m[Kvoid Kokkos::parallel_for(const std::string&, const ExecPolicy&, const FunctorType&) [with ExecPolicy = RangePolicy<Serial, IndexType<unsigned int> >; FunctorType = dealii::internal::set_initial_guess<double, dealii::MemorySpace::Host>(dealii::LinearAlgebra::distributed::Vector<double>&)::<lambda(dealii::types::global_dof_index)>; Enable = void][m[K’ at [01m[K/opt/trilinos/14.2.0-local/include/Kokkos_Parallel.hpp:147:1[m[K:
[01m[K/opt/trilinos/14.2.0-local/include/impl/Kokkos_HostSharedPtr.hpp:120:5:[m[K [01;36m[Knote: [m[Kcall to ‘[01m[Kvoid operator delete(void*, std::size_t)[m[K’ here
  120 |     [01;36m[KKOKKOS_IF_ON_HOST[m[K((
      |     [01;36m[K^~~~~~~~~~~~~~~~~[m[K
In file included from [01m[K/home/ein/repository/aspect-pf-rsf-refactor/build-refactor-post-r6-gcc12-unity/CMakeFiles/aspect.exe.release.dir/Unity/unity_48_cxx.cxx:22[m[K:
/home/ein/repository/aspect-pf-rsf-refactor/source/simulator/assemblers/reconstructed_fault_stokes.cc: In instantiation of ‘[01m[Kvoid aspect::Assemblers::ReconstructedFaultStokes<dim>::execute(aspect::internal::Assembly::Scratch::ScratchBase<dim>&, aspect::internal::Assembly::CopyData::CopyDataBase<dim>&) const [with int dim = 2][m[K’:
[01m[K/home/ein/repository/aspect-pf-rsf-refactor/source/simulator/assemblers/reconstructed_fault_stokes.cc:585:5:[m[K   required from here
[01m[K/home/ein/repository/aspect-pf-rsf-refactor/source/simulator/assemblers/reconstructed_fault_stokes.cc:517:23:[m[K [01;35m[Kwarning: [m[Kunused variable ‘[01m[Kfield[m[K’ [[01;35m[K-Wunused-variable[m[K]
  517 |       for (const auto [01;35m[Kfield[m[K : stress_composition_indices)
      |                       [01;35m[K^~~~~[m[K
/home/ein/repository/aspect-pf-rsf-refactor/source/simulator/assemblers/reconstructed_fault_stokes.cc: In instantiation of ‘[01m[Kvoid aspect::Assemblers::ReconstructedFaultStokes<dim>::execute(aspect::internal::Assembly::Scratch::ScratchBase<dim>&, aspect::internal::Assembly::CopyData::CopyDataBase<dim>&) const [with int dim = 3][m[K’:
[01m[K/home/ein/repository/aspect-pf-rsf-refactor/source/simulator/assemblers/reconstructed_fault_stokes.cc:585:5:[m[K   required from here
[01m[K/home/ein/repository/aspect-pf-rsf-refactor/source/simulator/assemblers/reconstructed_fault_stokes.cc:517:23:[m[K [01;35m[Kwarning: [m[Kunused variable ‘[01m[Kfield[m[K’ [[01;35m[K-Wunused-variable[m[K]
[ 35%] Building CXX object CMakeFiles/aspect.exe.release.dir/Unity/unity_47_cxx.cxx.o
[ 36%] Building CXX object CMakeFiles/aspect.exe.release.dir/Unity/unity_46_cxx.cxx.o
[ 38%] Building CXX object CMakeFiles/aspect.exe.release.dir/Unity/unity_45_cxx.cxx.o
[ 39%] Building CXX object CMakeFiles/aspect.exe.release.dir/Unity/unity_44_cxx.cxx.o
[ 40%] Building CXX object CMakeFiles/aspect.exe.release.dir/Unity/unity_43_cxx.cxx.o
[ 42%] Building CXX object CMakeFiles/aspect.exe.release.dir/Unity/unity_42_cxx.cxx.o
[ 43%] Building CXX object CMakeFiles/aspect.exe.release.dir/Unity/unity_41_cxx.cxx.o
[ 44%] Building CXX object CMakeFiles/aspect.exe.release.dir/Unity/unity_40_cxx.cxx.o
[ 46%] Building CXX object CMakeFiles/aspect.exe.release.dir/Unity/unity_39_cxx.cxx.o
[ 47%] Building CXX object CMakeFiles/aspect.exe.release.dir/Unity/unity_38_cxx.cxx.o
[ 48%] Building CXX object CMakeFiles/aspect.exe.release.dir/Unity/unity_37_cxx.cxx.o
[ 50%] Building CXX object CMakeFiles/aspect.exe.release.dir/Unity/unity_36_cxx.cxx.o
[ 51%] Building CXX object CMakeFiles/aspect.exe.release.dir/Unity/unity_35_cxx.cxx.o
[ 52%] Building CXX object CMakeFiles/aspect.exe.release.dir/Unity/unity_34_cxx.cxx.o
[ 53%] Building CXX object CMakeFiles/aspect.exe.release.dir/Unity/unity_33_cxx.cxx.o
[ 55%] Building CXX object CMakeFiles/aspect.exe.release.dir/Unity/unity_32_cxx.cxx.o
[ 56%] Building CXX object CMakeFiles/aspect.exe.release.dir/Unity/unity_31_cxx.cxx.o
[ 57%] Building CXX object CMakeFiles/aspect.exe.release.dir/Unity/unity_30_cxx.cxx.o
In file included from [01m[K/home/ein/repository/aspect-pf-rsf-refactor/build-refactor-post-r6-gcc12-unity/CMakeFiles/aspect.exe.release.dir/Unity/unity_30_cxx.cxx:4[m[K:
[01m[K/home/ein/repository/aspect-pf-rsf-refactor/source/particle/particle_domain.cc:[m[K In member function ‘[01m[Kvoid aspect::Particle::internal::VoronoiCell<dim>::reinit(dealii::types::particle_index, const std::vector<double>&, const std::vector<int>&, const std::vector<int>&, const dealii::BoundingBox<spacedim>&) [with int dim = 3; dealii::types::particle_index = unsigned int][m[K’:
[01m[K/home/ein/repository/aspect-pf-rsf-refactor/source/particle/particle_domain.cc:703:59:[m[K [01;35m[Kwarning: [m[Kunused parameter ‘[01m[Kparticle_index_[m[K’ [[01;35m[K-Wunused-parameter[m[K]
  703 |       VoronoiCell<3>::reinit([01;35m[Kconst types::particle_index  particle_index_[m[K,
      |                              [01;35m[K~~~~~~~~~~~~~~~~~~~~~~~~~~~~~^~~~~~~~~~~~~~~[m[K
[01m[K/home/ein/repository/aspect-pf-rsf-refactor/source/particle/particle_domain.cc:704:59:[m[K [01;35m[Kwarning: [m[Kunused parameter ‘[01m[Kvoro_vertices[m[K’ [[01;35m[K-Wunused-parameter[m[K]
  704 |                              [01;35m[Kconst std::vector<double>   &voro_vertices[m[K,
      |                              [01;35m[K~~~~~~~~~~~~~~~~~~~~~~~~~~~~~^~~~~~~~~~~~~[m[K
[01m[K/home/ein/repository/aspect-pf-rsf-refactor/source/particle/particle_domain.cc:705:59:[m[K [01;35m[Kwarning: [m[Kunused parameter ‘[01m[Kvoro_faces[m[K’ [[01;35m[K-Wunused-parameter[m[K]
  705 |                              [01;35m[Kconst std::vector<int>      &voro_faces[m[K,
      |                              [01;35m[K~~~~~~~~~~~~~~~~~~~~~~~~~~~~~^~~~~~~~~~[m[K
[01m[K/home/ein/repository/aspect-pf-rsf-refactor/source/particle/particle_domain.cc:706:59:[m[K [01;35m[Kwarning: [m[Kunused parameter ‘[01m[Kvoro_neighbors[m[K’ [[01;35m[K-Wunused-parameter[m[K]
  706 |                              [01;35m[Kconst std::vector<int>      &voro_neighbors[m[K,
      |                              [01;35m[K~~~~~~~~~~~~~~~~~~~~~~~~~~~~~^~~~~~~~~~~~~~[m[K
[01m[K/home/ein/repository/aspect-pf-rsf-refactor/source/particle/particle_domain.cc:707:59:[m[K [01;35m[Kwarning: [m[Kunused parameter ‘[01m[Kbounding_box[m[K’ [[01;35m[K-Wunused-parameter[m[K]
  707 |                              [01;35m[Kconst BoundingBox<3>        &bounding_box[m[K)
      |                              [01;35m[K~~~~~~~~~~~~~~~~~~~~~~~~~~~~~^~~~~~~~~~~~[m[K
[ 59%] Building CXX object CMakeFiles/aspect.exe.release.dir/Unity/unity_29_cxx.cxx.o
[ 60%] Building CXX object CMakeFiles/aspect.exe.release.dir/Unity/unity_28_cxx.cxx.o
[ 61%] Building CXX object CMakeFiles/aspect.exe.release.dir/Unity/unity_27_cxx.cxx.o
[ 63%] Building CXX object CMakeFiles/aspect.exe.release.dir/Unity/unity_26_cxx.cxx.o
[ 64%] Building CXX object CMakeFiles/aspect.exe.release.dir/Unity/unity_25_cxx.cxx.o
[ 65%] Building CXX object CMakeFiles/aspect.exe.release.dir/Unity/unity_24_cxx.cxx.o
[ 67%] Building CXX object CMakeFiles/aspect.exe.release.dir/Unity/unity_23_cxx.cxx.o
[ 68%] Building CXX object CMakeFiles/aspect.exe.release.dir/Unity/unity_22_cxx.cxx.o
[ 69%] Building CXX object CMakeFiles/aspect.exe.release.dir/Unity/unity_21_cxx.cxx.o
In file included from [01m[K/home/ein/repository/aspect-pf-rsf-refactor/build-refactor-post-r6-gcc12-unity/CMakeFiles/aspect.exe.release.dir/Unity/unity_21_cxx.cxx:13[m[K:
/home/ein/repository/aspect-pf-rsf-refactor/source/material_model/rheology/fault_friction.cc: In instantiation of ‘[01m[Kdouble aspect::MaterialModel::Rheology::FaultFriction<dim>::update_state(const std::vector<double>&, double, double, double) const [with int dim = 2][m[K’:
[01m[K/home/ein/repository/aspect-pf-rsf-refactor/source/material_model/rheology/fault_friction.cc:454:7:[m[K   required from here
[01m[K/home/ein/repository/aspect-pf-rsf-refactor/source/material_model/rheology/fault_friction.cc:54:47:[m[K [01;35m[Kwarning: [m[Kunused parameter ‘[01m[Kvolume_fractions[m[K’ [[01;35m[K-Wunused-parameter[m[K]
   54 |       update_state([01;35m[Kconst std::vector<double> &volume_fractions[m[K,
      |                    [01;35m[K~~~~~~~~~~~~~~~~~~~~~~~~~~~^~~~~~~~~~~~~~~~[m[K
/home/ein/repository/aspect-pf-rsf-refactor/source/material_model/rheology/fault_friction.cc: In instantiation of ‘[01m[Kdouble aspect::MaterialModel::Rheology::FaultFriction<dim>::update_state(const std::vector<double>&, double, double, double) const [with int dim = 3][m[K’:
[01m[K/home/ein/repository/aspect-pf-rsf-refactor/source/material_model/rheology/fault_friction.cc:454:7:[m[K   required from here
[01m[K/home/ein/repository/aspect-pf-rsf-refactor/source/material_model/rheology/fault_friction.cc:54:47:[m[K [01;35m[Kwarning: [m[Kunused parameter ‘[01m[Kvolume_fractions[m[K’ [[01;35m[K-Wunused-parameter[m[K]
[ 71%] Building CXX object CMakeFiles/aspect.exe.release.dir/Unity/unity_20_cxx.cxx.o
[ 72%] Building CXX object CMakeFiles/aspect.exe.release.dir/Unity/unity_19_cxx.cxx.o
[ 73%] Building CXX object CMakeFiles/aspect.exe.release.dir/Unity/unity_18_cxx.cxx.o
In file included from [01m[K/opt/trilinos/14.2.0-local/include/desul/atomics/Fetch_Op.hpp:30[m[K,
                 from [01m[K/opt/trilinos/14.2.0-local/include/desul/atomics/Generic.hpp:13[m[K,
                 from [01m[K/opt/trilinos/14.2.0-local/include/desul/atomics/Atomic_Ref.hpp:14[m[K,
                 from [01m[K/opt/trilinos/14.2.0-local/include/desul/atomics.hpp:12[m[K,
                 from [01m[K/opt/trilinos/14.2.0-local/include/Kokkos_Atomics_Desul_Wrapper.hpp:28[m[K,
                 from [01m[K/opt/trilinos/14.2.0-local/include/Kokkos_Atomic.hpp:50[m[K,
                 from [01m[K/opt/trilinos/14.2.0-local/include/impl/Kokkos_Atomic_View.hpp:20[m[K,
                 from [01m[K/opt/trilinos/14.2.0-local/include/impl/Kokkos_ViewMapping.hpp:32[m[K,
                 from [01m[K/opt/trilinos/14.2.0-local/include/Kokkos_View.hpp:489[m[K,
                 from [01m[K/opt/trilinos/14.2.0-local/include/Kokkos_Parallel.hpp:31[m[K,
                 from [01m[K/opt/trilinos/14.2.0-local/include/Kokkos_MemoryPool.hpp:26[m[K,
                 from [01m[K/opt/trilinos/14.2.0-local/include/Kokkos_TaskScheduler.hpp:34[m[K,
                 from [01m[K/opt/trilinos/14.2.0-local/include/Kokkos_Serial.hpp:36[m[K,
                 from [01m[K/opt/trilinos/14.2.0-local/include/decl/Kokkos_Declare_SERIAL.hpp:21[m[K,
                 from [01m[K/opt/trilinos/14.2.0-local/include/KokkosCore_Config_DeclareBackend.hpp:22[m[K,
                 from [01m[K/opt/trilinos/14.2.0-local/include/Kokkos_Core.hpp:45[m[K,
                 from [01m[K/opt/dealii/9.6-local/include/deal.II/base/exceptions.h:25[m[K,
                 from [01m[K/opt/dealii/9.6-local/include/deal.II/base/array_view.h:20[m[K,
                 from [01m[K/opt/dealii/9.6-local/include/deal.II/base/mpi.h:20[m[K,
                 from [01m[K/home/ein/repository/aspect-pf-rsf-refactor/include/aspect/global.h:28[m[K,
                 from [01m[K/home/ein/repository/aspect-pf-rsf-refactor/build-refactor-post-r6-gcc12-unity/CMakeFiles/aspect.exe.release.dir/cmake_pch.hxx:5[m[K,
                 from [01m[K<command-line>[m[K:
In function ‘[01m[KT desul::Impl::host_atomic_fetch_oper(const Oper&, T*, dont_deduce_this_parameter_t<const T>, MemoryOrder, desul::MemoryScopeCaller) [with Oper = sub_operator<int, const int>; T = int; MemoryOrder = desul::MemoryOrderRelaxed][m[K’,
    inlined from ‘[01m[KT desul::Impl::host_atomic_fetch_sub(T*, T, MemoryOrder, MemoryScope) [with T = int; MemoryOrder = desul::MemoryOrderRelaxed; MemoryScope = desul::MemoryScopeCaller][m[K’ at [01m[K/opt/trilinos/14.2.0-local/include/desul/atomics/Fetch_Op_Generic.hpp:40:1[m[K,
    inlined from ‘[01m[KT desul::atomic_fetch_sub(T*, T, MemoryOrder, MemoryScope) [with T = int; MemoryOrder = MemoryOrderRelaxed; MemoryScope = MemoryScopeCaller][m[K’ at [01m[K/opt/trilinos/14.2.0-local/include/desul/atomics/Generic.hpp:54:3[m[K,
    inlined from ‘[01m[KT Kokkos::atomic_fetch_sub(T*, desul::Impl::dont_deduce_this_parameter_t<const T>) [with T = int][m[K’ at [01m[K/opt/trilinos/14.2.0-local/include/Kokkos_Atomics_Desul_Wrapper.hpp:85:125[m[K,
    inlined from ‘[01m[Kvoid Kokkos::Impl::HostSharedPtr<T>::cleanup() [with T = Kokkos::Impl::SerialInternal][m[K’ at [01m[K/opt/trilinos/14.2.0-local/include/impl/Kokkos_HostSharedPtr.hpp:120:5[m[K,
    inlined from ‘[01m[KKokkos::Impl::HostSharedPtr<T>::~HostSharedPtr() [with T = Kokkos::Impl::SerialInternal][m[K’ at [01m[K/opt/trilinos/14.2.0-local/include/impl/Kokkos_HostSharedPtr.hpp:92:45[m[K,
    inlined from ‘[01m[KKokkos::Serial::~Serial()[m[K’ at [01m[K/opt/trilinos/14.2.0-local/include/Kokkos_Serial.hpp:87:7[m[K,
    inlined from ‘[01m[KKokkos::RangePolicy<Kokkos::Serial, Kokkos::IndexType<unsigned int> >::~RangePolicy()[m[K’ at [01m[K/opt/trilinos/14.2.0-local/include/Kokkos_ExecPolicy.hpp:67:7[m[K,
    inlined from ‘[01m[Kvoid Kokkos::parallel_for(const std::string&, const ExecPolicy&, const FunctorType&) [with ExecPolicy = RangePolicy<Serial, IndexType<unsigned int> >; FunctorType = dealii::internal::set_initial_guess<double, dealii::MemorySpace::Host>(dealii::LinearAlgebra::distributed::Vector<double>&)::<lambda(dealii::types::global_dof_index)>; Enable = void][m[K’ at [01m[K/opt/trilinos/14.2.0-local/include/Kokkos_Parallel.hpp:147:1[m[K:
[01m[K/opt/trilinos/14.2.0-local/include/desul/atomics/Fetch_Op_ScopeCaller.hpp:44:1:[m[K [01;35m[Kwarning: [m[Kpointer used after ‘[01m[Kvoid operator delete(void*, std::size_t)[m[K’ [[01;35m[K-Wuse-after-free[m[K]
   44 | [01;35m[KDESUL_IMPL_ATOMIC_FETCH_OPER[m[K(DESUL_IMPL_HOST_FUNCTION, host)
      | [01;35m[K^~~~~~~~~~~~~~~~~~~~~~~~~~~~[m[K
In file included from [01m[K/opt/dealii/9.6-local/include/deal.II/base/numbers.h:27[m[K,
                 from [01m[K/opt/dealii/9.6-local/include/deal.II/base/config.h:608[m[K,
                 from [01m[K/opt/dealii/9.6-local/include/deal.II/base/mpi.h:18[m[K:
In member function ‘[01m[Kvoid Kokkos::Impl::HostSharedPtr<T>::cleanup() [with T = Kokkos::Impl::SerialInternal][m[K’,
    inlined from ‘[01m[KKokkos::Impl::HostSharedPtr<T>::~HostSharedPtr() [with T = Kokkos::Impl::SerialInternal][m[K’ at [01m[K/opt/trilinos/14.2.0-local/include/impl/Kokkos_HostSharedPtr.hpp:92:45[m[K,
    inlined from ‘[01m[KKokkos::Serial::~Serial()[m[K’ at [01m[K/opt/trilinos/14.2.0-local/include/Kokkos_Serial.hpp:87:7[m[K,
    inlined from ‘[01m[KKokkos::RangePolicy<Kokkos::Serial, Kokkos::IndexType<unsigned int> >::~RangePolicy()[m[K’ at [01m[K/opt/trilinos/14.2.0-local/include/Kokkos_ExecPolicy.hpp:67:7[m[K,
    inlined from ‘[01m[KKokkos::Impl::ParallelFor<dealii::internal::set_initial_guess<double, dealii::MemorySpace::Host>(dealii::LinearAlgebra::distributed::Vector<double>&)::<lambda(dealii::types::global_dof_index)>, Kokkos::RangePolicy<Kokkos::Serial, Kokkos::IndexType<unsigned int> >, Kokkos::Serial>::~ParallelFor()[m[K’ at [01m[K/opt/trilinos/14.2.0-local/include/Serial/Kokkos_Serial_Parallel_Range.hpp:26:7[m[K,
    inlined from ‘[01m[Kvoid Kokkos::parallel_for(const std::string&, const ExecPolicy&, const FunctorType&) [with ExecPolicy = RangePolicy<Serial, IndexType<unsigned int> >; FunctorType = dealii::internal::set_initial_guess<double, dealii::MemorySpace::Host>(dealii::LinearAlgebra::distributed::Vector<double>&)::<lambda(dealii::types::global_dof_index)>; Enable = void][m[K’ at [01m[K/opt/trilinos/14.2.0-local/include/Kokkos_Parallel.hpp:147:1[m[K:
[01m[K/opt/trilinos/14.2.0-local/include/impl/Kokkos_HostSharedPtr.hpp:120:5:[m[K [01;36m[Knote: [m[Kcall to ‘[01m[Kvoid operator delete(void*, std::size_t)[m[K’ here
  120 |     [01;36m[KKOKKOS_IF_ON_HOST[m[K((
      |     [01;36m[K^~~~~~~~~~~~~~~~~[m[K
[ 75%] Building CXX object CMakeFiles/aspect.exe.release.dir/Unity/unity_17_cxx.cxx.o
[ 76%] Building CXX object CMakeFiles/aspect.exe.release.dir/Unity/unity_16_cxx.cxx.o
[ 77%] Building CXX object CMakeFiles/aspect.exe.release.dir/Unity/unity_15_cxx.cxx.o
[ 78%] Building CXX object CMakeFiles/aspect.exe.release.dir/Unity/unity_14_cxx.cxx.o
[ 80%] Building CXX object CMakeFiles/aspect.exe.release.dir/Unity/unity_13_cxx.cxx.o
[ 81%] Building CXX object CMakeFiles/aspect.exe.release.dir/Unity/unity_12_cxx.cxx.o
[ 82%] Building CXX object CMakeFiles/aspect.exe.release.dir/Unity/unity_11_cxx.cxx.o
[ 84%] Building CXX object CMakeFiles/aspect.exe.release.dir/Unity/unity_10_cxx.cxx.o
[ 85%] Building CXX object CMakeFiles/aspect.exe.release.dir/Unity/unity_9_cxx.cxx.o
[ 86%] Building CXX object CMakeFiles/aspect.exe.release.dir/Unity/unity_8_cxx.cxx.o
[ 88%] Building CXX object CMakeFiles/aspect.exe.release.dir/Unity/unity_7_cxx.cxx.o
[ 89%] Building CXX object CMakeFiles/aspect.exe.release.dir/Unity/unity_6_cxx.cxx.o
[ 90%] Building CXX object CMakeFiles/aspect.exe.release.dir/Unity/unity_5_cxx.cxx.o
[ 92%] Building CXX object CMakeFiles/aspect.exe.release.dir/Unity/unity_4_cxx.cxx.o
[ 93%] Building CXX object CMakeFiles/aspect.exe.release.dir/Unity/unity_3_cxx.cxx.o
[ 94%] Building CXX object CMakeFiles/aspect.exe.release.dir/Unity/unity_2_cxx.cxx.o
[ 96%] Building CXX object CMakeFiles/aspect.exe.release.dir/Unity/unity_1_cxx.cxx.o
[ 97%] Building CXX object CMakeFiles/aspect.exe.release.dir/Unity/unity_0_cxx.cxx.o
In file included from [01m[K/home/ein/repository/aspect-pf-rsf-refactor/build-refactor-post-r6-gcc12-unity/CMakeFiles/aspect.exe.release.dir/Unity/unity_1_cxx.cxx:25[m[K:
[01m[K/home/ein/repository/aspect-pf-rsf-refactor/unit_tests/reconstructed_fault.cc:[m[K In function ‘[01m[Kvoid ____C_A_T_C_H____T_E_S_T____122()[m[K’:
[01m[K/home/ein/repository/aspect-pf-rsf-refactor/unit_tests/reconstructed_fault.cc:868:19:[m[K [01;35m[Kwarning: [m[Kloop variable ‘[01m[Kendpoints[m[K’ creates a copy from type ‘[01m[Kconst std::pair<double, double>[m[K’ [[01;35m[K-Wrange-loop-construct[m[K]
  868 |   for (const auto [01;35m[Kendpoints[m[K:std::vector<std::pair<double,double>>{
      |                   [01;35m[K^~~~~~~~~[m[K
[01m[K/home/ein/repository/aspect-pf-rsf-refactor/unit_tests/reconstructed_fault.cc:868:19:[m[K [01;36m[Knote: [m[Kuse reference type to prevent copying
  868 |   for (const auto [01;36m[Kendpoints[m[K:std::vector<std::pair<double,double>>{
      |                   [01;36m[K^~~~~~~~~[m[K
      |                   [32m[K&[m[K
[01m[K/home/ein/repository/aspect-pf-rsf-refactor/unit_tests/reconstructed_fault.cc:[m[K In function ‘[01m[Kvoid ____C_A_T_C_H____T_E_S_T____166()[m[K’:
[01m[K/home/ein/repository/aspect-pf-rsf-refactor/unit_tests/reconstructed_fault.cc:1524:19:[m[K [01;35m[Kwarning: [m[Kloop variable ‘[01m[Kactive[m[K’ creates a copy from type ‘[01m[Kconst std::vector<bool>[m[K’ [[01;35m[K-Wrange-loop-construct[m[K]
 1524 |   for (const auto [01;35m[Kactive[m[K:{std::vector<bool>{false,false,false,false,false},
      |                   [01;35m[K^~~~~~[m[K
[01m[K/home/ein/repository/aspect-pf-rsf-refactor/unit_tests/reconstructed_fault.cc:1524:19:[m[K [01;36m[Knote: [m[Kuse reference type to prevent copying
 1524 |   for (const auto [01;36m[Kactive[m[K:{std::vector<bool>{false,false,false,false,false},
      |                   [01;36m[K^~~~~~[m[K
      |                   [32m[K&[m[K
In file included from [01m[K/opt/gcc/12.4.0/include/c++/12.4.0/string:50[m[K,
                 from [01m[K/home/ein/repository/aspect-pf-rsf-refactor/include/aspect/citation_info.h:24[m[K,
                 from [01m[K/home/ein/repository/aspect-pf-rsf-refactor/include/aspect/global.h:26[m[K,
                 from [01m[K/home/ein/repository/aspect-pf-rsf-refactor/build-refactor-post-r6-gcc12-unity/CMakeFiles/aspect.exe.release.dir/cmake_pch.hxx:5[m[K,
                 from [01m[K<command-line>[m[K:
In static member function ‘[01m[Kstatic _Up* std::__copy_move<_IsMove, true, std::random_access_iterator_tag>::__copy_m(_Tp*, _Tp*, _Up*) [with _Tp = const aspect::ReconstructedFaultUtilities::DomainQuadraturePoint; _Up = aspect::ReconstructedFaultUtilities::DomainQuadraturePoint; bool _IsMove = false][m[K’,
    inlined from ‘[01m[K_OI std::__copy_move_a2(_II, _II, _OI) [with bool _IsMove = false; _II = const aspect::ReconstructedFaultUtilities::DomainQuadraturePoint*; _OI = aspect::ReconstructedFaultUtilities::DomainQuadraturePoint*][m[K’ at [01m[K/opt/gcc/12.4.0/include/c++/12.4.0/bits/stl_algobase.h:501:30[m[K,
    inlined from ‘[01m[K_OI std::__copy_move_a1(_II, _II, _OI) [with bool _IsMove = false; _II = const aspect::ReconstructedFaultUtilities::DomainQuadraturePoint*; _OI = aspect::ReconstructedFaultUtilities::DomainQuadraturePoint*][m[K’ at [01m[K/opt/gcc/12.4.0/include/c++/12.4.0/bits/stl_algobase.h:528:42[m[K,
    inlined from ‘[01m[K_OI std::__copy_move_a(_II, _II, _OI) [with bool _IsMove = false; _II = const aspect::ReconstructedFaultUtilities::DomainQuadraturePoint*; _OI = aspect::ReconstructedFaultUtilities::DomainQuadraturePoint*][m[K’ at [01m[K/opt/gcc/12.4.0/include/c++/12.4.0/bits/stl_algobase.h:535:31[m[K,
    inlined from ‘[01m[K_OI std::copy(_II, _II, _OI) [with _II = const aspect::ReconstructedFaultUtilities::DomainQuadraturePoint*; _OI = aspect::ReconstructedFaultUtilities::DomainQuadraturePoint*][m[K’ at [01m[K/opt/gcc/12.4.0/include/c++/12.4.0/bits/stl_algobase.h:626:7[m[K,
    inlined from ‘[01m[Kstatic _ForwardIterator std::__uninitialized_copy<true>::__uninit_copy(_InputIterator, _InputIterator, _ForwardIterator) [with _InputIterator = const aspect::ReconstructedFaultUtilities::DomainQuadraturePoint*; _ForwardIterator = aspect::ReconstructedFaultUtilities::DomainQuadraturePoint*][m[K’ at [01m[K/opt/gcc/12.4.0/include/c++/12.4.0/bits/stl_uninitialized.h:147:27[m[K,
    inlined from ‘[01m[K_ForwardIterator std::uninitialized_copy(_InputIterator, _InputIterator, _ForwardIterator) [with _InputIterator = const aspect::ReconstructedFaultUtilities::DomainQuadraturePoint*; _ForwardIterator = aspect::ReconstructedFaultUtilities::DomainQuadraturePoint*][m[K’ at [01m[K/opt/gcc/12.4.0/include/c++/12.4.0/bits/stl_uninitialized.h:185:15[m[K,
    inlined from ‘[01m[K_ForwardIterator std::__uninitialized_copy_a(_InputIterator, _InputIterator, _ForwardIterator, allocator<_Tp>&) [with _InputIterator = const aspect::ReconstructedFaultUtilities::DomainQuadraturePoint*; _ForwardIterator = aspect::ReconstructedFaultUtilities::DomainQuadraturePoint*; _Tp = aspect::ReconstructedFaultUtilities::DomainQuadraturePoint][m[K’ at [01m[K/opt/gcc/12.4.0/include/c++/12.4.0/bits/stl_uninitialized.h:372:37[m[K,
    inlined from ‘[01m[Kvoid std::vector<_Tp, _Alloc>::_M_assign_aux(_ForwardIterator, _ForwardIterator, std::forward_iterator_tag) [with _ForwardIterator = const aspect::ReconstructedFaultUtilities::DomainQuadraturePoint*; _Tp = aspect::ReconstructedFaultUtilities::DomainQuadraturePoint; _Alloc = std::allocator<aspect::ReconstructedFaultUtilities::DomainQuadraturePoint>][m[K’ at [01m[K/opt/gcc/12.4.0/include/c++/12.4.0/bits/vector.tcc:339:35[m[K,
    inlined from ‘[01m[Kstd::vector<_Tp, _Alloc>& std::vector<_Tp, _Alloc>::operator=(std::initializer_list<_Tp>) [with _Tp = aspect::ReconstructedFaultUtilities::DomainQuadraturePoint; _Alloc = std::allocator<aspect::ReconstructedFaultUtilities::DomainQuadraturePoint>][m[K’ at [01m[K/opt/gcc/12.4.0/include/c++/12.4.0/bits/stl_vector.h:787:21[m[K,
    inlined from ‘[01m[Kvoid ____C_A_T_C_H____T_E_S_T____10()[m[K’ at [01m[K/home/ein/repository/aspect-pf-rsf-refactor/unit_tests/particles.cc:204:63[m[K:
[01m[K/opt/gcc/12.4.0/include/c++/12.4.0/bits/stl_algobase.h:434:30:[m[K [01;35m[Kwarning: [m[K‘[01m[Kvoid* __builtin_memcpy(void*, const void*, long unsigned int)[m[K’ forming offset 24 is out of the bounds [0, 24] of object ‘[01m[K<anonymous>[m[K’ with type ‘[01m[Kconst aspect::ReconstructedFaultUtilities::DomainQuadraturePoint [1][m[K’ [[01;35m[K-Warray-bounds[m[K]
  434 |             [01;35m[K__builtin_memmove(__result, __first, sizeof(_Tp) * _Num)[m[K;
      |             [01;35m[K~~~~~~~~~~~~~~~~~^~~~~~~~~~~~~~~~~~~~~~~~~~~~~~~~~~~~~~~[m[K
In file included from [01m[K/home/ein/repository/aspect-pf-rsf-refactor/build-refactor-post-r6-gcc12-unity/CMakeFiles/aspect.exe.release.dir/Unity/unity_1_cxx.cxx:4[m[K:
[01m[K/home/ein/repository/aspect-pf-rsf-refactor/unit_tests/particles.cc:[m[K In function ‘[01m[Kvoid ____C_A_T_C_H____T_E_S_T____10()[m[K’:
[01m[K/home/ein/repository/aspect-pf-rsf-refactor/unit_tests/particles.cc:204:63:[m[K [01;36m[Knote: [m[K‘[01m[K<anonymous>[m[K’ declared here
  204 |                   quadrature={{s,coordinate-s,domain.volume()}[01;36m[K}[m[K;
      |                                                               [01;36m[K^[m[K
[ 98%] Linking CXX executable aspect-release
[ 98%] Built target aspect.exe.release
[100%] Creating symlink from aspect.exe.release to './aspect'
[100%] Built target aspect
