[  4%] Building CXX object world_builder_release/CMakeFiles/WorldBuilderRelease.dir/Unity/unity_0_cxx.cxx.o
[  4%] Building CXX object world_builder_release/CMakeFiles/WorldBuilderRelease.dir/source/world_builder/point.cc.o
[  4%] Building CXX object world_builder_release/CMakeFiles/WorldBuilderRelease.dir/source/world_builder/parameters.cc.o
[  6%] Linking CXX static library lib/libWorldBuilderRelease.a
[  6%] Built target WorldBuilderRelease
[  7%] Building CXX object CMakeFiles/aspect.exe.release.dir/cmake_pch.hxx.gch
[  9%] Building CXX object CMakeFiles/aspect.exe.release.dir/Unity/unity_55_cxx.cxx.o
[ 10%] Building CXX object CMakeFiles/aspect.exe.release.dir/Unity/unity_54_cxx.cxx.o
[ 12%] Building CXX object CMakeFiles/aspect.exe.release.dir/Unity/unity_53_cxx.cxx.o
[ 14%] Building CXX object CMakeFiles/aspect.exe.release.dir/Unity/unity_52_cxx.cxx.o
[ 15%] Building CXX object CMakeFiles/aspect.exe.release.dir/Unity/unity_51_cxx.cxx.o
[ 17%] Building CXX object CMakeFiles/aspect.exe.release.dir/Unity/unity_50_cxx.cxx.o
[ 18%] Building CXX object CMakeFiles/aspect.exe.release.dir/Unity/unity_49_cxx.cxx.o
In file included from [01m[K/usr/include/c++/16/bits/char_traits.h:59[m[K,
                 from [01m[K/usr/include/c++/16/string:45[m[K,
                 from [01m[K/home/ein/repository/aspect-pf-rsf-refactor/include/aspect/citation_info.h:24[m[K,
                 from [01m[K/home/ein/repository/aspect-pf-rsf-refactor/include/aspect/global.h:26[m[K,
                 from [01m[K/home/ein/repository/aspect-pf-rsf-refactor/build-refactor-post-r6-unity/CMakeFiles/aspect.exe.release.dir/cmake_pch.hxx:5[m[K,
                 from [01m[K<command-line>[m[K:
In function ‘[01m[Kconstexpr _Tp* std::[01;32m[Kconstruct_at[m[K(_Tp*, _Args&& ...) [35m[K[with _Tp = dealii::TrilinosWrappers::MPI::BlockVector*; _Args = {dealii::TrilinosWrappers::MPI::BlockVector*}][m[K[m[K’,
    inlined from ‘[01m[Kstatic constexpr void std::allocator_traits<std::allocator<_CharT> >::[01;32m[Kconstruct[m[K(allocator_type&, _Up*, _Args&& ...) [35m[K[with _Up = dealii::TrilinosWrappers::MPI::BlockVector*; _Args = {dealii::TrilinosWrappers::MPI::BlockVector*}; _Tp = dealii::TrilinosWrappers::MPI::BlockVector*][m[K[m[K’ at [01m[K/usr/include/c++/16/bits/alloc_traits.h:716:21[m[K,
    inlined from ‘[01m[Kconstexpr std::vector<_Tp, _Alloc>::reference std::vector<_Tp, _Alloc>::[01;32m[Kemplace_back[m[K(_Args&& ...) [35m[K[with _Args = {dealii::TrilinosWrappers::MPI::BlockVector*}; _Tp = dealii::TrilinosWrappers::MPI::BlockVector*; _Alloc = std::allocator<dealii::TrilinosWrappers::MPI::BlockVector*>][m[K[m[K’ at [01m[K/usr/include/c++/16/bits/vector.tcc:121:30[m[K,
    inlined from ‘[01m[Kconstexpr void std::vector<_Tp, _Alloc>::[01;32m[Kpush_back[m[K(value_type&&) [35m[K[with _Tp = dealii::TrilinosWrappers::MPI::BlockVector*; _Alloc = std::allocator<dealii::TrilinosWrappers::MPI::BlockVector*>][m[K[m[K’ at [01m[K/usr/include/c++/16/bits/stl_vector.h:1424:21[m[K,
    inlined from ‘[01m[Kvoid aspect::Simulator<dim>::[01;32m[Kresume_from_snapshot[m[K() [35m[K[with int dim = 2][m[K[m[K’ at [01m[K/home/ein/repository/aspect-pf-rsf-refactor/source/simulator/checkpoint_restart.cc:557:25[m[K:
[01m[K/usr/include/c++/16/bits/stl_construct.h:110:16:[m[K [01;35m[Kwarning: [m[Karray subscript 3 is outside array bounds of ‘[01m[Kdealii::TrilinosWrappers::MPI::BlockVector* [3][m[K’ [[01;35m[K-Warray-bounds=[m[K]
  110 |         return [01;35m[K::new(__loc) _Tp(std::forward<_Args>(__args)...)[m[K;
      |                [01;35m[K^~~~~~~~~~~~~~~~~~~~~~~~~~~~~~~~~~~~~~~~~~~~~~~~[m[K
In file included from [01m[K/usr/include/c++/16/x86_64-pc-linux-gnu/bits/c++allocator.h:33[m[K,
                 from [01m[K/usr/include/c++/16/bits/allocator.h:46[m[K,
                 from [01m[K/usr/include/c++/16/string:46[m[K:
In member function ‘[01m[Kconstexpr _Tp* std::__new_allocator<_Tp>::[01;32m[Kallocate[m[K(size_type, const void*) [35m[K[with _Tp = dealii::TrilinosWrappers::MPI::BlockVector*][m[K[m[K’,
    inlined from ‘[01m[Kconstexpr _Tp* std::allocator< <template-parameter-1-1> >::[01;32m[Kallocate[m[K(std::size_t) [35m[K[with _Tp = dealii::TrilinosWrappers::MPI::BlockVector*][m[K[m[K’ at [01m[K/usr/include/c++/16/bits/allocator.h:206:40[m[K,
    inlined from ‘[01m[Kstatic constexpr _Tp* std::allocator_traits<std::allocator<_CharT> >::[01;32m[Kallocate[m[K(allocator_type&, size_type) [35m[K[with _Tp = dealii::TrilinosWrappers::MPI::BlockVector*][m[K[m[K’ at [01m[K/usr/include/c++/16/bits/alloc_traits.h:638:28[m[K,
    inlined from ‘[01m[Kconstexpr std::_Vector_base<_Tp, _Alloc>::pointer std::_Vector_base<_Tp, _Alloc>::[01;32m[K_M_allocate[m[K(std::size_t) [35m[K[with _Tp = dealii::TrilinosWrappers::MPI::BlockVector*; _Alloc = std::allocator<dealii::TrilinosWrappers::MPI::BlockVector*>][m[K[m[K’ at [01m[K/usr/include/c++/16/bits/stl_vector.h:389:33[m[K,
    inlined from ‘[01m[Kconstexpr void std::vector<_Tp, _Alloc>::[01;32m[K_M_range_initialize_n[m[K(_Iterator, _Sentinel, size_type) [35m[K[with _Iterator = dealii::TrilinosWrappers::MPI::BlockVector* const*; _Sentinel = dealii::TrilinosWrappers::MPI::BlockVector* const*; _Tp = dealii::TrilinosWrappers::MPI::BlockVector*; _Alloc = std::allocator<dealii::TrilinosWrappers::MPI::BlockVector*>][m[K[m[K’ at [01m[K/usr/include/c++/16/bits/stl_vector.h:1975:23[m[K,
    inlined from ‘[01m[Kconstexpr std::vector<_Tp, _Alloc>::[01;32m[Kvector[m[K(std::initializer_list<_Tp>, const allocator_type&) [35m[K[with _Tp = dealii::TrilinosWrappers::MPI::BlockVector*; _Alloc = std::allocator<dealii::TrilinosWrappers::MPI::BlockVector*>][m[K[m[K’ at [01m[K/usr/include/c++/16/bits/stl_vector.h:702:23[m[K,
    inlined from ‘[01m[Kvoid aspect::Simulator<dim>::[01;32m[Kresume_from_snapshot[m[K() [35m[K[with int dim = 2][m[K[m[K’ at [01m[K/home/ein/repository/aspect-pf-rsf-refactor/source/simulator/checkpoint_restart.cc:551:47[m[K:
[01m[K/usr/include/c++/16/bits/new_allocator.h:162:75:[m[K [01;36m[Knote: [m[Kat offset 24 into object of size 24 allocated by ‘[01m[Koperator new[m[K’
  162 |           return static_cast<_Tp*>(_GLIBCXX_OPERATOR_NEW(__n * sizeof(_Tp)[01;36m[K)[m[K);
      |                                                                           [01;36m[K^[m[K
In function ‘[01m[Kconstexpr _Tp* std::[01;32m[Kconstruct_at[m[K(_Tp*, _Args&& ...) [35m[K[with _Tp = dealii::TrilinosWrappers::MPI::BlockVector*; _Args = {dealii::TrilinosWrappers::MPI::BlockVector*}][m[K[m[K’,
    inlined from ‘[01m[Kstatic constexpr void std::allocator_traits<std::allocator<_CharT> >::[01;32m[Kconstruct[m[K(allocator_type&, _Up*, _Args&& ...) [35m[K[with _Up = dealii::TrilinosWrappers::MPI::BlockVector*; _Args = {dealii::TrilinosWrappers::MPI::BlockVector*}; _Tp = dealii::TrilinosWrappers::MPI::BlockVector*][m[K[m[K’ at [01m[K/usr/include/c++/16/bits/alloc_traits.h:716:21[m[K,
    inlined from ‘[01m[Kconstexpr std::vector<_Tp, _Alloc>::reference std::vector<_Tp, _Alloc>::[01;32m[Kemplace_back[m[K(_Args&& ...) [35m[K[with _Args = {dealii::TrilinosWrappers::MPI::BlockVector*}; _Tp = dealii::TrilinosWrappers::MPI::BlockVector*; _Alloc = std::allocator<dealii::TrilinosWrappers::MPI::BlockVector*>][m[K[m[K’ at [01m[K/usr/include/c++/16/bits/vector.tcc:121:30[m[K,
    inlined from ‘[01m[Kconstexpr void std::vector<_Tp, _Alloc>::[01;32m[Kpush_back[m[K(value_type&&) [35m[K[with _Tp = dealii::TrilinosWrappers::MPI::BlockVector*; _Alloc = std::allocator<dealii::TrilinosWrappers::MPI::BlockVector*>][m[K[m[K’ at [01m[K/usr/include/c++/16/bits/stl_vector.h:1424:21[m[K,
    inlined from ‘[01m[Kvoid aspect::Simulator<dim>::[01;32m[Kresume_from_snapshot[m[K() [35m[K[with int dim = 3][m[K[m[K’ at [01m[K/home/ein/repository/aspect-pf-rsf-refactor/source/simulator/checkpoint_restart.cc:557:25[m[K:
[01m[K/usr/include/c++/16/bits/stl_construct.h:110:16:[m[K [01;35m[Kwarning: [m[Karray subscript 3 is outside array bounds of ‘[01m[Kdealii::TrilinosWrappers::MPI::BlockVector* [3][m[K’ [[01;35m[K-Warray-bounds=[m[K]
  110 |         return [01;35m[K::new(__loc) _Tp(std::forward<_Args>(__args)...)[m[K;
      |                [01;35m[K^~~~~~~~~~~~~~~~~~~~~~~~~~~~~~~~~~~~~~~~~~~~~~~~[m[K
In member function ‘[01m[Kconstexpr _Tp* std::__new_allocator<_Tp>::[01;32m[Kallocate[m[K(size_type, const void*) [35m[K[with _Tp = dealii::TrilinosWrappers::MPI::BlockVector*][m[K[m[K’,
    inlined from ‘[01m[Kconstexpr _Tp* std::allocator< <template-parameter-1-1> >::[01;32m[Kallocate[m[K(std::size_t) [35m[K[with _Tp = dealii::TrilinosWrappers::MPI::BlockVector*][m[K[m[K’ at [01m[K/usr/include/c++/16/bits/allocator.h:206:40[m[K,
    inlined from ‘[01m[Kstatic constexpr _Tp* std::allocator_traits<std::allocator<_CharT> >::[01;32m[Kallocate[m[K(allocator_type&, size_type) [35m[K[with _Tp = dealii::TrilinosWrappers::MPI::BlockVector*][m[K[m[K’ at [01m[K/usr/include/c++/16/bits/alloc_traits.h:638:28[m[K,
    inlined from ‘[01m[Kconstexpr std::_Vector_base<_Tp, _Alloc>::pointer std::_Vector_base<_Tp, _Alloc>::[01;32m[K_M_allocate[m[K(std::size_t) [35m[K[with _Tp = dealii::TrilinosWrappers::MPI::BlockVector*; _Alloc = std::allocator<dealii::TrilinosWrappers::MPI::BlockVector*>][m[K[m[K’ at [01m[K/usr/include/c++/16/bits/stl_vector.h:389:33[m[K,
    inlined from ‘[01m[Kconstexpr void std::vector<_Tp, _Alloc>::[01;32m[K_M_range_initialize_n[m[K(_Iterator, _Sentinel, size_type) [35m[K[with _Iterator = dealii::TrilinosWrappers::MPI::BlockVector* const*; _Sentinel = dealii::TrilinosWrappers::MPI::BlockVector* const*; _Tp = dealii::TrilinosWrappers::MPI::BlockVector*; _Alloc = std::allocator<dealii::TrilinosWrappers::MPI::BlockVector*>][m[K[m[K’ at [01m[K/usr/include/c++/16/bits/stl_vector.h:1975:23[m[K,
    inlined from ‘[01m[Kconstexpr std::vector<_Tp, _Alloc>::[01;32m[Kvector[m[K(std::initializer_list<_Tp>, const allocator_type&) [35m[K[with _Tp = dealii::TrilinosWrappers::MPI::BlockVector*; _Alloc = std::allocator<dealii::TrilinosWrappers::MPI::BlockVector*>][m[K[m[K’ at [01m[K/usr/include/c++/16/bits/stl_vector.h:702:23[m[K,
    inlined from ‘[01m[Kvoid aspect::Simulator<dim>::[01;32m[Kresume_from_snapshot[m[K() [35m[K[with int dim = 3][m[K[m[K’ at [01m[K/home/ein/repository/aspect-pf-rsf-refactor/source/simulator/checkpoint_restart.cc:551:47[m[K:
[01m[K/usr/include/c++/16/bits/new_allocator.h:162:75:[m[K [01;36m[Knote: [m[Kat offset 24 into object of size 24 allocated by ‘[01m[Koperator new[m[K’
  162 |           return static_cast<_Tp*>(_GLIBCXX_OPERATOR_NEW(__n * sizeof(_Tp)[01;36m[K)[m[K);
      |                                                                           [01;36m[K^[m[K
[ 20%] Building CXX object CMakeFiles/aspect.exe.release.dir/Unity/unity_48_cxx.cxx.o
In file included from [01m[K/home/ein/repository/aspect-pf-rsf-refactor/build-refactor-post-r6-unity/CMakeFiles/aspect.exe.release.dir/Unity/unity_48_cxx.cxx:19[m[K:
/home/ein/repository/aspect-pf-rsf-refactor/source/simulator/assemblers/reconstructed_fault_stokes.cc: In instantiation of ‘[01m[Kvoid aspect::Assemblers::ReconstructedFaultStokes<dim>::[01;32m[Kexecute[m[K(aspect::internal::Assembly::Scratch::ScratchBase<dim>&, aspect::internal::Assembly::CopyData::CopyDataBase<dim>&) const [35m[K[with int dim = 2][m[K[m[K’:
[01m[K/home/ein/repository/aspect-pf-rsf-refactor/source/simulator/assemblers/reconstructed_fault_stokes.cc:585:5:[m[K   required from here
  584 | #define INSTANTIATE(dim) template class [01;36m[KReconstructedFaultStokes<dim>[m[K;
      |                                         [01;36m[K^~~~~~~~~~~~~~~~~~~~~~~~~~~~~[m[K
[01m[K/home/ein/repository/aspect-pf-rsf-refactor/source/simulator/assemblers/reconstructed_fault_stokes.cc:517:23:[m[K [01;35m[Kwarning: [m[Kunused variable ‘[01m[Kfield[m[K’ [[01;35m[K-Wunused-variable[m[K]
  517 |       for (const auto [01;35m[Kfield[m[K : stress_composition_indices)
      |                       [01;35m[K^~~~~[m[K
/home/ein/repository/aspect-pf-rsf-refactor/source/simulator/assemblers/reconstructed_fault_stokes.cc: In instantiation of ‘[01m[Kvoid aspect::Assemblers::ReconstructedFaultStokes<dim>::[01;32m[Kexecute[m[K(aspect::internal::Assembly::Scratch::ScratchBase<dim>&, aspect::internal::Assembly::CopyData::CopyDataBase<dim>&) const [35m[K[with int dim = 3][m[K[m[K’:
[01m[K/home/ein/repository/aspect-pf-rsf-refactor/source/simulator/assemblers/reconstructed_fault_stokes.cc:585:5:[m[K   required from here
  584 | #define INSTANTIATE(dim) template class [01;36m[KReconstructedFaultStokes<dim>[m[K;
      |                                         [01;36m[K^~~~~~~~~~~~~~~~~~~~~~~~~~~~~[m[K
[01m[K/home/ein/repository/aspect-pf-rsf-refactor/source/simulator/assemblers/reconstructed_fault_stokes.cc:517:23:[m[K [01;35m[Kwarning: [m[Kunused variable ‘[01m[Kfield[m[K’ [[01;35m[K-Wunused-variable[m[K]
  517 |       for (const auto [01;35m[Kfield[m[K : stress_composition_indices)
      |                       [01;35m[K^~~~~[m[K
[ 21%] Building CXX object CMakeFiles/aspect.exe.release.dir/Unity/unity_47_cxx.cxx.o
[ 23%] Building CXX object CMakeFiles/aspect.exe.release.dir/Unity/unity_46_cxx.cxx.o
[ 25%] Building CXX object CMakeFiles/aspect.exe.release.dir/Unity/unity_45_cxx.cxx.o
[ 26%] Building CXX object CMakeFiles/aspect.exe.release.dir/Unity/unity_44_cxx.cxx.o
[ 28%] Building CXX object CMakeFiles/aspect.exe.release.dir/Unity/unity_43_cxx.cxx.o
[ 29%] Building CXX object CMakeFiles/aspect.exe.release.dir/Unity/unity_42_cxx.cxx.o
[ 31%] Building CXX object CMakeFiles/aspect.exe.release.dir/Unity/unity_41_cxx.cxx.o
[ 32%] Building CXX object CMakeFiles/aspect.exe.release.dir/Unity/unity_40_cxx.cxx.o
[ 34%] Building CXX object CMakeFiles/aspect.exe.release.dir/Unity/unity_39_cxx.cxx.o
[ 35%] Building CXX object CMakeFiles/aspect.exe.release.dir/Unity/unity_38_cxx.cxx.o
[ 37%] Building CXX object CMakeFiles/aspect.exe.release.dir/Unity/unity_37_cxx.cxx.o
[ 39%] Building CXX object CMakeFiles/aspect.exe.release.dir/Unity/unity_36_cxx.cxx.o
[ 40%] Building CXX object CMakeFiles/aspect.exe.release.dir/Unity/unity_35_cxx.cxx.o
[ 42%] Building CXX object CMakeFiles/aspect.exe.release.dir/Unity/unity_34_cxx.cxx.o
[ 43%] Building CXX object CMakeFiles/aspect.exe.release.dir/Unity/unity_33_cxx.cxx.o
[ 45%] Building CXX object CMakeFiles/aspect.exe.release.dir/Unity/unity_32_cxx.cxx.o
[ 46%] Building CXX object CMakeFiles/aspect.exe.release.dir/Unity/unity_31_cxx.cxx.o
[ 48%] Building CXX object CMakeFiles/aspect.exe.release.dir/Unity/unity_30_cxx.cxx.o
In file included from [01m[K/home/ein/repository/aspect-pf-rsf-refactor/build-refactor-post-r6-unity/CMakeFiles/aspect.exe.release.dir/Unity/unity_30_cxx.cxx:4[m[K:
[01m[K/home/ein/repository/aspect-pf-rsf-refactor/source/particle/particle_domain.cc:[m[K In member function ‘[01m[Kvoid aspect::Particle::internal::VoronoiCell<dim>::[01;32m[Kreinit[m[K(dealii::types::particle_index, const std::vector<double>&, const std::vector<int>&, const std::vector<int>&, const dealii::BoundingBox<spacedim>&) [35m[K[with int dim = 3; dealii::types::particle_index = unsigned int][m[K[m[K’:
[01m[K/home/ein/repository/aspect-pf-rsf-refactor/source/particle/particle_domain.cc:703:59:[m[K [01;35m[Kwarning: [m[Kunused parameter ‘[01m[Kparticle_index_[m[K’ [[01;35m[K-Wunused-parameter[m[K]
  703 |       VoronoiCell<3>::reinit([01;35m[Kconst types::particle_index  particle_index_[m[K,
      |                              [01;35m[K~~~~~~~~~~~~~~~~~~~~~~~~~~~~~^~~~~~~~~~~~~~~[m[K
[01m[K/home/ein/repository/aspect-pf-rsf-refactor/source/particle/particle_domain.cc:704:59:[m[K [01;35m[Kwarning: [m[Kunused parameter ‘[01m[Kvoro_vertices[m[K’ [[01;35m[K-Wunused-parameter[m[K]
  704 |                              [01;35m[Kconst std::vector<double>   &voro_vertices[m[K,
      |                              [01;35m[K~~~~~~~~~~~~~~~~~~~~~~~~~~~~~^~~~~~~~~~~~~[m[K
[01m[K/home/ein/repository/aspect-pf-rsf-refactor/source/particle/particle_domain.cc:705:59:[m[K [01;35m[Kwarning: [m[Kunused parameter ‘[01m[Kvoro_faces[m[K’ [[01;35m[K-Wunused-parameter[m[K]
  705 |                              [01;35m[Kconst std::vector<int>      &voro_faces[m[K,
      |                              [01;35m[K~~~~~~~~~~~~~~~~~~~~~~~~~~~~~^~~~~~~~~~[m[K
[01m[K/home/ein/repository/aspect-pf-rsf-refactor/source/particle/particle_domain.cc:706:59:[m[K [01;35m[Kwarning: [m[Kunused parameter ‘[01m[Kvoro_neighbors[m[K’ [[01;35m[K-Wunused-parameter[m[K]
  706 |                              [01;35m[Kconst std::vector<int>      &voro_neighbors[m[K,
      |                              [01;35m[K~~~~~~~~~~~~~~~~~~~~~~~~~~~~~^~~~~~~~~~~~~~[m[K
[01m[K/home/ein/repository/aspect-pf-rsf-refactor/source/particle/particle_domain.cc:707:59:[m[K [01;35m[Kwarning: [m[Kunused parameter ‘[01m[Kbounding_box[m[K’ [[01;35m[K-Wunused-parameter[m[K]
  707 |                              [01;35m[Kconst BoundingBox<3>        &bounding_box[m[K)
      |                              [01;35m[K~~~~~~~~~~~~~~~~~~~~~~~~~~~~~^~~~~~~~~~~~[m[K
[ 50%] Building CXX object CMakeFiles/aspect.exe.release.dir/Unity/unity_29_cxx.cxx.o
[ 51%] Building CXX object CMakeFiles/aspect.exe.release.dir/Unity/unity_28_cxx.cxx.o
[ 53%] Building CXX object CMakeFiles/aspect.exe.release.dir/Unity/unity_27_cxx.cxx.o
[ 54%] Building CXX object CMakeFiles/aspect.exe.release.dir/Unity/unity_26_cxx.cxx.o
[ 56%] Building CXX object CMakeFiles/aspect.exe.release.dir/Unity/unity_25_cxx.cxx.o
[ 57%] Building CXX object CMakeFiles/aspect.exe.release.dir/Unity/unity_24_cxx.cxx.o
[ 59%] Building CXX object CMakeFiles/aspect.exe.release.dir/Unity/unity_23_cxx.cxx.o
[ 60%] Building CXX object CMakeFiles/aspect.exe.release.dir/Unity/unity_22_cxx.cxx.o
[ 62%] Building CXX object CMakeFiles/aspect.exe.release.dir/Unity/unity_21_cxx.cxx.o
In file included from [01m[K/home/ein/repository/aspect-pf-rsf-refactor/build-refactor-post-r6-unity/CMakeFiles/aspect.exe.release.dir/Unity/unity_21_cxx.cxx:13[m[K:
/home/ein/repository/aspect-pf-rsf-refactor/source/material_model/rheology/fault_friction.cc: In instantiation of ‘[01m[Kdouble aspect::MaterialModel::Rheology::FaultFriction<dim>::[01;32m[Kupdate_state[m[K(const std::vector<double>&, double, double, double) const [35m[K[with int dim = 2][m[K[m[K’:
[01m[K/home/ein/repository/aspect-pf-rsf-refactor/source/material_model/rheology/fault_friction.cc:454:7:[m[K   required from here
  452 |       template class [01;36m[KFaultFriction<dim>[m[K;
      |                      [01;36m[K^~~~~~~~~~~~~~~~~~[m[K
[01m[K/home/ein/repository/aspect-pf-rsf-refactor/source/material_model/rheology/fault_friction.cc:54:47:[m[K [01;35m[Kwarning: [m[Kunused parameter ‘[01m[Kvolume_fractions[m[K’ [[01;35m[K-Wunused-parameter[m[K]
   54 |       update_state([01;35m[Kconst std::vector<double> &volume_fractions[m[K,
      |                    [01;35m[K~~~~~~~~~~~~~~~~~~~~~~~~~~~^~~~~~~~~~~~~~~~[m[K
/home/ein/repository/aspect-pf-rsf-refactor/source/material_model/rheology/fault_friction.cc: In instantiation of ‘[01m[Kdouble aspect::MaterialModel::Rheology::FaultFriction<dim>::[01;32m[Kupdate_state[m[K(const std::vector<double>&, double, double, double) const [35m[K[with int dim = 3][m[K[m[K’:
[01m[K/home/ein/repository/aspect-pf-rsf-refactor/source/material_model/rheology/fault_friction.cc:454:7:[m[K   required from here
  452 |       template class [01;36m[KFaultFriction<dim>[m[K;
      |                      [01;36m[K^~~~~~~~~~~~~~~~~~[m[K
[01m[K/home/ein/repository/aspect-pf-rsf-refactor/source/material_model/rheology/fault_friction.cc:54:47:[m[K [01;35m[Kwarning: [m[Kunused parameter ‘[01m[Kvolume_fractions[m[K’ [[01;35m[K-Wunused-parameter[m[K]
   54 |       update_state([01;35m[Kconst std::vector<double> &volume_fractions[m[K,
      |                    [01;35m[K~~~~~~~~~~~~~~~~~~~~~~~~~~~^~~~~~~~~~~~~~~~[m[K
[ 64%] Building CXX object CMakeFiles/aspect.exe.release.dir/Unity/unity_20_cxx.cxx.o
[ 65%] Building CXX object CMakeFiles/aspect.exe.release.dir/Unity/unity_19_cxx.cxx.o
[ 67%] Building CXX object CMakeFiles/aspect.exe.release.dir/Unity/unity_18_cxx.cxx.o
[ 68%] Building CXX object CMakeFiles/aspect.exe.release.dir/Unity/unity_17_cxx.cxx.o
[ 70%] Building CXX object CMakeFiles/aspect.exe.release.dir/Unity/unity_16_cxx.cxx.o
[ 71%] Building CXX object CMakeFiles/aspect.exe.release.dir/Unity/unity_15_cxx.cxx.o
[ 73%] Building CXX object CMakeFiles/aspect.exe.release.dir/Unity/unity_14_cxx.cxx.o
[ 75%] Building CXX object CMakeFiles/aspect.exe.release.dir/Unity/unity_13_cxx.cxx.o
[ 76%] Building CXX object CMakeFiles/aspect.exe.release.dir/Unity/unity_12_cxx.cxx.o
[ 78%] Building CXX object CMakeFiles/aspect.exe.release.dir/Unity/unity_11_cxx.cxx.o
[ 79%] Building CXX object CMakeFiles/aspect.exe.release.dir/Unity/unity_10_cxx.cxx.o
[ 81%] Building CXX object CMakeFiles/aspect.exe.release.dir/Unity/unity_9_cxx.cxx.o
[ 82%] Building CXX object CMakeFiles/aspect.exe.release.dir/Unity/unity_8_cxx.cxx.o
[ 84%] Building CXX object CMakeFiles/aspect.exe.release.dir/Unity/unity_7_cxx.cxx.o
[ 85%] Building CXX object CMakeFiles/aspect.exe.release.dir/Unity/unity_6_cxx.cxx.o
[ 87%] Building CXX object CMakeFiles/aspect.exe.release.dir/Unity/unity_5_cxx.cxx.o
[ 89%] Building CXX object CMakeFiles/aspect.exe.release.dir/Unity/unity_4_cxx.cxx.o
[ 90%] Building CXX object CMakeFiles/aspect.exe.release.dir/Unity/unity_3_cxx.cxx.o
[ 92%] Building CXX object CMakeFiles/aspect.exe.release.dir/Unity/unity_2_cxx.cxx.o
[ 93%] Building CXX object CMakeFiles/aspect.exe.release.dir/Unity/unity_1_cxx.cxx.o
[ 95%] Building CXX object CMakeFiles/aspect.exe.release.dir/Unity/unity_0_cxx.cxx.o
In file included from [01m[K/home/ein/repository/aspect-pf-rsf-refactor/build-refactor-post-r6-unity/CMakeFiles/aspect.exe.release.dir/Unity/unity_1_cxx.cxx:25[m[K:
[01m[K/home/ein/repository/aspect-pf-rsf-refactor/unit_tests/reconstructed_fault.cc:[m[K In function ‘[01m[Kvoid[01;32m[K ____C_A_T_C_H____T_E_S_T____166[m[K()[m[K’:
[01m[K/home/ein/repository/aspect-pf-rsf-refactor/unit_tests/reconstructed_fault.cc:1524:19:[m[K [01;35m[Kwarning: [m[Kloop variable ‘[01m[Kactive[m[K’ creates a copy from type ‘[01m[Kconst std::vector<bool>[m[K’ [[01;35m[K-Wrange-loop-construct[m[K]
 1524 |   for (const auto [01;35m[Kactive[m[K:{std::vector<bool>{false,false,false,false,false},
      |                   [01;35m[K^~~~~~[m[K
[01m[K/home/ein/repository/aspect-pf-rsf-refactor/unit_tests/reconstructed_fault.cc:1524:19:[m[K [01;36m[Knote: [m[Kuse reference type to prevent copying
 1524 |   for (const auto [01;36m[Kactive[m[K:{std::vector<bool>{false,false,false,false,false},
      |                   [01;36m[K^~~~~~[m[K
      |                   [32m[K&[m[K
[ 96%] Building CXX object CMakeFiles/aspect.exe.release.dir/source/reconstructed_fault/boundary_contact_manager.cc.o
[ 98%] Linking CXX executable aspect-release
[ 98%] Built target aspect.exe.release
[100%] Creating symlink from aspect.exe.release to './aspect'
[100%] Built target aspect
