warning: unknown warning option '-Wno-enum-constexpr-conversion' [-Wunknown-warning-option]
In file included from /home/ein/repository/aspect-pf-rsf-refactor/build-refactor-post-r6-unity/CMakeFiles/aspect.exe.release.dir/Unity/unity_46_cxx.cxx:4:
In file included from /home/ein/repository/aspect-pf-rsf-refactor/source/prescribed_solution/temperature_function.cc:12:
In file included from /home/ein/repository/aspect-pf-rsf-refactor/include/aspect/prescribed_solution/temperature_function.h:24:
In file included from /home/ein/repository/aspect-pf-rsf-refactor/include/aspect/prescribed_solution/interface.h:25:
In file included from /home/ein/repository/aspect-pf-rsf-refactor/include/aspect/plugins.h:25:
In file included from /home/ein/repository/aspect-pf-rsf-refactor/include/aspect/global.h:33:
In file included from /opt/dealii/9.6-local/include/deal.II/lac/generic_linear_algebra.h:20:
In file included from /opt/dealii/9.6-local/include/deal.II/lac/block_sparse_matrix.h:21:
In file included from /opt/dealii/9.6-local/include/deal.II/lac/block_matrix_base.h:24:
In file included from /opt/dealii/9.6-local/include/deal.II/base/table.h:20:
In file included from /opt/dealii/9.6-local/include/deal.II/base/aligned_vector.h:24:
In file included from /opt/dealii/9.6-local/include/deal.II/base/parallel.h:33:
In file included from /opt/dealii/9.6-local/include/deal.II/bundled/tbb/parallel_for.h:25:
/opt/dealii/9.6-local/include/deal.II/bundled/tbb/task.h:537:28: error: in-class initializer for static data member is not a constant expression
  537 |     static const kind_type binding_completed = kind_type(bound+1);
      |                            ^                   ~~~~~~~~~~~~~~~~~~
/opt/dealii/9.6-local/include/deal.II/bundled/tbb/task.h:537:48: note: integer value 2 is outside the valid range of values [0, 1] for the enumeration type 'kind_type'
  537 |     static const kind_type binding_completed = kind_type(bound+1);
      |                                                ^
1 warning and 1 error generated.
