-- The CXX compiler identification is GNU 16.2.1
-- Detecting CXX compiler ABI info
-- Detecting CXX compiler ABI info - done
-- Check for working CXX compiler: /opt/openmpi/5.0.6/bin/mpic++ - skipped
-- Detecting CXX compile features
-- Detecting CXX compile features - done
-- 
-- ====================================================
-- ===== Configuring ASPECT 3.1.0-pre
-- ====================================================
-- 
-- Setting up ASPECT for Release mode.
-- 
-- ===== Configuring external libraries ===============
-- Found deal.II version 9.6.2 at '/opt/dealii/9.6-local/lib/cmake/deal.II'
-- Found ZLIB: /usr/lib/libz.so (found version "1.3.2")
-- Using ASPECT_WITH_ZLIB = 'ON'
-- Using ASPECT_WITH_PYTHON = 'OFF'
-- Using ASPECT_WITH_LIBDAP = 'OFF'
-- Using ASPECT_WITH_FASTSCAPE = 'OFF'
-- Using ASPECT_WITH_NETCDF = 'ON'
--   NETCDF_INCLUDE_DIR: /usr/include
--   NETCDF_LIBRARY: /usr/lib/libnetcdf.so
--   NETCDF_VERSION: 4.9.3
-- Using ASPECT_WITH_WORLD_BUILDER = 'ON'
-- World Builder not found. Using internal version.
-- Found Git: /usr/bin/git (found version "2.55.0")
-- Using World Builder version 1.0.0 found at /home/ein/repository/aspect-pf-rsf-refactor/contrib/world_builder.
-- 
-- ===== Setting up Geodynamic World Builder version 1.0.0 in Release mode
-- The C compiler identification is GNU 16.2.1
-- Detecting C compiler ABI info
-- Detecting C compiler ABI info - done
-- Check for working C compiler: /usr/bin/cc - skipped
-- Detecting C compile features
-- Detecting C compile features - done
-- Building the Geodynamic World Builder version 1.0.0 in Release mode
-- Looking for feenableexcept
-- Looking for feenableexcept - found
-- Looking for feclearexcept
-- Looking for feclearexcept - found
-- Using Floating Point Exceptions if in Debug mode.
-- Looking for Fortran support.
-- Looking for a Fortran compiler
-- Looking for a Fortran compiler - NOTFOUND
-- Did not find Fortran support or it has been requested to be disabled. Disabling Fortran wrapper and tests.
-- Could NOT find SWIG (missing: SWIG_EXECUTABLE SWIG_DIR) 
-- SWIG was not found, disabling python wrapper compilation.
-- Found MPI_C: /usr/lib/libmpi.so (found version "3.1")
-- Found MPI_CXX: /opt/openmpi/5.0.6/bin/mpic++ (found version "3.1")
-- Found MPI: TRUE (found version "3.1")
-- MPI found.
-- Using MPI found in: 
-- Found Python: /usr/bin/python3.14 (found version "3.14.7") found components: Interpreter Development Development.Module Development.Embed
-- Enabling the use of ZLIB.
-- Combining source files into unity build.
-- Performing Test SUGGEST_OVERWRITE_CXX_COMPILE_FLAG
-- Performing Test SUGGEST_OVERWRITE_CXX_COMPILE_FLAG - Success
-- Performing Test NO_PLACEMENT_NEW_CXX_COMPILE_FLAG
-- Performing Test NO_PLACEMENT_NEW_CXX_COMPILE_FLAG - Success
-- Found /usr/bin/diff to test the difference between files.
-- 
-- Using ASPECT_WITH_VORO = 'ON'
--   VORO_INCLUDE_DIR: /home/ein/local/voro++/0.4.6/include/voro++
--   VORO_LIBRARY: /home/ein/local/voro++/0.4.6/lib/libvoro++.a
-- Query git repository information.
-- Determining whether we can use floating point exceptions...
-- Performing Test HAVE_FP_EXCEPTIONS
-- Performing Test HAVE_FP_EXCEPTIONS - Success
-- Runtime floating point checks enabled.
-- Performing Test HAVE_DLOPEN
-- Performing Test HAVE_DLOPEN - Success
-- Enabling dynamic loading of plugins from the input file
-- Looking for C++ include link.h
-- Looking for C++ include link.h - found
-- Enabling checking of compatible deal.II library when loading plugins
-- 
-- ===== Configuring ASPECT build targets =============
-- Appending ASPECT_ADDITIONAL_CXX_FLAGS: '-fno-finite-math-only -ffp-contract=off':
--   DEAL_II_WARNING_FLAGS: -pedantic -Wall -Wextra -Wmissing-braces -Woverloaded-virtual -Wpointer-arith -Wsign-compare -Wsuggest-override -Wswitch -Wsynth -Wwrite-strings -Wno-placement-new  -Wno-literal-suffix -Wno-psabi -Wno-parentheses -Wno-unused-local-typedefs -Wno-parentheses
--   DEAL_II_CXX_FLAGS_DEBUG: -O0 -ggdb -Wa,--compress-debug-sections -fdiagnostics-color=always -fno-finite-math-only -ffp-contract=off
--   DEAL_II_CXX_FLAGS_RELEASE: -O2 -funroll-loops -funroll-all-loops -fstrict-aliasing -Wno-unused-local-typedefs -fdiagnostics-color=always -fno-finite-math-only -ffp-contract=off
-- Linking ASPECT against zlib
-- Linking ASPECT against NetCDF
-- Linking ASPECT against WorldBuilder
-- Linking ASPECT against voro++
-- Linking ASPECT against dlopen
-- Precompiling common header files.
-- Combining source files into unity build.
-- Writing externally readable configuration information
-- Setting up test project, see tests/setup_tests.log for details.
-- Writing configuration details into detailed.log...
-- 
-- ===== Configuring ASPECT documentation =============
-- Found Perl: /usr/bin/perl (found version "5.42.2")
-- Finding .prm files
-- Finding image files
-- Setting up build information
-- 
-- 
###
#
#  ASPECT set up successfully with deal.II 9.6.2
#      found at /opt/dealii/9.6-local
#
#  CMAKE_BUILD_TYPE:          Release
#
#  You can now run
#       $ make                - to compile and link aspect-release
#       $ make debug          - to switch the build type to 'Debug'
#       $ make release        - to switch the build type to 'Release'
#       $ make debugrelease   - to switch the build type to compile both
#       $ make clean          - to remove the generated executable as well as
#                               all intermediate compilation files
#       $ make distclean      - to clean the directory from all generated
#                               files (includes clean, runclean and the removal
#                               of the generated build system)
#       $ make setup_tests    - enable all tests and re-run test detection
#       $ make indent         - fix indentation of all source files
#       $ make info           - to view this message again

-- 
-- Configuring done (9.6s)
-- Generating done (0.2s)
-- Build files have been written to: /home/ein/repository/aspect-pf-rsf-refactor/build-refactor-post-r6-unity
