/home/ein/.config/matplotlib is not a writable directory
Matplotlib created a temporary cache directory at /tmp/matplotlib-rcrobc7c because there was an issue with the default path ({configdir}); it is highly recommended to set the MPLCONFIGDIR environment variable to a writable directory, in particular to speed up the import of Matplotlib and to better support multiprocessing.
/home/ein/repository/aspect/benchmarks/reconstructed_fault/bp3/analyze_uniform_sliding.py:23: UserWarning: loadtxt: input contained no data: "/home/ein/repository/aspect/benchmarks/reconstructed_fault/bp3/within-step-50-local4/A/state_qp_rank0.csv"
  a=np.loadtxt(path,delimiter=',',skiprows=1,usecols=cols,ndmin=2)
/home/ein/repository/aspect/benchmarks/reconstructed_fault/bp3/analyze_uniform_sliding.py:23: UserWarning: loadtxt: input contained no data: "/home/ein/repository/aspect/benchmarks/reconstructed_fault/bp3/within-step-50-local4/A/state_qp_rank1.csv"
  a=np.loadtxt(path,delimiter=',',skiprows=1,usecols=cols,ndmin=2)
/home/ein/repository/aspect/benchmarks/reconstructed_fault/bp3/analyze_uniform_sliding.py:23: UserWarning: loadtxt: input contained no data: "/home/ein/repository/aspect/benchmarks/reconstructed_fault/bp3/within-step-50-local4/A/state_qp_rank3.csv"
  a=np.loadtxt(path,delimiter=',',skiprows=1,usecols=cols,ndmin=2)
{
  "case": "A",
  "baseline_reproduced": true,
  "time": 922804465.597517,
  "dt": 439775721.3758315,
  "lower_active": 0,
  "contrast": 0.1179345186700254,
  "deficit": 0.16063144969112386,
  "gradient_increment": 0.0014128362332711916,
  "old_gradient": 0.0007209160080897625,
  "predicted_gradient": 0.0021337522413609556,
  "maximum_A_rate_relative_difference": 8.659739592076221e-15,
  "weak_friction_mean": 26460144.31234015,
  "weak_residual_mean": -7.689898677142973e-10,
  "no_notch_V": 9.78651534489451e-10,
  "no_notch_residual_mean": -2398229.0861403234,
  "opposite_state_residual_mean": -30468.442922259746,
  "raw_sigma_min": 47208131.3289137,
  "raw_sigma_max": 52673123.26422572,
  "elements": [
    {
      "case": "A",
      "node": 796,
      "segment": 795,
      "xd0": 39999.999999999956,
      "xd1": 39949.999999999956,
      "samples": 298,
      "row_mass": 24.66716036602435,
      "q_load": 650210545.13482,
      "q_mean": 26359359.38659548,
      "friction_load": 653191659.9395401,
      "friction_mean": 26480212.973327182,
      "damping_load": 0.10195247049473066,
      "damping_mean": 0.004133125539458376,
      "sigma_load": 1234134682.4268541,
      "sigma_mean": 50031485.753289476,
      "R_load": -2981114.906671327,
      "R_mean": -120853.59086477608,
      "no_notch_R_load": -61625411.37796577,
      "no_notch_R_mean": -2498277.4856746937,
      "opposite_state_R_load": -3717939.985245339,
      "opposite_state_R_mean": -150724.2799769646
    },
    {
      "case": "A",
      "node": 796,
      "segment": 796,
      "xd0": 39949.999999999956,
      "xd1": 39899.999999999956,
      "samples": 302,
      "row_mass": 25.32993409053742,
      "q_load": 672719789.5883353,
      "q_mean": 26558292.144930817,
      "friction_load": 669738674.5787863,
      "friction_mean": 26440600.76054373,
      "damping_load": 0.1028771333178893,
      "damping_mean": 0.004061484445643363,
      "sigma_load": 1265948355.483792,
      "sigma_mean": 49978351.73825882,
      "R_load": 2981114.90667129,
      "R_mean": 117691.38032557904,
      "no_notch_R_load": -58279074.770265795,
      "no_notch_R_mean": -2300798.5161728975,
      "opposite_state_R_load": 2194606.3665167578,
      "opposite_state_R_mean": 86640.82419924666
    }
  ],
  "nodes": [
    {
      "case": "A",
      "node": 795,
      "xd": 39999.999999999956,
      "V": 1e-09,
      "old_Theta": 8000000.0,
      "candidate_Theta": 8000000.0,
      "old_slip": 0.4830287442216856,
      "predicted_slip": 0.9228044655975172,
      "prescribed": 1,
      "lower_active": 0
    },
    {
      "case": "A",
      "node": 796,
      "xd": 39949.999999999956,
      "V": 8.393685503088762e-10,
      "old_Theta": 8993659.247785585,
      "candidate_Theta": 9530974.203234216,
      "old_slip": 0.4469829438171975,
      "predicted_slip": 0.8161168535294694,
      "prescribed": 0,
      "lower_active": 0
    },
    {
      "case": "A",
      "node": 797,
      "xd": 39899.999999999956,
      "V": 9.573030689789016e-10,
      "old_Theta": 8315646.78455409,
      "candidate_Theta": 8356810.146376242,
      "old_slip": 0.46941866005900945,
      "predicted_slip": 0.8904173077945032,
      "prescribed": 0,
      "lower_active": 0
    },
    {
      "case": "A",
      "node": 798,
      "xd": 39849.999999999956,
      "V": 9.375139287138892e-10,
      "old_Theta": 8394541.678631954,
      "candidate_Theta": 8533206.552967858,
      "old_slip": 0.4667906062839788,
      "predicted_slip": 0.8790864705840192,
      "prescribed": 0,
      "lower_active": 0
    }
  ]
}
