-----------------------------------------------------------------------------
--                             This is ASPECT                              --
-- The Advanced Solver for Planetary Evolution, Convection, and Tectonics. --
-----------------------------------------------------------------------------
--     . version 3.1.0-pre (pf-rsf, fb4411915)
--     . using deal.II 9.6.2 (dealii-9.6, 6890ca740b)
--     .       with 32 bit indices
--     .       with vectorization level 2 (AVX, 4 doubles, 256 bits)
--     . using Trilinos 14.2.0
--     . using p4est 2.8.7
--     . using Geodynamic World Builder 1.0.0
--     . running in OPTIMIZED mode
--     . running with 4 MPI processes
-----------------------------------------------------------------------------

Loading shared library </home/ein/repository/aspect/benchmarks/reconstructed_fault/bp3/build/libbp3.release.so>

-----------------------------------------------------------------------------
-- For information on how to cite ASPECT, see:
--   https://aspect.geodynamics.org/citing.html?ver=3.1.0-pre&NewtonSolver=1&particles=1&sha=fb4411915&src=code
-----------------------------------------------------------------------------
*** Resuming from snapshot /home/ein/repository/aspect/benchmarks/reconstructed_fault/bp3/within-step-50-local4/A/restart/01/

Number of active cells: 42,880 (on 12 levels)
Number of degrees of freedom: 1,518,040 (357,166+44,688+178,583+178,583+178,583+178,583+178,583+178,583+44,688)

*** Timestep 10:  t=9.22804e+08 seconds, dt=4.39776e+08 seconds
   Mature frictional fault: retaining prescribed phase profile.
   Advecting particles...  done.
   Begin fault surface-property preparation.
   Begin fault I_h preparation.
   Begin fault surface material projection.
Begin fault cache construction.
End fault cache construction: 0.834703 s.
   End fault surface material projection: 0.839443 s.
Bottom-only I_h completion: added auxiliary profile integrals before projection.
   End fault I_h preparation: integrated, 21.8618 s.
   End fault surface-property preparation: 21.8669 s.
Begin fault Stokes QP cache construction.
End fault Stokes QP cache construction: 0.190108 s.
Within-step frozen I_h reconstruction: relative difference=3.3306690738754696e-16
Fault sparse G: rank0 entries=206862, bytes=3151968
Within-step input/derivative checks passed; same retained history, no state publication.
   Rebuilding Stokes preconditioner...
Fault sparse G: rank0 entries=206862, bytes=3151968
Fault sparse B: rank0 entries=179152, bytes=3932256
      Fault linear solve: iterations=39, estimated=2.8297420597640008, fresh=2.8297347787470328, target=3.6290340763651874, raw=2.8297347787470328, rhs null=0, residual null=0, compatibility bound=0.00098021196493273521, pressure quotient=0, right null=0, left null=0
      Relative nonlinear residuals (bulk, fault) after nonlinear iteration 0: 0.99961325850545946, 0.026671660687578855
      Fault nonlinear residual: bulk=3624010148.2136393, bulk scale=3624010148.2136393, surface=385489.47509953554, surface scale=14453148.591495849, velocity=3624010148.2136393, scaled continuity=2.1647877024135425e-05, bulk precision=0.014020973501748812, bulk target=36.254122455638139, velocity correction=3.6870081699555587e-11
      Reconstructed-fault line search accepted after 0 rejected candidates; alpha=1.
   Rebuilding Stokes preconditioner...
Fault sparse G: rank0 entries=206862, bytes=3151968
Fault sparse B: rank0 entries=179152, bytes=3932256
      Fault linear solve: iterations=41, estimated=0.038054235547778217, fresh=0.038054244805351641, target=0.049358614811190811, raw=0.038054244805351641, rhs null=0, residual null=0, compatibility bound=0.00098021196493273521, pressure quotient=0, right null=0, left null=0
      Relative nonlinear residuals (bulk, fault) after nonlinear iteration 1: 7.8052763814662049e-10, 0.013257183100975808
      Fault nonlinear residual: bulk=2.8297344573377594, bulk scale=3624010148.2136393, surface=191608.03726307108, surface scale=14453148.591495849, velocity=2.6137995387755115, scaled continuity=1.0841812902561763, bulk precision=0.014020973501748812, bulk target=36.254122455638139, velocity correction=3.5227521468644484e-12
      Reconstructed-fault line search accepted after 0 rejected candidates; alpha=1.
   Rebuilding Stokes preconditioner...
Fault sparse G: rank0 entries=206862, bytes=3151968
Fault sparse B: rank0 entries=179152, bytes=3932256
      Fault linear solve: iterations=39, estimated=0.0073889318211302563, fresh=0.0073889317552379178, target=0.0076532503557643046, raw=0.0073889317552379178, rhs null=0, residual null=0, compatibility bound=0.00098021196493273521, pressure quotient=0, right null=0, left null=0
      Relative nonlinear residuals (bulk, fault) after nonlinear iteration 2: 1.0498899495270713e-11, 0.0040654750413831701
      Fault nonlinear residual: bulk=0.03806283879509819, bulk scale=3624010148.2136393, surface=58758.914868128697, surface scale=14453148.591495849, velocity=0.034581884941216536, scaled continuity=0.015901978840826468, bulk precision=0.014020973501748812, bulk target=36.254122455638139, velocity correction=4.2092494193652411e-13
      Reconstructed-fault line search accepted after 0 rejected candidates; alpha=1.
   Rebuilding Stokes preconditioner...
Fault sparse G: rank0 entries=206862, bytes=3151968
Fault sparse B: rank0 entries=179152, bytes=3932256
      Fault linear solve: iterations=38, estimated=0.00039968074526363159, fresh=0.00039968069700675783, target=0.00040110886509604423, raw=0.00039968069700675783, rhs null=0, residual null=0, compatibility bound=0.00098021196493273521, pressure quotient=0, right null=0, left null=0
      Relative nonlinear residuals (bulk, fault) after nonlinear iteration 3: 2.0506466037235471e-12, 0.00069023886289960108
      Fault nonlinear residual: bulk=0.0074344393084631944, bulk scale=3624010148.2136393, surface=9976.1248491130664, surface scale=14453148.591495849, velocity=0.0067089985541464734, scaled continuity=0.0032031587896455016, bulk precision=0.014020973501748812, bulk target=36.254122455638139, velocity correction=1.7605406752712011e-14
      Reconstructed-fault line search accepted after 0 rejected candidates; alpha=1.
   Rebuilding Stokes preconditioner...
Fault sparse G: rank0 entries=206862, bytes=3151968
Fault sparse B: rank0 entries=179152, bytes=3932256
      Fault linear solve: iterations=38, estimated=1.6884253898142529e-06, fresh=1.6884255007312649e-06, target=2.2356055184232871e-06, raw=1.6884255007312649e-06, rhs null=0, residual null=0, compatibility bound=0.00098021196493273521, pressure quotient=0, right null=0, left null=0
      Relative nonlinear residuals (bulk, fault) after nonlinear iteration 4: 2.523133060814982e-13, 3.4127517665620501e-05
      Fault nonlinear residual: bulk=0.00091473974958655431, bulk scale=3624010148.2136393, surface=493.2500838801127, surface scale=14453148.591495849, velocity=0.00089960758809790931, scaled continuity=0.00016569549453842846, bulk precision=0.014020973501748812, bulk target=36.254122455638139, velocity correction=8.1198015022265272e-17
      Reconstructed-fault line search accepted after 0 rejected candidates; alpha=1.
   Rebuilding Stokes preconditioner...
Fault sparse G: rank0 entries=206862, bytes=3151968
Fault sparse B: rank0 entries=179152, bytes=3932256
      Fault linear solve: iterations=37, estimated=1.2088114535083895e-10, fresh=1.2088114339872372e-10, target=1.3308071272359428e-10, raw=1.2088114339872372e-10, rhs null=0, residual null=0, compatibility bound=0.00098021196493273521, pressure quotient=0, right null=0, left null=0
      Relative nonlinear residuals (bulk, fault) after nonlinear iteration 5: 2.2687070662357698e-13, 1.1853995018792784e-07
      Fault nonlinear residual: bulk=0.00082249983795283155, bulk scale=3624010148.2136393, surface=1.7132755140946374, surface scale=14453148.591495849, velocity=0.00082234565992469132, scaled continuity=1.5924793105658139e-05, bulk precision=0.014020973501748812, bulk target=36.254122455638139, velocity correction=4.1582195736468629e-21
      Reconstructed-fault line search accepted after 0 rejected candidates; alpha=1.
   Rebuilding Stokes preconditioner...
Fault sparse G: rank0 entries=206862, bytes=3151968
Fault sparse B: rank0 entries=179152, bytes=3932256
      Fault linear solve: iterations=35, estimated=5.3538344479060821e-13, fresh=5.353834646281514e-13, target=8.2148345901394993e-13, raw=5.353834646281514e-13, rhs null=0, residual null=0, compatibility bound=0.00098021196493273521, pressure quotient=0, right null=0, left null=0
      Relative nonlinear residuals (bulk, fault) after nonlinear iteration 6: 2.2658684241790309e-13, 1.8777283783717253e-12
      Fault nonlinear residual: bulk=0.00082147071318550418, bulk scale=3624010148.2136393, surface=2.7139087267075089e-05, surface scale=14453148.591495849, velocity=0.0008212968607668352, scaled continuity=1.6899677986356525e-05, bulk precision=0.014020973501748812, bulk target=36.254122455638139, velocity correction=8.1567355139151997e-25
Noncommitting fault diagnostic converged: bulk=2.2658684241790309e-13, surface=1.8777283783717253e-12; discarding mechanical trial and retaining all histories.
BP3 noncommitting rollback verified: complete bulk vector, committed/current V, all particle and surface properties, particle positions/IDs and fault vertices unchanged.


----------------------------------------------------
Exception on rank 0 on processing: 
Noncommitting fault diagnostic completed; intentional rollback stop.
Aborting!
----------------------------------------------------
--------------------------------------------------------------------------
MPI_ABORT was invoked on rank 0 in communicator MPI_COMM_WORLD
  Proc: [[57556,1],0]
  Errorcode: 1

NOTE: invoking MPI_ABORT causes Open MPI to kill all MPI processes.
You may or may not see output from other processes, depending on
exactly when Open MPI kills them.
--------------------------------------------------------------------------


----------------------------------------------------
Exception on rank 2 on processing: 
Noncommitting fault diagnostic completed; intentional rollback stop.
Aborting!
----------------------------------------------------


----------------------------------------------------
Exception on rank 3 on processing: 
Noncommitting fault diagnostic completed; intentional rollback stop.
Aborting!
----------------------------------------------------


----------------------------------------------------
Exception on rank 1 on processing: 
Noncommitting fault diagnostic completed; intentional rollback stop.
Aborting!
----------------------------------------------------
--------------------------------------------------------------------------
prterun has exited due to process rank 0 with PID 0 on node BEBOP calling
"abort". This may have caused other processes in the application to be
terminated by signals sent by prterun (as reported here).
--------------------------------------------------------------------------
 