/home/ein/.config/matplotlib is not a writable directory
Matplotlib created a temporary cache directory at /tmp/matplotlib-nxzxjtga because there was an issue with the default path ({configdir}); it is highly recommended to set the MPLCONFIGDIR environment variable to a writable directory, in particular to speed up the import of Matplotlib and to better support multiprocessing.
/home/ein/repository/aspect/benchmarks/reconstructed_fault/bp3/analyze_uniform_sliding.py:23: UserWarning: loadtxt: input contained no data: "/home/ein/repository/aspect/benchmarks/reconstructed_fault/bp3/within-step-50-local4/B/state_qp_rank0.csv"
  a=np.loadtxt(path,delimiter=',',skiprows=1,usecols=cols,ndmin=2)
/home/ein/repository/aspect/benchmarks/reconstructed_fault/bp3/analyze_uniform_sliding.py:23: UserWarning: loadtxt: input contained no data: "/home/ein/repository/aspect/benchmarks/reconstructed_fault/bp3/within-step-50-local4/B/state_qp_rank1.csv"
  a=np.loadtxt(path,delimiter=',',skiprows=1,usecols=cols,ndmin=2)
/home/ein/repository/aspect/benchmarks/reconstructed_fault/bp3/analyze_uniform_sliding.py:23: UserWarning: loadtxt: input contained no data: "/home/ein/repository/aspect/benchmarks/reconstructed_fault/bp3/within-step-50-local4/B/state_qp_rank3.csv"
  a=np.loadtxt(path,delimiter=',',skiprows=1,usecols=cols,ndmin=2)
{
  "case": "B",
  "baseline_reproduced": false,
  "time": 922804465.597517,
  "dt": 439775721.3758315,
  "lower_active": 0,
  "contrast": 0.1430492750589234,
  "deficit": 0.1881526444308057,
  "gradient_increment": 0.0016548992986665588,
  "old_gradient": 0.0007209160080897625,
  "predicted_gradient": 0.0023758153067563216,
  "maximum_A_rate_relative_difference": null,
  "weak_friction_mean": 26482264.356685862,
  "weak_residual_mean": 2.2419707562545084e-10,
  "no_notch_V": 9.774483153140588e-10,
  "no_notch_residual_mean": -2758440.9440887426,
  "opposite_state_residual_mean": 48108.05648164458,
  "raw_sigma_min": 46920622.94753676,
  "raw_sigma_max": 52962325.81664266,
  "elements": [
    {
      "case": "B",
      "node": 796,
      "segment": 795,
      "xd0": 39999.999999999956,
      "xd1": 39949.999999999956,
      "samples": 298,
      "row_mass": 24.66716036602435,
      "q_load": 650578541.4401232,
      "q_mean": 26374277.85713861,
      "friction_load": 653759124.8049022,
      "friction_mean": 26503217.84526792,
      "damping_load": 0.09987604951415882,
      "damping_mean": 0.004048947995316253,
      "sigma_load": 1234227682.2662153,
      "sigma_mean": 50035255.94158765,
      "R_load": -3180583.4646554445,
      "R_mean": -128939.99217827538,
      "no_notch_R_load": -70610732.54475133,
      "no_notch_R_mean": -2862539.972051586,
      "opposite_state_R_load": -2015737.3096462684,
      "opposite_state_R_mean": -81717.44455931261
    },
    {
      "case": "B",
      "node": 796,
      "segment": 796,
      "xd0": 39949.999999999956,
      "xd1": 39899.999999999956,
      "samples": 302,
      "row_mass": 25.32993409053742,
      "q_load": 673457731.2252392,
      "q_mean": 26587425.32918097,
      "friction_load": 670277147.6599599,
      "friction_mean": 26461859.12936731,
      "damping_load": 0.10062366009409501,
      "damping_mean": 0.003972519617873199,
      "sigma_load": 1265962134.842315,
      "sigma_mean": 49978895.73329937,
      "R_load": 3180583.4646554594,
      "R_mean": 125566.19584113483,
      "no_notch_R_load": -67303299.88970095,
      "no_notch_R_mean": -2657065.732944155,
      "opposite_state_R_load": 4421000.353680661,
      "opposite_state_R_mean": 174536.5912867585
    }
  ],
  "nodes": [
    {
      "case": "B",
      "node": 795,
      "xd": 39999.999999999956,
      "V": 1e-09,
      "old_Theta": 8000000.0,
      "candidate_Theta": 8000000.0,
      "old_slip": 0.4830287442216856,
      "predicted_slip": 0.9228044655975172,
      "prescribed": 1,
      "lower_active": 0
    },
    {
      "case": "B",
      "node": 796,
      "xd": 39949.999999999956,
      "V": 8.118473555691943e-10,
      "old_Theta": 8993659.247785585,
      "candidate_Theta": 9854069.173374495,
      "old_slip": 0.4469829438171975,
      "predicted_slip": 0.8040137002597011,
      "prescribed": 0,
      "lower_active": 0
    },
    {
      "case": "B",
      "node": 797,
      "xd": 39899.999999999956,
      "V": 9.548966306281177e-10,
      "old_Theta": 8315646.78455409,
      "candidate_Theta": 8377870.172960723,
      "old_slip": 0.46941866005900945,
      "predicted_slip": 0.8893590146328408,
      "prescribed": 0,
      "lower_active": 0
    },
    {
      "case": "B",
      "node": 798,
      "xd": 39849.999999999956,
      "V": 9.299265464100891e-10,
      "old_Theta": 8394541.678631954,
      "candidate_Theta": 8602830.009406004,
      "old_slip": 0.4667906062839788,
      "predicted_slip": 0.8757497240580114,
      "prescribed": 0,
      "lower_active": 0
    }
  ]
}
