-----------------------------------------------------------------------------
--                             This is ASPECT                              --
-- The Advanced Solver for Planetary Evolution, Convection, and Tectonics. --
-----------------------------------------------------------------------------
--     . version 3.1.0-pre (pf-rsf-refactor, 6a3781277)
--     . using deal.II 9.6.2 (dealii-9.6, 6890ca740b)
--     .       with 32 bit indices
--     .       with vectorization level 2 (AVX, 4 doubles, 256 bits)
--     . using Trilinos 14.2.0
--     . using p4est 2.8.7
--     . using Geodynamic World Builder 1.0.0
--     . running in OPTIMIZED mode
--     . running with 1 MPI process
-----------------------------------------------------------------------------

Loading shared library </home/ein/repository/aspect-pf-rsf-refactor/benchmarks/reconstructed_fault/refactoring_r7b/build/plugin/libsolcx.release.so>


-----------------------------------------------------------------------------
The output directory </home/ein/repository/aspect-pf-rsf-refactor/benchmarks/reconstructed_fault/refactoring_r7b/output-candidate-gmg/> provided in the input file appears not to exist.
ASPECT will create it for you.
-----------------------------------------------------------------------------


-----------------------------------------------------------------------------
-- For information on how to cite ASPECT, see:
--   https://aspect.geodynamics.org/citing.html?ver=3.1.0-pre&mf=1&sha=6a3781277&src=code
-----------------------------------------------------------------------------
Number of active cells: 16 (on 3 levels)
Number of degrees of freedom: 268 (162+25+81)

*** Timestep 0:  t=0 seconds, dt=0 seconds
   Solving Stokes system (GMG)... 11+0 iterations.
      Relative nonlinear residual (Stokes system) after nonlinear iteration 1: 1

   Solving Stokes system (GMG)... 0+0 iterations.
      Relative nonlinear residual (Stokes system) after nonlinear iteration 2: 1.32004e-08


   Postprocessing:
     Errors u_L1, p_L1, u_L2, p_L2: 7.964441e-05, 1.174943e-01, 1.069688e-04, 1.192654e-01

Termination requested by criterion: end time


+---------------------------------------------+------------+------------+
| Total wallclock time elapsed since start    |    0.0975s |            |
|                                             |            |            |
| Section                         | no. calls |  wall time | % of total |
+---------------------------------+-----------+------------+------------+
| Assemble Stokes system rhs      |         2 |   0.00194s |         2% |
| Build Stokes preconditioner     |         2 |  0.000188s |      0.19% |
| Initialization                  |         1 |    0.0831s |        85% |
| Postprocessing                  |         1 |   0.00096s |      0.99% |
| Setup dof systems               |         1 |   0.00272s |       2.8% |
| Setup initial conditions        |         1 |  0.000942s |      0.97% |
| Setup matrices                  |         1 |   0.00163s |       1.7% |
| Solve Stokes system             |         2 |   0.00399s |       4.1% |
+---------------------------------+-----------+------------+------------+

-- Total wallclock time elapsed including restarts: 0s
-----------------------------------------------------------------------------
-- For information on how to cite ASPECT, see:
--   https://aspect.geodynamics.org/citing.html?ver=3.1.0-pre&mf=1&sha=6a3781277&src=code
-----------------------------------------------------------------------------
