-----------------------------------------------------------------------------
--                             This is ASPECT                              --
-- The Advanced Solver for Planetary Evolution, Convection, and Tectonics. --
-----------------------------------------------------------------------------
--     . version 3.1.0-pre (pf-rsf-refactor, 6a3781277)
--     . using deal.II 9.6.2 (dealii-9.6, 6890ca740b)
--     .       with 32 bit indices
--     .       with vectorization level 2 (AVX, 4 doubles, 256 bits)
--     . using Trilinos 14.2.0
--     . using p4est 2.8.7
--     . using Geodynamic World Builder 1.0.0
--     . running in OPTIMIZED mode
--     . running with 2 MPI processes
-----------------------------------------------------------------------------

Loading shared library </home/ein/repository/aspect-pf-rsf-refactor/benchmarks/reconstructed_fault/refactoring_r7b/build/plugin/libcache_lifecycle.release.so>


-----------------------------------------------------------------------------
The output directory </home/ein/repository/aspect-pf-rsf-refactor/benchmarks/reconstructed_fault/refactoring_r7b/output-candidate-cache/> provided in the input file appears not to exist.
ASPECT will create it for you.
-----------------------------------------------------------------------------


-----------------------------------------------------------------------------
-- For information on how to cite ASPECT, see:
--   https://aspect.geodynamics.org/citing.html?ver=3.1.0-pre&particles=1&sha=6a3781277&src=code
-----------------------------------------------------------------------------
Number of active cells: 4,096 (on 7 levels)
Number of degrees of freedom: 75,014 (33,282+4,225+16,641+16,641+4,225)

*** Timestep 0:  t=0 seconds, dt=0 seconds
   Phase-field residual target: initial=3329356945184007.5, roundoff=5.9141259803853821, absolute target=33293569451.840076
   Solving phase field system:
      Iteration  0: linear solver iterations =    6, line search iterations = 0, relative residual = 4.444e-01
      Iteration  1: linear solver iterations =    7, line search iterations = 0, relative residual = 1.975e-01
      Iteration  2: linear solver iterations =    6, line search iterations = 0, relative residual = 8.779e-02
      Iteration  3: linear solver iterations =    6, line search iterations = 0, relative residual = 3.902e-02
      Iteration  4: linear solver iterations =    7, line search iterations = 0, relative residual = 1.734e-02
      Iteration  5: linear solver iterations =    7, line search iterations = 0, relative residual = 7.707e-03
      Iteration  6: linear solver iterations =    7, line search iterations = 1, relative residual = 4.933e-03
      Iteration  7: linear solver iterations =    7, line search iterations = 1, relative residual = 3.157e-03
      Iteration  8: linear solver iterations =    7, line search iterations = 1, relative residual = 2.020e-03
      Iteration  9: linear solver iterations =    7, line search iterations = 1, relative residual = 1.293e-03
      Iteration 10: linear solver iterations =    7, line search iterations = 1, relative residual = 8.276e-04
      Iteration 11: linear solver iterations =    6, line search iterations = 2, relative residual = 6.539e-04
      Iteration 12: linear solver iterations =    6, line search iterations = 2, relative residual = 5.166e-04
      Iteration 13: linear solver iterations =    6, line search iterations = 2, relative residual = 4.082e-04
      Iteration 14: linear solver iterations =    6, line search iterations = 1, relative residual = 2.613e-04
      Iteration 15: linear solver iterations =    6, line search iterations = 0, relative residual = 1.161e-04
      Iteration 16: linear solver iterations =    6, line search iterations = 1, relative residual = 7.431e-05
      Iteration 17: linear solver iterations =    6, line search iterations = 1, relative residual = 4.756e-05
      Iteration 18: linear solver iterations =    6, line search iterations = 0, relative residual = 2.114e-05
      Iteration 19: linear solver iterations =    6, line search iterations = 0, relative residual = 9.395e-06
   Reconstruction initial faults... done.

   Solving temperature system... 0 iterations.
   Advecting particles...  done.

   Postprocessing:
   Initial cohesive q profile variation for fault 0: weighted RMS=3.017e+08 Pa, maximum=1.079e+09 Pa, normalized RMS=2.438e-01, normalized maximum=8.725e-01
     Number of advected particles:        36864
     Distributed I_h:                     verified
     Particle projection cold/warm cache: verified

Termination requested by criterion: end time


+------------------------------------------------+------------+------------+
| Total wallclock time elapsed since start       | 2.996e+00s |            |
|                                                |            |            |
| Section                            | no. calls |  wall time | % of total |
+------------------------------------+-----------+------------+------------+
| Assemble temperature system        |         1 | 6.139e-02s |  2.05e+00% |
| Build temperature preconditioner   |         1 | 1.001e-02s |  3.34e-01% |
| Fault: Cache build                 |         3 | 1.301e-01s |  4.34e+00% |
| Fault: I_h                         |         2 | 2.877e-01s |  9.60e+00% |
| Fault: Surface-property projection |         2 | 8.085e-04s | 0.000e+00% |
| Initialization                     |         1 | 9.126e-02s |  3.05e+00% |
| Interpolate Stokes solution        |         1 | 1.224e-02s |  4.09e-01% |
| Particles: Advect                  |         2 | 6.265e-03s |  2.09e-01% |
| Particles: Copy                    |         1 | 5.556e-04s | 0.000e+00% |
| Particles: Exchange ghosts         |         2 | 7.176e-04s | 0.000e+00% |
| Particles: Generate                |         1 | 1.300e-03s | 0.000e+00% |
| Particles: Initialization          |         1 | 3.577e-05s | 0.000e+00% |
| Particles: Initialize properties   |         1 | 4.119e-03s |  1.37e-01% |
| Particles: Interpolate             |         1 | 3.546e-03s |  1.18e-01% |
| Particles: Sort                    |         2 | 2.065e-03s | 0.000e+00% |
| Postprocessing                     |         1 | 9.689e-01s |  3.23e+01% |
| Setup dof systems                  |         1 | 2.080e-02s |  6.94e-01% |
| Setup initial conditions           |         1 | 4.848e-01s |  1.62e+01% |
| Setup matrices                     |         1 | 4.963e-02s |  1.66e+00% |
| Solve temperature system           |         1 | 2.025e-03s | 0.000e+00% |
+------------------------------------+-----------+------------+------------+

-- Total wallclock time elapsed including restarts: 3s
-----------------------------------------------------------------------------
-- For information on how to cite ASPECT, see:
--   https://aspect.geodynamics.org/citing.html?ver=3.1.0-pre&particles=1&sha=6a3781277&src=code
-----------------------------------------------------------------------------
