-----------------------------------------------------------------------------
--                             This is ASPECT                              --
-- The Advanced Solver for Planetary Evolution, Convection, and Tectonics. --
-----------------------------------------------------------------------------
--     . version 3.1.0-pre (pf-rsf-refactor, 6a3781277)
--     . using deal.II 9.6.2 (dealii-9.6, 6890ca740b)
--     .       with 32 bit indices
--     .       with vectorization level 2 (AVX, 4 doubles, 256 bits)
--     . using Trilinos 14.2.0
--     . using p4est 2.8.7
--     . using Geodynamic World Builder 1.0.0
--     . running in OPTIMIZED mode
--     . running with 1 MPI process
-----------------------------------------------------------------------------

Loading shared library </home/ein/repository/aspect-pf-rsf-refactor/benchmarks/reconstructed_fault/refactoring_r7b/build/plugin/libmelt_transport_compressible_iterative.release.so>


-----------------------------------------------------------------------------
The output directory </home/ein/repository/aspect-pf-rsf-refactor/benchmarks/reconstructed_fault/refactoring_r7b/output-candidate-melt/> provided in the input file appears not to exist.
ASPECT will create it for you.
-----------------------------------------------------------------------------


-----------------------------------------------------------------------------
-- For information on how to cite ASPECT, see:
--   https://aspect.geodynamics.org/citing.html?ver=3.1.0-pre&melt=1&sha=6a3781277&src=code
-----------------------------------------------------------------------------
Number of active cells: 1,024 (on 6 levels)
Number of degrees of freedom: 30,600 (8,450+4,161+8,450+1,089+4,225+4,225)

*** Timestep 0:  t=0 seconds, dt=0 seconds
   Skipping temperature solve because RHS is zero.
   Solving porosity system ... 0 iterations.
   Rebuilding Stokes preconditioner...
   Solving Stokes system (AMG)... 61+0 iterations.
   Solving fluid velocity system... 11 iterations.
      Relative nonlinear residuals (temperature, compositional fields, Stokes system): 0, 1.51485e-16, 0.160998
      Relative nonlinear residual (total system) after nonlinear iteration 1: 0.160998

   Skipping temperature solve because RHS is zero.
   Solving porosity system ... 0 iterations.
   Rebuilding Stokes preconditioner...
   Solving Stokes system (AMG)... 53+0 iterations.
   Solving fluid velocity system... 11 iterations.
      Relative nonlinear residuals (temperature, compositional fields, Stokes system): 0, 1.51485e-16, 0.0228709
      Relative nonlinear residual (total system) after nonlinear iteration 2: 0.0228709

   Skipping temperature solve because RHS is zero.
   Solving porosity system ... 0 iterations.
   Rebuilding Stokes preconditioner...
   Solving Stokes system (AMG)... 49+0 iterations.
   Solving fluid velocity system... 11 iterations.
      Relative nonlinear residuals (temperature, compositional fields, Stokes system): 0, 1.51485e-16, 0.0078671
      Relative nonlinear residual (total system) after nonlinear iteration 3: 0.0078671

   Skipping temperature solve because RHS is zero.
   Solving porosity system ... 0 iterations.
   Rebuilding Stokes preconditioner...
   Solving Stokes system (AMG)... 47+0 iterations.
   Solving fluid velocity system... 11 iterations.
      Relative nonlinear residuals (temperature, compositional fields, Stokes system): 0, 1.51485e-16, 0.000417069
      Relative nonlinear residual (total system) after nonlinear iteration 4: 0.000417069

   Skipping temperature solve because RHS is zero.
   Solving porosity system ... 0 iterations.
   Rebuilding Stokes preconditioner...
   Solving Stokes system (AMG)... 1+0 iterations.
   Solving fluid velocity system... 11 iterations.
      Relative nonlinear residuals (temperature, compositional fields, Stokes system): 0, 1.51485e-16, 5.04593e-05
      Relative nonlinear residual (total system) after nonlinear iteration 5: 5.04593e-05


   WARNING: The nonlinear solver in the current timestep failed to converge.
   Acting according to the parameter 'Nonlinear solver failure strategy':
   Continuing to the next timestep even though solution is not fully converged.

   Postprocessing:
     RMS, max velocity:                                                  0.223 m/s, 0.34 m/s
     Pressure min/avg/max:                                               0.5063 Pa, 1.574 Pa, 2.961 Pa
     Max, min, and rms velocity along boundary parts:                    0.3386 m/s, 0.1254 m/s, 0.2234 m/s, 0.3386 m/s, 0.1254 m/s, 0.2234 m/s, 0.125 m/s, 0.125 m/s, 0.125 m/s, 0.3398 m/s, 0.3398 m/s, 0.3398 m/s
     Errors u_L2, p_L2, p_f_L2, p_c_bar_L2, p_c_L2, porosity_L2, u_f_L2: 1.334799e-05, 1.334799e-05, 1.687484e-03, 1.595788e-05, 6.159777e-04, 6.158946e-04, 9.409271e-08, 4.339475e-02

Termination requested by criterion: end time


+----------------------------------------------+------------+------------+
| Total wallclock time elapsed since start     |      2.79s |            |
|                                              |            |            |
| Section                          | no. calls |  wall time | % of total |
+----------------------------------+-----------+------------+------------+
| Assemble Stokes system           |         5 |     0.311s |        11% |
| Assemble composition system      |         5 |     0.178s |       6.4% |
| Assemble temperature system      |         5 |     0.168s |         6% |
| Build Stokes preconditioner      |         5 |     0.197s |       7.1% |
| Build composition preconditioner |         5 |    0.0139s |       0.5% |
| Initialization                   |         1 |     0.083s |         3% |
| Postprocessing                   |         1 |    0.0306s |       1.1% |
| Setup dof systems                |         1 |    0.0048s |      0.17% |
| Setup initial conditions         |         1 |    0.0234s |      0.84% |
| Setup matrices                   |         1 |    0.0377s |       1.4% |
| Solve Stokes system              |         5 |      1.69s |        61% |
| Solve composition system         |         5 |   0.00472s |      0.17% |
+----------------------------------+-----------+------------+------------+


WARNING: During this computation 1 nonlinear solver failures occurred!
-- Total wallclock time elapsed including restarts: 3s
-----------------------------------------------------------------------------
-- For information on how to cite ASPECT, see:
--   https://aspect.geodynamics.org/citing.html?ver=3.1.0-pre&melt=1&sha=6a3781277&src=code
-----------------------------------------------------------------------------
