-----------------------------------------------------------------------------
--                             This is ASPECT                              --
-- The Advanced Solver for Planetary Evolution, Convection, and Tectonics. --
-----------------------------------------------------------------------------
--     . version 3.1.0-pre (pf-rsf-refactor, 6a3781277)
--     . using deal.II 9.6.2 (dealii-9.6, 6890ca740b)
--     .       with 32 bit indices
--     .       with vectorization level 2 (AVX, 4 doubles, 256 bits)
--     . using Trilinos 14.2.0
--     . using p4est 2.8.7
--     . using Geodynamic World Builder 1.0.0
--     . running in OPTIMIZED mode
--     . running with 2 MPI processes
-----------------------------------------------------------------------------

Loading shared library </home/ein/repository/aspect-pf-rsf-refactor/benchmarks/reconstructed_fault/refactoring_r7b/build/plugin/libordinary_audit.release.so>

-----------------------------------------------------------------------------
-- For information on how to cite ASPECT, see:
--   https://aspect.geodynamics.org/citing.html?ver=3.1.0-pre&particles=1&sha=6a3781277&src=code
-----------------------------------------------------------------------------
*** Resuming from snapshot /home/ein/repository/aspect-pf-rsf-refactor/benchmarks/reconstructed_fault/refactoring_r7b/output-candidate-particles-cross-resume/restart/01/

Number of active cells: 1,024 (on 6 levels)
Number of degrees of freedom: 13,764 (9,539+4,225)

*** Timestep 4:  t=4.39059e+06 seconds, dt=1.17022e+06 seconds
   Solving temperature system... 21 iterations.
   Advecting particles...  done.
   Solving Stokes system (direct)... done.

   Postprocessing:
     Temperature min/avg/max:         1.003 K, 1.041 K, 1.094 K
     RMS, max velocity:               5.22e-09 m/s, 1.28e-08 m/s
     Writing particle output:         /home/ein/repository/aspect-pf-rsf-refactor/benchmarks/reconstructed_fault/refactoring_r7b/output-candidate-particles-cross-resume/particles/particles-00004
     Writing graphical output:        /home/ein/repository/aspect-pf-rsf-refactor/benchmarks/reconstructed_fault/refactoring_r7b/output-candidate-particles-cross-resume/solution/solution-00004
     Ordinary feature-disabled audit: verified

*** Timestep 5:  t=5.61338e+06 seconds, dt=1.2228e+06 seconds
   Solving temperature system... 21 iterations.
   Advecting particles...  done.
   Solving Stokes system (direct)... done.

   Postprocessing:
     Temperature min/avg/max:         1.004 K, 1.041 K, 1.093 K
     RMS, max velocity:               5.03e-09 m/s, 1.22e-08 m/s
     Writing particle output:         /home/ein/repository/aspect-pf-rsf-refactor/benchmarks/reconstructed_fault/refactoring_r7b/output-candidate-particles-cross-resume/particles/particles-00005
     Writing graphical output:        /home/ein/repository/aspect-pf-rsf-refactor/benchmarks/reconstructed_fault/refactoring_r7b/output-candidate-particles-cross-resume/solution/solution-00005
     Ordinary feature-disabled audit: verified

Termination requested by criterion: end step


+----------------------------------------------+------------+------------+
| Total wallclock time elapsed since start     |     0.488s |            |
|                                              |            |            |
| Section                          | no. calls |  wall time | % of total |
+----------------------------------+-----------+------------+------------+
| Assemble Stokes system           |         2 |    0.0212s |       4.3% |
| Assemble temperature system      |         2 |    0.0317s |       6.5% |
| Build temperature preconditioner |         2 |   0.00654s |       1.3% |
| Initialization                   |         1 |     0.106s |        22% |
| Particles: Advect                |         4 |   0.00193s |      0.39% |
| Particles: Copy                  |         2 |  0.000134s |         0% |
| Particles: Exchange ghosts       |         2 |  0.000175s |         0% |
| Particles: Initialization        |         1 |  6.68e-05s |         0% |
| Particles: Sort                  |         4 |  0.000945s |      0.19% |
| Particles: Update properties     |         2 |  0.000691s |      0.14% |
| Postprocessing                   |         2 |      0.02s |       4.1% |
| Setup dof systems                |         1 |   0.00623s |       1.3% |
| Setup matrices                   |         1 |    0.0119s |       2.4% |
| Solve Stokes system              |         2 |     0.238s |        49% |
| Solve temperature system         |         2 |    0.0259s |       5.3% |
+----------------------------------+-----------+------------+------------+

-- Total wallclock time elapsed including restarts: 2s
-----------------------------------------------------------------------------
-- For information on how to cite ASPECT, see:
--   https://aspect.geodynamics.org/citing.html?ver=3.1.0-pre&particles=1&sha=6a3781277&src=code
-----------------------------------------------------------------------------
