-- The C compiler identification is GNU 16.2.1
-- The CXX compiler identification is GNU 12.4.0
-- Detecting C compiler ABI info
-- Detecting C compiler ABI info - done
-- Check for working C compiler: /usr/bin/cc - skipped
-- Detecting C compile features
-- Detecting C compile features - done
-- Detecting CXX compiler ABI info
-- Detecting CXX compiler ABI info - done
-- Check for working CXX compiler: /opt/openmpi/5.0.6/bin/mpic++ - skipped
-- Detecting CXX compile features
-- Detecting CXX compile features - done
-- Setting up plugin:
--   name <solcx>
--   using ASPECT_DIR /home/ein/repository/aspect-pf-rsf-refactor/build-refactor-post-r6-gcc12-unity
--   setting up RELEASE variant
-- Setting up plugin:
--   name <nsinker_bfbt>
--   using ASPECT_DIR /home/ein/repository/aspect-pf-rsf-refactor/build-refactor-post-r6-gcc12-unity
--   setting up RELEASE variant
-- Setting up plugin:
--   name <melt_transport_compressible_iterative>
--   using ASPECT_DIR /home/ein/repository/aspect-pf-rsf-refactor/build-refactor-post-r6-gcc12-unity
--   setting up RELEASE variant
-- Setting up plugin:
--   name <phase_field_fault_stage_j_restart_create>
--   using ASPECT_DIR /home/ein/repository/aspect-pf-rsf-refactor/build-refactor-post-r6-gcc12-unity
--   setting up RELEASE variant
-- Setting up plugin:
--   name <cache_lifecycle>
--   using ASPECT_DIR /home/ein/repository/aspect-pf-rsf-refactor/build-refactor-post-r6-gcc12-unity
--   setting up RELEASE variant
-- Found Python3: /usr/bin/python3.14 (found version "3.14.7") found components: Interpreter
-- Setting up plugin:
--   name <singular>
--   using ASPECT_DIR /home/ein/repository/aspect-pf-rsf-refactor/build-refactor-post-r6-gcc12-unity
--   setting up RELEASE variant
-- Configuring done (0.6s)
CMake Error at CMakeLists.txt:7 (add_library):
  Cannot find source file:

    /home/ein/repository/aspect-pf-rsf-refactor/tests/solcx.cc

  Tried extensions .c .C .c++ .cc .cpp .cxx .cu .mpp .m .M .mm .ixx .cppm
  .ccm .cxxm .c++m .h .hh .h++ .hm .hpp .hxx .in .txx .f .F .for .f77 .f90
  .f95 .f03 .hip .ispc


CMake Error at CMakeLists.txt:7 (add_library):
  No SOURCES given to target: solcx


CMake Generate step failed.  Build files cannot be regenerated correctly.
