-----------------------------------------------------------------------------
--                             This is ASPECT                              --
-- The Advanced Solver for Planetary Evolution, Convection, and Tectonics. --
-----------------------------------------------------------------------------
--     . version 3.1.0-pre (pf-rsf-refactor, 423469d74)
--     . using deal.II 9.6.2 (dealii-9.6, 6890ca740b)
--     .       with 32 bit indices
--     .       with vectorization level 2 (AVX, 4 doubles, 256 bits)
--     . using Trilinos 14.2.0
--     . using p4est 2.8.7
--     . using Geodynamic World Builder 1.0.0
--     . running in OPTIMIZED mode
--     . running with 1 MPI process
-----------------------------------------------------------------------------


-----------------------------------------------------------------------------
The output directory </home/ein/repository/aspect-pf-rsf-refactor/benchmarks/reconstructed_fault/refactoring_r7b/output-reference-amg/> provided in the input file appears not to exist.
ASPECT will create it for you.
-----------------------------------------------------------------------------


-----------------------------------------------------------------------------
-- For information on how to cite ASPECT, see:
--   https://aspect.geodynamics.org/citing.html?ver=3.1.0-pre&cbfheatflux=1&particles=1&sha=423469d74&src=code
-----------------------------------------------------------------------------
Number of active cells: 64 (on 4 levels)
Number of degrees of freedom: 948 (578+81+289)

*** Timestep 0:  t=0 years, dt=0 years
   Solving temperature system... 0 iterations.
   Advecting particles...  done.
   Rebuilding Stokes preconditioner...
   Solving Stokes system (AMG)... 5+0 iterations.

   Postprocessing:

     Model domain depth (m):                        3e+06
     Temperature contrast across model domain (K):  3000
     Reference depth (m):                           0
     Reference temperature (K):                     0
     Reference pressure (Pa):                       0
     Reference gravity (m/s^2):                     10
     Reference density (kg/m^3):                    3000
     Reference thermal expansion coefficient (1/K): 2e-05
     Reference specific heat capacity (J/(K*kg)):   1000
     Reference thermal conductivity (W/(m*K)):      4.86
     Reference viscosity (Pa*s):                    3e+24
     Reference thermal diffusivity (m^2/s):         1.62e-06
     Rayleigh number:                               10000

     RMS, max velocity:                  3.68e-05 m/year, 6e-05 m/year
     Temperature min/avg/max:            300 K, 1931 K, 3399 K
     Heat fluxes through boundary parts: 0 W, 0 W, 1.547e+04 W, 1.921e+04 W
     Writing graphical output:           /home/ein/repository/aspect-pf-rsf-refactor/benchmarks/reconstructed_fault/refactoring_r7b/output-reference-amg/solution/solution-00000
     Writing particle output:            /home/ein/repository/aspect-pf-rsf-refactor/benchmarks/reconstructed_fault/refactoring_r7b/output-reference-amg/particles/particles-00000

Termination requested by criterion: end time


+----------------------------------------------+------------+------------+
| Total wallclock time elapsed since start     |      0.18s |            |
|                                              |            |            |
| Section                          | no. calls |  wall time | % of total |
+----------------------------------+-----------+------------+------------+
| Assemble Stokes system           |         1 |   0.00137s |      0.76% |
| Assemble temperature system      |         1 |   0.00243s |       1.3% |
| Build Stokes preconditioner      |         1 |    0.0146s |       8.1% |
| Build temperature preconditioner |         1 |   0.00214s |       1.2% |
| Initialization                   |         1 |     0.104s |        58% |
| Particles: Advect                |         2 |   0.00216s |       1.2% |
| Particles: Copy                  |         1 |  2.35e-05s |         0% |
| Particles: Generate              |         1 |   0.00058s |      0.32% |
| Particles: Initialization        |         1 |  3.46e-05s |         0% |
| Particles: Initialize properties |         1 |  2.82e-05s |         0% |
| Particles: Sort                  |         2 |  0.000686s |      0.38% |
| Postprocessing                   |         1 |   0.00929s |       5.2% |
| Setup dof systems                |         1 |    0.0103s |       5.7% |
| Setup initial conditions         |         1 |   0.00408s |       2.3% |
| Setup matrices                   |         1 |    0.0049s |       2.7% |
| Solve Stokes system              |         1 |   0.00254s |       1.4% |
| Solve temperature system         |         1 |  0.000662s |      0.37% |
+----------------------------------+-----------+------------+------------+

-- Total wallclock time elapsed including restarts: 0s
-----------------------------------------------------------------------------
-- For information on how to cite ASPECT, see:
--   https://aspect.geodynamics.org/citing.html?ver=3.1.0-pre&cbfheatflux=1&particles=1&sha=423469d74&src=code
-----------------------------------------------------------------------------
