-----------------------------------------------------------------------------
--                             This is ASPECT                              --
-- The Advanced Solver for Planetary Evolution, Convection, and Tectonics. --
-----------------------------------------------------------------------------
--     . version 3.1.0-pre (pf-rsf-refactor, 423469d74)
--     . using deal.II 9.6.2 (dealii-9.6, 6890ca740b)
--     .       with 32 bit indices
--     .       with vectorization level 2 (AVX, 4 doubles, 256 bits)
--     . using Trilinos 14.2.0
--     . using p4est 2.8.7
--     . using Geodynamic World Builder 1.0.0
--     . running in OPTIMIZED mode
--     . running with 1 MPI process
-----------------------------------------------------------------------------

Loading shared library </home/ein/repository/aspect-pf-rsf-refactor/benchmarks/reconstructed_fault/refactoring_r7b/build/plugin/libnsinker_bfbt.release.so>


-----------------------------------------------------------------------------
The output directory </home/ein/repository/aspect-pf-rsf-refactor/benchmarks/reconstructed_fault/refactoring_r7b/output-reference-bfbt/> provided in the input file appears not to exist.
ASPECT will create it for you.
-----------------------------------------------------------------------------


-----------------------------------------------------------------------------
-- For information on how to cite ASPECT, see:
--   https://aspect.geodynamics.org/citing.html?ver=3.1.0-pre&sha=423469d74&src=code
-----------------------------------------------------------------------------
Number of active cells: 8 (on 2 levels)
Number of degrees of freedom: 527 (375+27+125)

*** Timestep 0:  t=0 seconds, dt=0 seconds
   Rebuilding Stokes preconditioner...
   Solving Stokes system (AMG-BFBT)... 31+0 iterations.

   Postprocessing:
     Writing graphical output: /home/ein/repository/aspect-pf-rsf-refactor/benchmarks/reconstructed_fault/refactoring_r7b/output-reference-bfbt/solution/solution-00000

Termination requested by criterion: end time


+---------------------------------------------+------------+------------+
| Total wallclock time elapsed since start    |     0.137s |            |
|                                             |            |            |
| Section                         | no. calls |  wall time | % of total |
+---------------------------------+-----------+------------+------------+
| Assemble Stokes system          |         1 |   0.00538s |       3.9% |
| Build Stokes preconditioner     |         1 |   0.00729s |       5.3% |
| Initialization                  |         1 |    0.0999s |        73% |
| Postprocessing                  |         1 |   0.00264s |       1.9% |
| Setup dof systems               |         1 |   0.00263s |       1.9% |
| Setup initial conditions        |         1 |   0.00178s |       1.3% |
| Setup matrices                  |         1 |   0.00284s |       2.1% |
| Solve Stokes system             |         1 |   0.00997s |       7.3% |
+---------------------------------+-----------+------------+------------+

-- Total wallclock time elapsed including restarts: 0s
-----------------------------------------------------------------------------
-- For information on how to cite ASPECT, see:
--   https://aspect.geodynamics.org/citing.html?ver=3.1.0-pre&sha=423469d74&src=code
-----------------------------------------------------------------------------
