-----------------------------------------------------------------------------
--                             This is ASPECT                              --
-- The Advanced Solver for Planetary Evolution, Convection, and Tectonics. --
-----------------------------------------------------------------------------
--     . version 3.1.0-pre (pf-rsf-refactor, 423469d74)
--     . using deal.II 9.6.2 (dealii-9.6, 6890ca740b)
--     .       with 32 bit indices
--     .       with vectorization level 2 (AVX, 4 doubles, 256 bits)
--     . using Trilinos 14.2.0
--     . using p4est 2.8.7
--     . using Geodynamic World Builder 1.0.0
--     . running in OPTIMIZED mode
--     . running with 1 MPI process
-----------------------------------------------------------------------------

Loading shared library </home/ein/repository/aspect-pf-rsf-refactor/benchmarks/reconstructed_fault/refactoring_r7b/build/plugin/libsingular.release.so>


-----------------------------------------------------------------------------
The output directory </home/ein/repository/aspect-pf-rsf-refactor/benchmarks/reconstructed_fault/refactoring_r7b/output-reference-singular/> provided in the input file appears not to exist.
ASPECT will create it for you.
-----------------------------------------------------------------------------


-----------------------------------------------------------------------------
-- For information on how to cite ASPECT, see:
--   https://aspect.geodynamics.org/citing.html?ver=3.1.0-pre&particles=1&sha=423469d74&src=code
-----------------------------------------------------------------------------
Number of active cells: 4,096 (on 7 levels)
Number of degrees of freedom: 124,937 (33,282+4,225+16,641+16,641+16,641+16,641+16,641+4,225)

*** Timestep 0:  t=0 seconds, dt=0 seconds
   Phase-field residual target: initial=3329356945184012.5, roundoff=5.9141259803853918, absolute target=33293569451.840126
   Solving phase field system:
      Iteration  0: linear solver iterations =    5, line search iterations = 0, relative residual = 4.444e-01
      Iteration  1: linear solver iterations =    5, line search iterations = 0, relative residual = 1.975e-01
      Iteration  2: linear solver iterations =    5, line search iterations = 0, relative residual = 8.779e-02
      Iteration  3: linear solver iterations =    5, line search iterations = 0, relative residual = 3.902e-02
      Iteration  4: linear solver iterations =    5, line search iterations = 0, relative residual = 1.734e-02
      Iteration  5: linear solver iterations =    5, line search iterations = 0, relative residual = 7.707e-03
      Iteration  6: linear solver iterations =    5, line search iterations = 1, relative residual = 4.933e-03
      Iteration  7: linear solver iterations =    5, line search iterations = 1, relative residual = 3.157e-03
      Iteration  8: linear solver iterations =    5, line search iterations = 1, relative residual = 2.020e-03
      Iteration  9: linear solver iterations =    5, line search iterations = 1, relative residual = 1.293e-03
      Iteration 10: linear solver iterations =    5, line search iterations = 1, relative residual = 8.276e-04
      Iteration 11: linear solver iterations =    5, line search iterations = 2, relative residual = 6.539e-04
      Iteration 12: linear solver iterations =    5, line search iterations = 2, relative residual = 5.166e-04
      Iteration 13: linear solver iterations =    5, line search iterations = 2, relative residual = 4.082e-04
      Iteration 14: linear solver iterations =    5, line search iterations = 1, relative residual = 2.613e-04
      Iteration 15: linear solver iterations =    5, line search iterations = 0, relative residual = 1.161e-04
      Iteration 16: linear solver iterations =    5, line search iterations = 1, relative residual = 7.431e-05
      Iteration 17: linear solver iterations =    5, line search iterations = 1, relative residual = 4.756e-05
      Iteration 18: linear solver iterations =    5, line search iterations = 0, relative residual = 2.114e-05
      Iteration 19: linear solver iterations =    5, line search iterations = 0, relative residual = 9.395e-06
   Reconstruction initial faults... done.

   Solving temperature system... 0 iterations.
   Advecting particles...  done.

   Postprocessing:
   Initial cohesive q profile variation for fault 0: weighted RMS=3.017e+08 Pa, maximum=1.079e+09 Pa, normalized RMS=2.438e-01, normalized maximum=8.725e-01
Observed surface failure: 
--------------------------------------------------------
An error occurred in line <66> of file </home/ein/repository/aspect-pf-rsf-refactor/include/aspect/reconstructed_fault/surface_direct_internal.h> in function
    aspect::internal::FaultSurfaceDirect::FaultSurfaceDirect(const std::vector<double>&, const std::vector<double>&, const std::vector<bool>&, unsigned int, const std::vector<double>&)
The violated condition was: 
    info==0
Additional information: 
    K_V fault=0, vertex=0: GTTRF failed, info=1, singular pivot vertex=0

Stacktrace:
-----------
#0  /home/ein/repository/aspect-pf-rsf-refactor/benchmarks/reconstructed_fault/refactoring_r7b/build/reference-aspect: aspect::internal::FaultSurfaceDirect::FaultSurfaceDirect(std::vector<double, std::allocator<double> > const&, std::vector<double, std::allocator<double> > const&, std::vector<bool, std::allocator<bool> > const&, unsigned int, std::vector<double, std::allocator<double> > const&)
#1  /home/ein/repository/aspect-pf-rsf-refactor/benchmarks/reconstructed_fault/refactoring_r7b/build/reference-aspect: aspect::ReconstructedFaultSurfaceSystem<2>::prepare_surface_linearization(aspect::ReconstructedFaultSurfaceSystem<2>::SurfaceAssembly const&)
#2  /home/ein/repository/aspect-pf-rsf-refactor/benchmarks/reconstructed_fault/refactoring_r7b/build/reference-aspect: aspect::ReconstructedFaultSurfaceSystem<2>::linearize_surface_system(dealii::TrilinosWrappers::MPI::BlockVector const&, std::vector<std::vector<double, std::allocator<double> >, std::allocator<std::vector<double, std::allocator<double> > > > const&)
#3  /home/ein/repository/aspect-pf-rsf-refactor/benchmarks/reconstructed_fault/refactoring_r7b/build/plugin/libsingular.release.so: aspect::Postprocess::VerifySingularPhaseFieldFaultSurfaceSystem<2>::execute[abi:cxx11](dealii::TableHandler&)
#4  /home/ein/repository/aspect-pf-rsf-refactor/benchmarks/reconstructed_fault/refactoring_r7b/build/reference-aspect: aspect::Postprocess::Manager<2>::execute[abi:cxx11](dealii::TableHandler&)
#5  /home/ein/repository/aspect-pf-rsf-refactor/benchmarks/reconstructed_fault/refactoring_r7b/build/reference-aspect: aspect::Simulator<2>::postprocess()
#6  /home/ein/repository/aspect-pf-rsf-refactor/benchmarks/reconstructed_fault/refactoring_r7b/build/reference-aspect: aspect::Simulator<2>::run()
#7  /home/ein/repository/aspect-pf-rsf-refactor/benchmarks/reconstructed_fault/refactoring_r7b/build/reference-aspect: ) [0x1ef0e0c]
#8  /home/ein/repository/aspect-pf-rsf-refactor/benchmarks/reconstructed_fault/refactoring_r7b/build/reference-aspect: main
--------------------------------------------------------



----------------------------------------------------
Exception on MPI process <0> while running postprocessor <N6aspect11Postprocess42VerifySingularPhaseFieldFaultSurfaceSystemILi2EEE>: 

--------------------------------------------------------
An error occurred in line <97> of file </home/ein/repository/aspect-pf-rsf-refactor/benchmarks/reconstructed_fault/refactoring_r7b/build/plugin/singular.cc> in function
    std::pair<std::__cxx11::basic_string<char>, std::__cxx11::basic_string<char> > aspect::Postprocess::VerifySingularPhaseFieldFaultSurfaceSystem<dim>::execute(dealii::TableHandler&) [with int dim = 2]
Additional information: 
    Verified Stage-F singular K_V factorization diagnostic.

Stacktrace:
-----------
#0  /home/ein/repository/aspect-pf-rsf-refactor/benchmarks/reconstructed_fault/refactoring_r7b/build/plugin/libsingular.release.so: aspect::Postprocess::VerifySingularPhaseFieldFaultSurfaceSystem<2>::execute[abi:cxx11](dealii::TableHandler&)
#1  /home/ein/repository/aspect-pf-rsf-refactor/benchmarks/reconstructed_fault/refactoring_r7b/build/reference-aspect: aspect::Postprocess::Manager<2>::execute[abi:cxx11](dealii::TableHandler&)
#2  /home/ein/repository/aspect-pf-rsf-refactor/benchmarks/reconstructed_fault/refactoring_r7b/build/reference-aspect: aspect::Simulator<2>::postprocess()
#3  /home/ein/repository/aspect-pf-rsf-refactor/benchmarks/reconstructed_fault/refactoring_r7b/build/reference-aspect: aspect::Simulator<2>::run()
#4  /home/ein/repository/aspect-pf-rsf-refactor/benchmarks/reconstructed_fault/refactoring_r7b/build/reference-aspect: ) [0x1ef0e0c]
#5  /home/ein/repository/aspect-pf-rsf-refactor/benchmarks/reconstructed_fault/refactoring_r7b/build/reference-aspect: main
--------------------------------------------------------

Aborting!
----------------------------------------------------
--------------------------------------------------------------------------
MPI_ABORT was invoked on rank 0 in communicator MPI_COMM_WORLD
  Proc: [[20821,1],0]
  Errorcode: 1

NOTE: invoking MPI_ABORT causes Open MPI to kill all MPI processes.
You may or may not see output from other processes, depending on
exactly when Open MPI kills them.
--------------------------------------------------------------------------
--------------------------------------------------------------------------
prterun has exited due to process rank 0 with PID 0 on node BEBOP calling
"abort". This may have caused other processes in the application to be
terminated by signals sent by prterun (as reported here).
--------------------------------------------------------------------------
 