-----------------------------------------------------------------------------
--                             This is ASPECT                              --
-- The Advanced Solver for Planetary Evolution, Convection, and Tectonics. --
-----------------------------------------------------------------------------
--     . version 3.1.0-pre (pf-rsf-refactor, 1a3b57eda)
--     . using deal.II 9.6.2 (dealii-9.6, 6890ca740b)
--     .       with 32 bit indices
--     .       with vectorization level 2 (AVX, 4 doubles, 256 bits)
--     . using Trilinos 14.2.0
--     . using p4est 2.8.7
--     . using Geodynamic World Builder 1.0.0
--     . running in OPTIMIZED mode
--     . running with 2 MPI processes
-----------------------------------------------------------------------------

Loading shared library </home/ein/repository/aspect-pf-rsf-refactor/benchmarks/reconstructed_fault/bp3_runtime/build/libbp3_restore_150x50.release.so>
Loading shared library </home/ein/repository/aspect-pf-rsf-refactor/benchmarks/reconstructed_fault/bp3_runtime/build/observer/libfrozen_birth_observer.release.so>


-----------------------------------------------------------------------------
The output directory </home/ein/repository/aspect-pf-rsf-refactor/benchmarks/reconstructed_fault/bp3_runtime/output-create/> provided in the input file appears not to exist.
ASPECT will create it for you.
-----------------------------------------------------------------------------


BP3 straight geometry v1 box -60000 0 150000 50000 anchors 28867.513459481292 0 0.59999999999999998 20000 15358.983848622454 0.59999999999999998 9000 34411.542731880108 0.59999999999999998 7500 37009.618943233421 0.59999999999999998 0 50000 0.59999999999999998 thrust -1 weakening 15000 width 3000 local 0
BP3 dip=60, length=57735, tangent=0.5 -0.866025, normal=0.866025 0.5
BP3 native LLS limiter: crack_driving_force components 0..0; boundary extrapolation disabled.
BP3 native LLS limiter: maxwell stress components 3..5; boundary extrapolation disabled.
-----------------------------------------------------------------------------
-- For information on how to cite ASPECT, see:
--   https://aspect.geodynamics.org/citing.html?ver=3.1.0-pre&NewtonSolver=1&particles=1&sha=1a3b57eda&src=code
-----------------------------------------------------------------------------
Number of active cells: 1,875 (on 1 levels)
Number of degrees of freedom: 65,560 (15,402+1,976+7,701+7,701+7,701+7,701+7,701+7,701+1,976)

*** Timestep 0:  t=0 seconds, dt=0 seconds
   Reconstruction initial faults... done.

BP3 mesh geometry: cells=1875, support cells=267, h range=2000:2000, area=7.5e+09
Automatic boundary contact: fault=0, contact=0, endpoint=0, boundary=2, position=28867.5 0, influence=6141.78, treatment=paired completion
Automatic boundary contact: fault=0, contact=1, endpoint=1, boundary=3, position=0 50000, influence=6141.78, treatment=paired completion
Cell I_h: rebuilt profiles=744, reused profiles=0, local intervals=23984, cell candidates=372380, FE samples=241488, remote requests=0, windows=5, geometry seconds=0.00716049, local interval bytes=1726848
   Initial cohesive q profile variation for fault 0: weighted RMS=0 Pa, maximum=0 Pa, normalized RMS=0, normalized maximum=0
BP3 automatic completion: both endpoint supports qualified.
BP3 live stationary profile: support=7905.83, full normal integral=2.61077e+06, primitive knots=5000
   Advecting particles...  done.
   Rebuilding Stokes preconditioner...
      Fault linear solve: iterations=22, fresh=2.073682e+00, target=2.404252e+00
      Relative nonlinear residuals (bulk, fault) after nonlinear iteration  0: 9.999990e-01, 1.612496e-02
      Reconstructed-fault line search accepted after 0 rejected candidates; alpha=1.
   Rebuilding Stokes preconditioner...
      Fault linear solve: iterations=23, fresh=4.442591e-09, target=6.387793e-09
      Relative nonlinear residuals (bulk, fault) after nonlinear iteration  1: 8.623874e-10, 1.906104e-08
      Reconstructed-fault line search accepted after 0 rejected candidates; alpha=1.
   Rebuilding Stokes preconditioner...
      Relative nonlinear residuals (bulk, fault) after nonlinear iteration  2: 6.812673e-16, 1.319278e-14

   Postprocessing:
Work replay accepted observation: step=0, frozen weak stress discrepancy=9.19332e-09 Pa; inert H and geometry unchanged.
BP3 PROFILE/ENDPOINT PASS: maximum primitive error=6.66134e-16
     BP3 accepted state            0
     Number of advected particles: 30000
     Writing reconstructed faults: reconstructed_faults/reconstructed_faults-00000.vtu
     Restored BP3 monitor          raw/filtered traction and endpoint growth recorded
     Coupled replenishment:        sampled
     Frozen newborn H:             verified before birth audit
     Writing graphical output:     /home/ein/repository/aspect-pf-rsf-refactor/benchmarks/reconstructed_fault/bp3_runtime/output-create/solution/solution-00000

*** Snapshot /home/ein/repository/aspect-pf-rsf-refactor/benchmarks/reconstructed_fault/bp3_runtime/output-create/restart/01/ created!

*** Timestep 1:  t=100 seconds, dt=100 seconds
   Advecting particles...  done.
   Rebuilding Stokes preconditioner...
      Fault linear solve: iterations=20, fresh=3.484648e-03, target=9.276542e-03
      Relative nonlinear residuals (bulk, fault) after nonlinear iteration  0: 9.999987e-01, 1.164529e-04
      Reconstructed-fault line search accepted after 0 rejected candidates; alpha=1.
   Rebuilding Stokes preconditioner...
      Fault linear solve: iterations=24, fresh=3.430619e-12, target=3.486224e-12
      Relative nonlinear residuals (bulk, fault) after nonlinear iteration  1: 3.756404e-10, 1.917596e-08
      Reconstructed-fault line search accepted after 0 rejected candidates; alpha=1.
   Rebuilding Stokes preconditioner...
      Relative nonlinear residuals (bulk, fault) after nonlinear iteration  2: 4.459334e-18, 4.457436e-15
   Cohesive traction profile variation for fault 0: weighted RMS=0 Pa, maximum=0 Pa

   Postprocessing:
Work replay accepted observation: step=1, frozen weak stress discrepancy=1.66647e-08 Pa; inert H and geometry unchanged.
BP3 LONG RUN GRACEFUL STOP at accepted step 1, time=100 s.
BP3 PROFILE/ENDPOINT PASS: maximum primitive error=6.66134e-16
     BP3 accepted state            1
     Number of advected particles: 30122
     Writing reconstructed faults: reconstructed_faults/reconstructed_faults-00001.vtu
     Restored BP3 monitor          raw/filtered traction and endpoint growth recorded
     Coupled replenishment:        sampled
     Frozen newborn H:             verified before birth audit
     Writing graphical output:     /home/ein/repository/aspect-pf-rsf-refactor/benchmarks/reconstructed_fault/bp3_runtime/output-create/solution/solution-00001

Termination requested by criterion: end time
Termination requested by criterion: BP3 long run complete
*** Snapshot /home/ein/repository/aspect-pf-rsf-refactor/benchmarks/reconstructed_fault/bp3_runtime/output-create/restart/02/ created!



+------------------------------------------------+------------+------------+
| Total wallclock time elapsed since start       |      7.31s |            |
|                                                |            |            |
| Section                            | no. calls |  wall time | % of total |
+------------------------------------+-----------+------------+------------+
| Assemble Stokes system Picard      |         6 |     0.386s |       5.3% |
| Assemble Stokes system rhs         |         8 |     0.405s |       5.5% |
| Build Stokes preconditioner        |         6 |     0.316s |       4.3% |
| Create snapshot                    |         2 |     0.333s |       4.5% |
| Fault: Cache build                 |         3 |    0.0657s |       0.9% |
| Fault: I_h                         |         3 |    0.0878s |       1.2% |
| Fault: Property preparation        |         3 |     0.109s |       1.5% |
| Fault: Stokes QP cache build       |         1 |   0.00182s |         0% |
| Fault: Surface-property projection |         3 |    0.0665s |      0.91% |
| Fault: condensed linear solve      |         4 |       2.2s |        30% |
| Initialization                     |         1 |     0.168s |       2.3% |
| Particles: Advect                  |         4 |   0.00823s |      0.11% |
| Particles: Copy                    |         2 |  0.000948s |         0% |
| Particles: Exchange ghosts         |         3 |    0.0252s |      0.35% |
| Particles: Generate                |         1 |   0.00165s |         0% |
| Particles: Initialization          |         1 |  0.000193s |         0% |
| Particles: Initialize properties   |         1 |    0.0327s |      0.45% |
| Particles: Interpolate             |         2 |    0.0235s |      0.32% |
| Particles: Sort                    |         4 |   0.00213s |         0% |
| Particles: Update properties       |         2 |   0.00382s |         0% |
| Postprocessing                     |         2 |     0.321s |       4.4% |
| Setup dof systems                  |         1 |    0.0389s |      0.53% |
| Setup initial conditions           |         1 |     0.804s |        11% |
| Setup matrices                     |         1 |      0.18s |       2.5% |
+------------------------------------+-----------+------------+------------+

-- Total wallclock time elapsed including restarts: 7s
-----------------------------------------------------------------------------
-- For information on how to cite ASPECT, see:
--   https://aspect.geodynamics.org/citing.html?ver=3.1.0-pre&NewtonSolver=1&particles=1&sha=1a3b57eda&src=code
-----------------------------------------------------------------------------
