-----------------------------------------------------------------------------
--                             This is ASPECT                              --
-- The Advanced Solver for Planetary Evolution, Convection, and Tectonics. --
-----------------------------------------------------------------------------
--     . version 3.1.0-pre (pf-rsf-refactor, 1a3b57eda)
--     . using deal.II 9.6.2 (dealii-9.6, 6890ca740b)
--     .       with 32 bit indices
--     .       with vectorization level 2 (AVX, 4 doubles, 256 bits)
--     . using Trilinos 14.2.0
--     . using p4est 2.8.7
--     . using Geodynamic World Builder 1.0.0
--     . running in OPTIMIZED mode
--     . running with 1 MPI process
-----------------------------------------------------------------------------

Loading shared library </home/ein/repository/aspect-pf-rsf-refactor/benchmarks/reconstructed_fault/bp3_runtime/build/libbp3_restore_150x50.release.so>
Loading shared library </home/ein/repository/aspect-pf-rsf-refactor/benchmarks/reconstructed_fault/bp3_runtime/build/observer/libfrozen_birth_observer.release.so>


-----------------------------------------------------------------------------
The output directory </home/ein/repository/aspect-pf-rsf-refactor/benchmarks/reconstructed_fault/bp3_runtime/output-dip-45-serial/> provided in the input file appears not to exist.
ASPECT will create it for you.
-----------------------------------------------------------------------------


BP3 straight geometry v1 box -60000 0 150000 50000 anchors 50000 0 0.59999999999999998 25000 25000 0.59999999999999998 0 50000 0.59999999999999998 thrust -1 weakening 15000 width 3000 local 0
BP3 dip=45, length=70710.7, tangent=0.707107 -0.707107, normal=0.707107 0.707107
BP3 native LLS limiter: crack_driving_force components 0..0; boundary extrapolation disabled.
BP3 native LLS limiter: maxwell stress components 3..5; boundary extrapolation disabled.
-----------------------------------------------------------------------------
-- For information on how to cite ASPECT, see:
--   https://aspect.geodynamics.org/citing.html?ver=3.1.0-pre&NewtonSolver=1&particles=1&sha=1a3b57eda&src=code
-----------------------------------------------------------------------------
Number of active cells: 1,875 (on 1 levels)
Number of degrees of freedom: 65,560 (15,402+1,976+7,701+7,701+7,701+7,701+7,701+7,701+1,976)

*** Timestep 0:  t=0 seconds, dt=0 seconds
   Reconstruction initial faults... done.

BP3 mesh geometry: cells=1875, support cells=325, h range=2000:2000, area=7.5e+09
Automatic boundary contact: fault=0, contact=0, endpoint=0, boundary=2, position=50000 0, influence=10734.3, treatment=paired completion
Automatic boundary contact: fault=0, contact=1, endpoint=1, boundary=3, position=0 50000, influence=10734.3, treatment=paired completion
Cell I_h: rebuilt profiles=864, reused profiles=0, local intervals=42768, cell candidates=551319, FE samples=583308, remote requests=0, windows=5, geometry seconds=0.0257174, local interval bytes=3079296
   Initial cohesive q profile variation for fault 0: weighted RMS=0 Pa, maximum=0 Pa, normalized RMS=0, normalized maximum=0
BP3 automatic completion: both endpoint supports qualified.
BP3 live stationary profile: support=7905.83, full normal integral=2.61077e+06, primitive knots=5000
   Advecting particles...  done.
   Rebuilding Stokes preconditioner...
      Fault linear solve: iterations=22, fresh=1.911726e+00, target=2.335500e+00
      Relative nonlinear residuals (bulk, fault) after nonlinear iteration  0: 9.999992e-01, 1.614775e-02
      Reconstructed-fault line search accepted after 0 rejected candidates; alpha=1.
   Rebuilding Stokes preconditioner...
      Fault linear solve: iterations=24, fresh=5.670718e-09, target=6.788774e-09
      Relative nonlinear residuals (bulk, fault) after nonlinear iteration  1: 8.184087e-10, 2.051639e-08
      Reconstructed-fault line search accepted after 0 rejected candidates; alpha=1.
   Rebuilding Stokes preconditioner...
      Relative nonlinear residuals (bulk, fault) after nonlinear iteration  2: 7.154656e-16, 1.567285e-14

   Postprocessing:
Work replay accepted observation: step=0, frozen weak stress discrepancy=1.55719e-08 Pa; inert H and geometry unchanged.
ENDPOINT HANDOFF PASS rank 0
BP3 PROFILE/ENDPOINT PASS: maximum primitive error=6.66134e-16
     BP3 accepted state            0
     Number of advected particles: 30000
     Writing reconstructed faults: reconstructed_faults/reconstructed_faults-00000.vtu
     Restored BP3 monitor          raw/filtered traction and endpoint growth recorded
     Coupled replenishment:        sampled
     Frozen newborn H:             verified before birth audit
     Writing graphical output:     /home/ein/repository/aspect-pf-rsf-refactor/benchmarks/reconstructed_fault/bp3_runtime/output-dip-45-serial/solution/solution-00000

*** Snapshot /home/ein/repository/aspect-pf-rsf-refactor/benchmarks/reconstructed_fault/bp3_runtime/output-dip-45-serial/restart/01/ created!

*** Timestep 1:  t=100 seconds, dt=100 seconds
   Advecting particles...  done.
   Rebuilding Stokes preconditioner...
      Fault linear solve: iterations=21, fresh=2.222189e-03, target=4.202341e-03
      Relative nonlinear residuals (bulk, fault) after nonlinear iteration  0: 9.999981e-01, 9.907976e-05
      Reconstructed-fault line search accepted after 0 rejected candidates; alpha=1.
   Rebuilding Stokes preconditioner...
      Fault linear solve: iterations=24, fresh=2.004615e-12, target=2.229112e-12
      Relative nonlinear residuals (bulk, fault) after nonlinear iteration  1: 5.287968e-10, 2.077671e-08
      Reconstructed-fault line search accepted after 0 rejected candidates; alpha=1.
   Rebuilding Stokes preconditioner...
      Relative nonlinear residuals (bulk, fault) after nonlinear iteration  2: 9.770281e-18, 5.000093e-15
   Cohesive traction profile variation for fault 0: weighted RMS=0 Pa, maximum=0 Pa

   Postprocessing:
Work replay accepted observation: step=1, frozen weak stress discrepancy=9.18301e-09 Pa; inert H and geometry unchanged.
ENDPOINT HANDOFF PASS rank 0
BP3 PROFILE/ENDPOINT PASS: maximum primitive error=6.66134e-16
     BP3 accepted state            1
     Number of advected particles: 30000
     Restored BP3 monitor          raw/filtered traction and endpoint growth recorded
     Coupled replenishment:        sampled
     Frozen newborn H:             verified before birth audit

*** Snapshot /home/ein/repository/aspect-pf-rsf-refactor/benchmarks/reconstructed_fault/bp3_runtime/output-dip-45-serial/restart/02/ created!

*** Timestep 2:  t=200 seconds, dt=100 seconds
   Advecting particles...  done.
   Rebuilding Stokes preconditioner...
      Fault linear solve: iterations=21, fresh=6.390954e-08, target=9.504258e-08
      Relative nonlinear residuals (bulk, fault) after nonlinear iteration  0: 9.994824e-01, 3.132004e-09
      Reconstructed-fault line search accepted after 0 rejected candidates; alpha=1.
   Rebuilding Stokes preconditioner...
      Relative nonlinear residuals (bulk, fault) after nonlinear iteration  1: 6.720823e-10, 9.782267e-15
   Cohesive traction profile variation for fault 0: weighted RMS=0 Pa, maximum=0 Pa

   Postprocessing:
Work replay accepted observation: step=2, frozen weak stress discrepancy=1.54469e-08 Pa; inert H and geometry unchanged.
BP3 LONG RUN GRACEFUL STOP at accepted step 2, time=200 s.
ENDPOINT HANDOFF PASS rank 0
BP3 PROFILE/ENDPOINT PASS: maximum primitive error=6.66134e-16
     BP3 accepted state            2
     Number of advected particles: 30000
     Writing reconstructed faults: reconstructed_faults/reconstructed_faults-00002.vtu
     Restored BP3 monitor          raw/filtered traction and endpoint growth recorded
     Coupled replenishment:        sampled
     Frozen newborn H:             verified before birth audit
     Writing graphical output:     /home/ein/repository/aspect-pf-rsf-refactor/benchmarks/reconstructed_fault/bp3_runtime/output-dip-45-serial/solution/solution-00001

Termination requested by criterion: end time
Termination requested by criterion: BP3 long run complete
*** Snapshot /home/ein/repository/aspect-pf-rsf-refactor/benchmarks/reconstructed_fault/bp3_runtime/output-dip-45-serial/restart/03/ created!



+------------------------------------------------+------------+------------+
| Total wallclock time elapsed since start       |      22.9s |            |
|                                                |            |            |
| Section                            | no. calls |  wall time | % of total |
+------------------------------------+-----------+------------+------------+
| Assemble Stokes system Picard      |         8 |      1.37s |         6% |
| Assemble Stokes system rhs         |        11 |      1.38s |         6% |
| Build Stokes preconditioner        |         8 |     0.912s |         4% |
| Create snapshot                    |         3 |      1.15s |         5% |
| Fault: Cache build                 |         4 |     0.349s |       1.5% |
| Fault: I_h                         |         4 |     0.422s |       1.8% |
| Fault: Property preparation        |         4 |      0.43s |       1.9% |
| Fault: Stokes QP cache build       |         1 |   0.00884s |         0% |
| Fault: Surface-property projection |         4 |     0.352s |       1.5% |
| Fault: condensed linear solve      |         5 |       4.3s |        19% |
| Initialization                     |         1 |     0.179s |      0.78% |
| Particles: Advect                  |         6 |    0.0324s |      0.14% |
| Particles: Copy                    |         3 |   0.00302s |         0% |
| Particles: Generate                |         1 |   0.00568s |         0% |
| Particles: Initialization          |         1 |   0.00023s |         0% |
| Particles: Initialize properties   |         1 |    0.0356s |      0.16% |
| Particles: Interpolate             |         3 |    0.0929s |       0.4% |
| Particles: Sort                    |         6 |   0.00777s |         0% |
| Particles: Update properties       |         3 |    0.0165s |         0% |
| Postprocessing                     |         3 |      1.45s |       6.3% |
| Setup dof systems                  |         1 |    0.0167s |         0% |
| Setup initial conditions           |         1 |       2.4s |        10% |
| Setup matrices                     |         1 |     0.168s |      0.73% |
+------------------------------------+-----------+------------+------------+

-- Total wallclock time elapsed including restarts: 23s
-----------------------------------------------------------------------------
-- For information on how to cite ASPECT, see:
--   https://aspect.geodynamics.org/citing.html?ver=3.1.0-pre&NewtonSolver=1&particles=1&sha=1a3b57eda&src=code
-----------------------------------------------------------------------------
