-----------------------------------------------------------------------------
--                             This is ASPECT                              --
-- The Advanced Solver for Planetary Evolution, Convection, and Tectonics. --
-----------------------------------------------------------------------------
--     . version 3.1.0-pre (pf-rsf-refactor, 1a3b57eda)
--     . using deal.II 9.6.2 (dealii-9.6, 6890ca740b)
--     .       with 32 bit indices
--     .       with vectorization level 2 (AVX, 4 doubles, 256 bits)
--     . using Trilinos 14.2.0
--     . using p4est 2.8.7
--     . using Geodynamic World Builder 1.0.0
--     . running in OPTIMIZED mode
--     . running with 1 MPI process
-----------------------------------------------------------------------------

Loading shared library </home/ein/repository/aspect-pf-rsf-refactor/benchmarks/reconstructed_fault/bp3_runtime/build/libbp3_restore_150x50.release.so>
Loading shared library </home/ein/repository/aspect-pf-rsf-refactor/benchmarks/reconstructed_fault/bp3_runtime/build/observer/libfrozen_birth_observer.release.so>


-----------------------------------------------------------------------------
The output directory </home/ein/repository/aspect-pf-rsf-refactor/benchmarks/reconstructed_fault/bp3_runtime/output-dip-60-final/> provided in the input file appears not to exist.
ASPECT will create it for you.
-----------------------------------------------------------------------------


BP3 straight geometry v1 box -60000 0 150000 50000 anchors 28867.513459481292 0 0.59999999999999998 20000 15358.983848622454 0.59999999999999998 9000 34411.542731880108 0.59999999999999998 7500 37009.618943233421 0.59999999999999998 0 50000 0.59999999999999998 thrust -1 weakening 15000 width 3000 local 0
BP3 dip=60, length=57735, tangent=0.5 -0.866025, normal=0.866025 0.5
BP3 native LLS limiter: crack_driving_force components 0..0; boundary extrapolation disabled.
BP3 native LLS limiter: maxwell stress components 3..5; boundary extrapolation disabled.
-----------------------------------------------------------------------------
-- For information on how to cite ASPECT, see:
--   https://aspect.geodynamics.org/citing.html?ver=3.1.0-pre&NewtonSolver=1&particles=1&sha=1a3b57eda&src=code
-----------------------------------------------------------------------------
Number of active cells: 1,875 (on 1 levels)
Number of degrees of freedom: 65,560 (15,402+1,976+7,701+7,701+7,701+7,701+7,701+7,701+1,976)

*** Timestep 0:  t=0 seconds, dt=0 seconds
   Reconstruction initial faults... done.

BP3 mesh geometry: cells=1875, support cells=267, h range=2000:2000, area=7.5e+09
Automatic boundary contact: fault=0, contact=0, endpoint=0, boundary=2, position=28867.5 0, influence=6141.78, treatment=paired completion
Automatic boundary contact: fault=0, contact=1, endpoint=1, boundary=3, position=0 50000, influence=6141.78, treatment=paired completion
Cell I_h: rebuilt profiles=744, reused profiles=0, local intervals=47464, cell candidates=729730, FE samples=504036, remote requests=0, windows=5, geometry seconds=0.0139626, local interval bytes=3417408
   Initial cohesive q profile variation for fault 0: weighted RMS=0 Pa, maximum=0 Pa, normalized RMS=0, normalized maximum=0
BP3 automatic completion: both endpoint supports qualified.
BP3 live stationary profile: support=7905.83, full normal integral=2.61077e+06, primitive knots=5000
   Advecting particles...  done.
   Rebuilding Stokes preconditioner...
      Fault linear solve: iterations=22, fresh=2.138352e+00, target=2.404252e+00
      Relative nonlinear residuals (bulk, fault) after nonlinear iteration  0: 9.999990e-01, 1.612496e-02
      Reconstructed-fault line search accepted after 0 rejected candidates; alpha=1.
   Rebuilding Stokes preconditioner...
      Fault linear solve: iterations=23, fresh=4.367127e-09, target=6.412027e-09
      Relative nonlinear residuals (bulk, fault) after nonlinear iteration  1: 8.892820e-10, 1.906104e-08
      Reconstructed-fault line search accepted after 0 rejected candidates; alpha=1.
   Rebuilding Stokes preconditioner...
      Relative nonlinear residuals (bulk, fault) after nonlinear iteration  2: 6.817897e-16, 1.309660e-14

   Postprocessing:
Work replay accepted observation: step=0, frozen weak stress discrepancy=1.01262e-08 Pa; inert H and geometry unchanged.
BP3 PROFILE/ENDPOINT PASS: maximum primitive error=6.66134e-16
     BP3 accepted state            0
     Number of advected particles: 30000
     Writing reconstructed faults: reconstructed_faults/reconstructed_faults-00000.vtu
     Restored BP3 monitor          raw/filtered traction and endpoint growth recorded
     Coupled replenishment:        sampled
     Frozen newborn H:             verified before birth audit
     Writing graphical output:     /home/ein/repository/aspect-pf-rsf-refactor/benchmarks/reconstructed_fault/bp3_runtime/output-dip-60-final/solution/solution-00000

*** Snapshot /home/ein/repository/aspect-pf-rsf-refactor/benchmarks/reconstructed_fault/bp3_runtime/output-dip-60-final/restart/01/ created!

*** Timestep 1:  t=100 seconds, dt=100 seconds
   Advecting particles...  done.
   Rebuilding Stokes preconditioner...
      Fault linear solve: iterations=20, fresh=5.364367e-03, target=9.276542e-03
      Relative nonlinear residuals (bulk, fault) after nonlinear iteration  0: 9.999987e-01, 1.164529e-04
      Reconstructed-fault line search accepted after 0 rejected candidates; alpha=1.
   Rebuilding Stokes preconditioner...
      Fault linear solve: iterations=25, fresh=1.715913e-12, target=5.366426e-12
      Relative nonlinear residuals (bulk, fault) after nonlinear iteration  1: 5.782715e-10, 1.917596e-08
      Reconstructed-fault line search accepted after 0 rejected candidates; alpha=1.
   Rebuilding Stokes preconditioner...
      Relative nonlinear residuals (bulk, fault) after nonlinear iteration  2: 4.452803e-18, 8.065625e-15
   Cohesive traction profile variation for fault 0: weighted RMS=0 Pa, maximum=0 Pa

   Postprocessing:
Work replay accepted observation: step=1, frozen weak stress discrepancy=1.66359e-08 Pa; inert H and geometry unchanged.
BP3 PROFILE/ENDPOINT PASS: maximum primitive error=6.66134e-16
     BP3 accepted state            1
     Number of advected particles: 30000
     Restored BP3 monitor          raw/filtered traction and endpoint growth recorded
     Coupled replenishment:        sampled
     Frozen newborn H:             verified before birth audit

*** Snapshot /home/ein/repository/aspect-pf-rsf-refactor/benchmarks/reconstructed_fault/bp3_runtime/output-dip-60-final/restart/02/ created!

*** Timestep 2:  t=200 seconds, dt=100 seconds
   Advecting particles...  done.
   Rebuilding Stokes preconditioner...
      Fault linear solve: iterations=21, fresh=8.880539e-08, target=2.034591e-07
      Relative nonlinear residuals (bulk, fault) after nonlinear iteration  0: 9.997049e-01, 3.704729e-09
      Reconstructed-fault line search accepted after 0 rejected candidates; alpha=1.
   Rebuilding Stokes preconditioner...
      Relative nonlinear residuals (bulk, fault) after nonlinear iteration  1: 4.363495e-10, 1.502090e-14
   Cohesive traction profile variation for fault 0: weighted RMS=0 Pa, maximum=0 Pa

   Postprocessing:
Work replay accepted observation: step=2, frozen weak stress discrepancy=2.45097e-08 Pa; inert H and geometry unchanged.
BP3 LONG RUN GRACEFUL STOP at accepted step 2, time=200 s.
BP3 PROFILE/ENDPOINT PASS: maximum primitive error=6.66134e-16
     BP3 accepted state            2
     Number of advected particles: 30000
     Writing reconstructed faults: reconstructed_faults/reconstructed_faults-00002.vtu
     Restored BP3 monitor          raw/filtered traction and endpoint growth recorded
     Coupled replenishment:        sampled
     Frozen newborn H:             verified before birth audit
     Writing graphical output:     /home/ein/repository/aspect-pf-rsf-refactor/benchmarks/reconstructed_fault/bp3_runtime/output-dip-60-final/solution/solution-00001

Termination requested by criterion: end time
Termination requested by criterion: BP3 long run complete
*** Snapshot /home/ein/repository/aspect-pf-rsf-refactor/benchmarks/reconstructed_fault/bp3_runtime/output-dip-60-final/restart/03/ created!



+------------------------------------------------+------------+------------+
| Total wallclock time elapsed since start       |      10.4s |            |
|                                                |            |            |
| Section                            | no. calls |  wall time | % of total |
+------------------------------------+-----------+------------+------------+
| Assemble Stokes system Picard      |         8 |     0.636s |       6.1% |
| Assemble Stokes system rhs         |        11 |     0.647s |       6.2% |
| Build Stokes preconditioner        |         8 |     0.424s |       4.1% |
| Create snapshot                    |         3 |     0.535s |       5.1% |
| Fault: Cache build                 |         4 |     0.135s |       1.3% |
| Fault: I_h                         |         4 |     0.169s |       1.6% |
| Fault: Property preparation        |         4 |     0.174s |       1.7% |
| Fault: Stokes QP cache build       |         1 |   0.00286s |         0% |
| Fault: Surface-property projection |         4 |     0.137s |       1.3% |
| Fault: condensed linear solve      |         5 |      1.71s |        16% |
| Initialization                     |         1 |     0.175s |       1.7% |
| Particles: Advect                  |         6 |    0.0174s |      0.17% |
| Particles: Copy                    |         3 |   0.00296s |         0% |
| Particles: Generate                |         1 |    0.0026s |         0% |
| Particles: Initialization          |         1 |  0.000182s |         0% |
| Particles: Initialize properties   |         1 |    0.0162s |      0.16% |
| Particles: Interpolate             |         3 |    0.0418s |       0.4% |
| Particles: Sort                    |         6 |   0.00366s |         0% |
| Particles: Update properties       |         3 |   0.00754s |         0% |
| Postprocessing                     |         3 |      0.69s |       6.6% |
| Setup dof systems                  |         1 |     0.015s |      0.14% |
| Setup initial conditions           |         1 |      1.18s |        11% |
| Setup matrices                     |         1 |    0.0716s |      0.69% |
+------------------------------------+-----------+------------+------------+

-- Total wallclock time elapsed including restarts: 10s
-----------------------------------------------------------------------------
-- For information on how to cite ASPECT, see:
--   https://aspect.geodynamics.org/citing.html?ver=3.1.0-pre&NewtonSolver=1&particles=1&sha=1a3b57eda&src=code
-----------------------------------------------------------------------------
