-----------------------------------------------------------------------------
--                             This is ASPECT                              --
-- The Advanced Solver for Planetary Evolution, Convection, and Tectonics. --
-----------------------------------------------------------------------------
--     . version 3.1.0-pre (pf-rsf-refactor, 1a3b57eda)
--     . using deal.II 9.6.2 (dealii-9.6, 6890ca740b)
--     .       with 32 bit indices
--     .       with vectorization level 2 (AVX, 4 doubles, 256 bits)
--     . using Trilinos 14.2.0
--     . using p4est 2.8.7
--     . using Geodynamic World Builder 1.0.0
--     . running in OPTIMIZED mode
--     . running with 2 MPI processes
-----------------------------------------------------------------------------

Loading shared library </home/ein/repository/aspect-pf-rsf-refactor/benchmarks/reconstructed_fault/bp3_runtime/build/libbp3_restore_150x50.release.so>
Loading shared library </home/ein/repository/aspect-pf-rsf-refactor/benchmarks/reconstructed_fault/bp3_runtime/build/observer/libfrozen_birth_observer.release.so>

BP3 straight geometry v1 box -60000 0 150000 50000 anchors 28867.513459481292 0 0.59999999999999998 20000 15358.983848622454 0.59999999999999998 9000 34411.542731880108 0.59999999999999998 7500 37009.618943233421 0.59999999999999998 0 50000 0.59999999999999998 thrust -1 weakening 15000 width 3000 local 0
BP3 dip=60, length=57735, tangent=0.5 -0.866025, normal=0.866025 0.5
BP3 native LLS limiter: crack_driving_force components 0..0; boundary extrapolation disabled.
BP3 native LLS limiter: maxwell stress components 3..5; boundary extrapolation disabled.
-----------------------------------------------------------------------------
-- For information on how to cite ASPECT, see:
--   https://aspect.geodynamics.org/citing.html?ver=3.1.0-pre&NewtonSolver=1&particles=1&sha=1a3b57eda&src=code
-----------------------------------------------------------------------------
*** Resuming from snapshot /home/ein/repository/aspect-pf-rsf-refactor/benchmarks/reconstructed_fault/bp3_runtime/output-direct2/restart/02/

Number of active cells: 1,875 (on 1 levels)
Number of degrees of freedom: 65,560 (15,402+1,976+7,701+7,701+7,701+7,701+7,701+7,701+1,976)

*** Timestep 2:  t=150 seconds, dt=50 seconds
   Advecting particles...  done.
Automatic boundary contact: fault=0, contact=0, endpoint=0, boundary=2, position=28867.5 0, influence=6141.78, treatment=paired completion
Automatic boundary contact: fault=0, contact=1, endpoint=1, boundary=3, position=0 50000, influence=6141.78, treatment=paired completion
Cell I_h: rebuilt profiles=744, reused profiles=0, local intervals=23984, cell candidates=372380, FE samples=241488, remote requests=0, windows=5, geometry seconds=0.00733104, local interval bytes=1726848
Restored validated frozen normalization; cold relative difference=6.66134e-16
   Rebuilding Stokes preconditioner...
      Fault linear solve: iterations=21, fresh=6.985349e-08, target=1.060229e-07
      Relative nonlinear residuals (bulk, fault) after nonlinear iteration  0: 9.997157e-01, 3.659913e-09
      Reconstructed-fault line search accepted after 0 rejected candidates; alpha=1.
   Rebuilding Stokes preconditioner...
      Relative nonlinear residuals (bulk, fault) after nonlinear iteration  1: 6.586655e-10, 1.046563e-14
   Cohesive traction profile variation for fault 0: weighted RMS=0 Pa, maximum=0 Pa

   Postprocessing:
Work replay accepted observation: step=2, frozen weak stress discrepancy=1.55337e-08 Pa; inert H and geometry unchanged.
BP3 LONG RUN GRACEFUL STOP at accepted step 2, time=150 s.
BP3 PROFILE/ENDPOINT PASS: maximum primitive error=6.66134e-16
     BP3 accepted state            2
     Number of advected particles: 30124
     Writing reconstructed faults: reconstructed_faults/reconstructed_faults-00002.vtu
     Restored BP3 monitor          raw/filtered traction and endpoint growth recorded
     Coupled replenishment:        sampled
     Frozen newborn H:             verified before birth audit
     Writing graphical output:     /home/ein/repository/aspect-pf-rsf-refactor/benchmarks/reconstructed_fault/bp3_runtime/output-direct2/solution/solution-00002

Termination requested by criterion: BP3 long run complete
*** Snapshot /home/ein/repository/aspect-pf-rsf-refactor/benchmarks/reconstructed_fault/bp3_runtime/output-direct2/restart/03/ created!



+------------------------------------------------+------------+------------+
| Total wallclock time elapsed since start       |       3.4s |            |
|                                                |            |            |
| Section                            | no. calls |  wall time | % of total |
+------------------------------------+-----------+------------+------------+
| Assemble Stokes system Picard      |         2 |      0.13s |       3.8% |
| Assemble Stokes system rhs         |         3 |     0.157s |       4.6% |
| Build Stokes preconditioner        |         2 |     0.105s |       3.1% |
| Create snapshot                    |         1 |     0.165s |       4.9% |
| Fault: Cache build                 |         1 |    0.0226s |      0.67% |
| Fault: I_h                         |         1 |    0.0434s |       1.3% |
| Fault: Property preparation        |         1 |     0.045s |       1.3% |
| Fault: Stokes QP cache build       |         1 |   0.00207s |         0% |
| Fault: Surface-property projection |         1 |    0.0229s |      0.67% |
| Fault: condensed linear solve      |         1 |     0.536s |        16% |
| Initialization                     |         1 |     0.156s |       4.6% |
| Particles: Advect                  |         2 |   0.00466s |      0.14% |
| Particles: Copy                    |         1 |   0.00089s |         0% |
| Particles: Exchange ghosts         |         1 |  0.000309s |         0% |
| Particles: Initialization          |         1 |  0.000172s |         0% |
| Particles: Interpolate             |         1 |    0.0113s |      0.33% |
| Particles: Sort                    |         2 |   0.00183s |         0% |
| Particles: Update properties       |         1 |   0.00222s |         0% |
| Postprocessing                     |         1 |     0.169s |         5% |
| Setup dof systems                  |         1 |    0.0288s |      0.85% |
| Setup matrices                     |         1 |     0.185s |       5.5% |
+------------------------------------+-----------+------------+------------+

-- Total wallclock time elapsed including restarts: 11s
-----------------------------------------------------------------------------
-- For information on how to cite ASPECT, see:
--   https://aspect.geodynamics.org/citing.html?ver=3.1.0-pre&NewtonSolver=1&particles=1&sha=1a3b57eda&src=code
-----------------------------------------------------------------------------
