-----------------------------------------------------------------------------
--                             This is ASPECT                              --
-- The Advanced Solver for Planetary Evolution, Convection, and Tectonics. --
-----------------------------------------------------------------------------
--     . version 3.1.0-pre (pf-rsf-refactor, 1a3b57eda)
--     . using deal.II 9.6.2 (dealii-9.6, 6890ca740b)
--     .       with 32 bit indices
--     .       with vectorization level 2 (AVX, 4 doubles, 256 bits)
--     . using Trilinos 14.2.0
--     . using p4est 2.8.7
--     . using Geodynamic World Builder 1.0.0
--     . running in OPTIMIZED mode
--     . running with 2 MPI processes
-----------------------------------------------------------------------------

Loading shared library </home/ein/repository/aspect-pf-rsf-refactor/benchmarks/reconstructed_fault/bp3_runtime/build/libbp3_restore_150x50.release.so>
Loading shared library </home/ein/repository/aspect-pf-rsf-refactor/benchmarks/reconstructed_fault/bp3_runtime/build/observer/libfrozen_birth_observer.release.so>


-----------------------------------------------------------------------------
The output directory </home/ein/repository/aspect-pf-rsf-refactor/benchmarks/reconstructed_fault/bp3_runtime/output-small-60-mesh/> provided in the input file appears not to exist.
ASPECT will create it for you.
-----------------------------------------------------------------------------


BP3 straight geometry v1 box -1000 0 2000 1000 anchors -288.67513459481296 1000 0.59999999999999998 288.67513459481296 0 0.59999999999999998 thrust -1 weakening 15000 width 3000 local 1
BP3 dip=60, length=1154.7, tangent=0.5 -0.866025, normal=0.866025 0.5
BP3 native LLS limiter: crack_driving_force components 0..0; boundary extrapolation disabled.
BP3 native LLS limiter: maxwell stress components 3..5; boundary extrapolation disabled.
-----------------------------------------------------------------------------
-- For information on how to cite ASPECT, see:
--   https://aspect.geodynamics.org/citing.html?ver=3.1.0-pre&NewtonSolver=1&particles=1&sha=1a3b57eda&src=code
-----------------------------------------------------------------------------
Number of active cells: 32 (on 2 levels)
Number of degrees of freedom: 1,314 (306+45+153+153+153+153+153+153+45)

Number of active cells: 128 (on 3 levels)
Number of degrees of freedom: 4,794 (1,122+153+561+561+561+561+561+561+153)



----------------------------------------------------
Exception 'ExcMessage("BP3 particle audit: changed survivor H, missing migrated baseline, or invalid birth H (including the selected stationary initializer).")' on rank 0 on processing: 


----------------------------------------------------
Exception 'ExcMessage("BP3 particle audit: changed survivor H, missing migrated baseline, or invalid birth H (including the selected stationary initializer).")' on rank 1 on processing: 

--------------------------------------------------------
An error occurred in line <78> of file </home/ein/repository/aspect-pf-rsf-refactor/benchmarks/reconstructed_fault/bp3/plugin/particle_history.cc> in function
    void aspect::BP3Benchmark::{anonymous}::prepare_audit(aspect::Particle::Manager<dim>&) [with int dim = 2]
The violated condition was: 
    Utilities::MPI::min(static_cast<unsigned int>(valid), pm.get_mpi_communicator())
Additional information: 
    BP3 particle audit: changed survivor H, missing migrated baseline, or
    invalid birth H (including the selected stationary initializer).

Stacktrace:
-----------
#0  /home/ein/repository/aspect-pf-rsf-refactor/benchmarks/reconstructed_fault/bp3_runtime/build/libbp3_restore_150x50.release.so: 
#1  /home/ein/repository/aspect-pf-rsf-refactor/benchmarks/reconstructed_fault/bp3_runtime/build/libbp3_restore_150x50.release.so: boost::detail::function::void_function_obj_invoker1<aspect::BP3Benchmark::connect_particle_history_audit<2>(aspect::SimulatorAccess<2> const&)::{lambda(aspect::SimulatorAccess<2> const&)#1}, void, aspect::SimulatorAccess<2> const&>::invoke(boost::detail::function::function_buffer&, aspect::SimulatorAccess<2> const&)
#2  /home/ein/repository/aspect-pf-rsf-refactor/build-refactor-r6b/aspect-filter-derivative-qualified: boost::signals2::detail::signal_impl<void (aspect::SimulatorAccess<2> const&), boost::signals2::optional_last_value<void>, int, std::less<int>, boost::function<void (aspect::SimulatorAccess<2> const&)>, boost::function<void (boost::signals2::connection const&, aspect::SimulatorAccess<2> const&)>, boost::signals2::mutex>::operator()(aspect::SimulatorAccess<2> const&)
#3  /home/ein/repository/aspect-pf-rsf-refactor/build-refactor-r6b/aspect-filter-derivative-qualified: aspect::Simulator<2>::run()
#4  /home/ein/repository/aspect-pf-rsf-refactor/build-refactor-r6b/aspect-filter-derivative-qualified: ) [0x1e4fa4c]
#5  /home/ein/repository/aspect-pf-rsf-refactor/build-refactor-r6b/aspect-filter-derivative-qualified: main
--------------------------------------------------------

Aborting!
----------------------------------------------------

--------------------------------------------------------
An error occurred in line <78> of file </home/ein/repository/aspect-pf-rsf-refactor/benchmarks/reconstructed_fault/bp3/plugin/particle_history.cc> in function
    void aspect::BP3Benchmark::{anonymous}::prepare_audit(aspect::Particle::Manager<dim>&) [with int dim = 2]
The violated condition was: 
    Utilities::MPI::min(static_cast<unsigned int>(valid), pm.get_mpi_communicator())
Additional information: 
    BP3 particle audit: changed survivor H, missing migrated baseline, or
    invalid birth H (including the selected stationary initializer).

Stacktrace:
-----------
#0  /home/ein/repository/aspect-pf-rsf-refactor/benchmarks/reconstructed_fault/bp3_runtime/build/libbp3_restore_150x50.release.so: 
#1  /home/ein/repository/aspect-pf-rsf-refactor/benchmarks/reconstructed_fault/bp3_runtime/build/libbp3_restore_150x50.release.so: boost::detail::function::void_function_obj_invoker1<aspect::BP3Benchmark::connect_particle_history_audit<2>(aspect::SimulatorAccess<2> const&)::{lambda(aspect::SimulatorAccess<2> const&)#1}, void, aspect::SimulatorAccess<2> const&>::invoke(boost::detail::function::function_buffer&, aspect::SimulatorAccess<2> const&)
#2  /home/ein/repository/aspect-pf-rsf-refactor/build-refactor-r6b/aspect-filter-derivative-qualified: boost::signals2::detail::signal_impl<void (aspect::SimulatorAccess<2> const&), boost::signals2::optional_last_value<void>, int, std::less<int>, boost::function<void (aspect::SimulatorAccess<2> const&)>, boost::function<void (boost::signals2::connection const&, aspect::SimulatorAccess<2> const&)>, boost::signals2::mutex>::operator()(aspect::SimulatorAccess<2> const&)
#3  /home/ein/repository/aspect-pf-rsf-refactor/build-refactor-r6b/aspect-filter-derivative-qualified: aspect::Simulator<2>::run()
#4  /home/ein/repository/aspect-pf-rsf-refactor/build-refactor-r6b/aspect-filter-derivative-qualified: ) [0x1e4fa4c]
#5  /home/ein/repository/aspect-pf-rsf-refactor/build-refactor-r6b/aspect-filter-derivative-qualified: main
--------------------------------------------------------

Aborting!
----------------------------------------------------
--------------------------------------------------------------------------
MPI_ABORT was invoked on rank 1 in communicator MPI_COMM_WORLD
  Proc: [[38307,1],1]
  Errorcode: 1

NOTE: invoking MPI_ABORT causes Open MPI to kill all MPI processes.
You may or may not see output from other processes, depending on
exactly when Open MPI kills them.
--------------------------------------------------------------------------
--------------------------------------------------------------------------
prterun has exited due to process rank 0 with PID 0 on node BEBOP calling
"abort". This may have caused other processes in the application to be
terminated by signals sent by prterun (as reported here).
--------------------------------------------------------------------------
 