{
  "production": {
    "maximum_node": 1,
    "max_delta_V": 7.070475385102417e-18,
    "predicted_delta_V_at_max": -7.070474856849354e-18,
    "prediction_max_absolute_error": 3.408617377588502e-23,
    "K_difference_max": 5.873254499195427e-05,
    "common_initial": {
      "V": 0.0,
      "Theta": 0.0,
      "R": 4.823505878448486e-05,
      "shear": 0.00018310546875,
      "p": 0.0,
      "dev": 7.704001140517265e-09,
      "bg": 0.0003204345703125,
      "z": 8.940696716308594e-08,
      "M": {
        "max_abs": 6.139089236967266e-12,
        "relative": 4.545669331182465e-15
      },
      "K": {
        "max_abs": 5.873254499195427e-05,
        "relative": 0.05325191700373119
      },
      "Mmu": {
        "max_abs": 3.410605131648481e-12,
        "relative": 4.75657389120938e-15
      },
      "constraints.txt_identical": true,
      "dofs.csv_identical": true,
      "iterate_0.csv_identical": true,
      "rhs_0.csv": {
        "max_abs": 1.555308699607849e-07,
        "relative": 6.545383335447131e-16
      },
      "A.csv": {
        "max_abs": 0.0,
        "relative": 0.0,
        "nonzero_counts": [
          574260,
          574260
        ],
        "blocks": {
          "(0, 0)": {
            "max_abs": 0.0
          },
          "(0, 1)": {
            "max_abs": 0.0
          },
          "(1, 0)": {
            "max_abs": 0.0
          },
          "(1, 1)": {
            "max_abs": 0.0
          }
        }
      },
      "B.csv": {
        "max_abs": 262.0,
        "relative": 7.890322780052882e-15,
        "nonzero_counts": [
          9295,
          9296
        ]
      },
      "KV.csv": {
        "max_abs": 6400.0,
        "relative": 3.730503942897086e-15,
        "nonzero_counts": [
          1369,
          1369
        ]
      },
      "G_probes.csv": {
        "max_abs": 493.7715599536896,
        "relative": 2.7956327632653232e-06,
        "nonzero_counts": [
          333,
          333
        ],
        "probes": {
          "0": {
            "max_abs": 461.49156402796507,
            "scale": 59356381.51518252
          },
          "1": {
            "max_abs": 493.771559856832,
            "scale": 59548519.821791284
          },
          "2": {
            "max_abs": 1.862645149230957e-08,
            "scale": 2688420.8241357333
          },
          "3": {
            "max_abs": 461.491564065218,
            "scale": 171164339.38957796
          },
          "4": {
            "max_abs": 493.7715599536896,
            "scale": 176622468.6024069
          },
          "5": {
            "max_abs": 2.60770320892334e-08,
            "scale": 7752099.781886519
          },
          "6": {
            "max_abs": 2.7284841053187847e-12,
            "scale": 1048.9148547910077
          },
          "7": {
            "max_abs": 0.0006924040376361518,
            "scale": 951.8286422346578
          },
          "8": {
            "max_abs": 0.0006924040378635254,
            "scale": 948.1107504433327
          }
        }
      }
    }
  },
  "tight": {
    "maximum_node": 1,
    "max_delta_V": 7.070498752954721e-18,
    "predicted_delta_V_at_max": -7.070497311319243e-18,
    "prediction_max_absolute_error": 3.376671341389253e-23,
    "K_difference_max": 5.873254499195427e-05,
    "common_initial": {
      "V": 0.0,
      "Theta": 0.0,
      "R": 4.823505878448486e-05,
      "shear": 0.00018310546875,
      "p": 0.0,
      "dev": 7.704001140517265e-09,
      "bg": 0.0003204345703125,
      "z": 8.940696716308594e-08,
      "M": {
        "max_abs": 6.139089236967266e-12,
        "relative": 4.545669331182465e-15
      },
      "K": {
        "max_abs": 5.873254499195427e-05,
        "relative": 0.05325191700373119
      },
      "Mmu": {
        "max_abs": 3.410605131648481e-12,
        "relative": 4.75657389120938e-15
      },
      "constraints.txt_identical": true,
      "dofs.csv_identical": true,
      "iterate_0.csv_identical": true,
      "rhs_0.csv": {
        "max_abs": 1.555308699607849e-07,
        "relative": 6.545383335447131e-16
      },
      "A.csv": {
        "max_abs": 0.0,
        "relative": 0.0,
        "nonzero_counts": [
          574260,
          574260
        ],
        "blocks": {
          "(0, 0)": {
            "max_abs": 0.0
          },
          "(0, 1)": {
            "max_abs": 0.0
          },
          "(1, 0)": {
            "max_abs": 0.0
          },
          "(1, 1)": {
            "max_abs": 0.0
          }
        }
      },
      "B.csv": {
        "max_abs": 262.0,
        "relative": 7.890322780052882e-15,
        "nonzero_counts": [
          9295,
          9296
        ]
      },
      "KV.csv": {
        "max_abs": 6400.0,
        "relative": 3.730503942897086e-15,
        "nonzero_counts": [
          1369,
          1369
        ]
      },
      "G_probes.csv": {
        "max_abs": 493.7715599536896,
        "relative": 2.7956327632653232e-06,
        "nonzero_counts": [
          333,
          333
        ],
        "probes": {
          "0": {
            "max_abs": 461.49156402796507,
            "scale": 59356381.51518252
          },
          "1": {
            "max_abs": 493.771559856832,
            "scale": 59548519.821791284
          },
          "2": {
            "max_abs": 1.862645149230957e-08,
            "scale": 2688420.8241357333
          },
          "3": {
            "max_abs": 461.491564065218,
            "scale": 171164339.38957796
          },
          "4": {
            "max_abs": 493.7715599536896,
            "scale": 176622468.6024069
          },
          "5": {
            "max_abs": 2.60770320892334e-08,
            "scale": 7752099.781886519
          },
          "6": {
            "max_abs": 2.7284841053187847e-12,
            "scale": 1048.9148547910077
          },
          "7": {
            "max_abs": 0.0006924040376361518,
            "scale": 951.8286422346578
          },
          "8": {
            "max_abs": 0.0006924040378635254,
            "scale": 948.1107504433327
          }
        }
      }
    }
  }
}
